Archive member included to satisfy reference by file (symbol)

C:/ST/STM32CubeIDE_1.16.1/STM32CubeIDE/plugins/com.st.stm32cube.ide.mcu.externaltools.gnu-tools-for-stm32.13.3.rel1.win32_1.0.0.202411081344/tools/bin/../lib/gcc/arm-none-eabi/13.3.1/../../../../arm-none-eabi/lib/thumb/v7e-m+fp/hard\libc_nano.a(libc_a-exit.o)
                              C:/ST/STM32CubeIDE_1.16.1/STM32CubeIDE/plugins/com.st.stm32cube.ide.mcu.externaltools.gnu-tools-for-stm32.13.3.rel1.win32_1.0.0.202411081344/tools/bin/../lib/gcc/arm-none-eabi/13.3.1/../../../../arm-none-eabi/lib/thumb/v7e-m+fp/hard/crt0.o (exit)
C:/ST/STM32CubeIDE_1.16.1/STM32CubeIDE/plugins/com.st.stm32cube.ide.mcu.externaltools.gnu-tools-for-stm32.13.3.rel1.win32_1.0.0.202411081344/tools/bin/../lib/gcc/arm-none-eabi/13.3.1/../../../../arm-none-eabi/lib/thumb/v7e-m+fp/hard\libc_nano.a(libc_a-findfp.o)
                              C:/ST/STM32CubeIDE_1.16.1/STM32CubeIDE/plugins/com.st.stm32cube.ide.mcu.externaltools.gnu-tools-for-stm32.13.3.rel1.win32_1.0.0.202411081344/tools/bin/../lib/gcc/arm-none-eabi/13.3.1/../../../../arm-none-eabi/lib/thumb/v7e-m+fp/hard\libc_nano.a(libc_a-exit.o) (__stdio_exit_handler)
C:/ST/STM32CubeIDE_1.16.1/STM32CubeIDE/plugins/com.st.stm32cube.ide.mcu.externaltools.gnu-tools-for-stm32.13.3.rel1.win32_1.0.0.202411081344/tools/bin/../lib/gcc/arm-none-eabi/13.3.1/../../../../arm-none-eabi/lib/thumb/v7e-m+fp/hard\libc_nano.a(libc_a-fwalk.o)
                              C:/ST/STM32CubeIDE_1.16.1/STM32CubeIDE/plugins/com.st.stm32cube.ide.mcu.externaltools.gnu-tools-for-stm32.13.3.rel1.win32_1.0.0.202411081344/tools/bin/../lib/gcc/arm-none-eabi/13.3.1/../../../../arm-none-eabi/lib/thumb/v7e-m+fp/hard\libc_nano.a(libc_a-findfp.o) (_fwalk_sglue)
C:/ST/STM32CubeIDE_1.16.1/STM32CubeIDE/plugins/com.st.stm32cube.ide.mcu.externaltools.gnu-tools-for-stm32.13.3.rel1.win32_1.0.0.202411081344/tools/bin/../lib/gcc/arm-none-eabi/13.3.1/../../../../arm-none-eabi/lib/thumb/v7e-m+fp/hard\libc_nano.a(libc_a-stdio.o)
                              C:/ST/STM32CubeIDE_1.16.1/STM32CubeIDE/plugins/com.st.stm32cube.ide.mcu.externaltools.gnu-tools-for-stm32.13.3.rel1.win32_1.0.0.202411081344/tools/bin/../lib/gcc/arm-none-eabi/13.3.1/../../../../arm-none-eabi/lib/thumb/v7e-m+fp/hard\libc_nano.a(libc_a-findfp.o) (__sread)
C:/ST/STM32CubeIDE_1.16.1/STM32CubeIDE/plugins/com.st.stm32cube.ide.mcu.externaltools.gnu-tools-for-stm32.13.3.rel1.win32_1.0.0.202411081344/tools/bin/../lib/gcc/arm-none-eabi/13.3.1/../../../../arm-none-eabi/lib/thumb/v7e-m+fp/hard\libc_nano.a(libc_a-memset.o)
                              C:/ST/STM32CubeIDE_1.16.1/STM32CubeIDE/plugins/com.st.stm32cube.ide.mcu.externaltools.gnu-tools-for-stm32.13.3.rel1.win32_1.0.0.202411081344/tools/bin/../lib/gcc/arm-none-eabi/13.3.1/../../../../arm-none-eabi/lib/thumb/v7e-m+fp/hard/crt0.o (memset)
C:/ST/STM32CubeIDE_1.16.1/STM32CubeIDE/plugins/com.st.stm32cube.ide.mcu.externaltools.gnu-tools-for-stm32.13.3.rel1.win32_1.0.0.202411081344/tools/bin/../lib/gcc/arm-none-eabi/13.3.1/../../../../arm-none-eabi/lib/thumb/v7e-m+fp/hard\libc_nano.a(libc_a-closer.o)
                              C:/ST/STM32CubeIDE_1.16.1/STM32CubeIDE/plugins/com.st.stm32cube.ide.mcu.externaltools.gnu-tools-for-stm32.13.3.rel1.win32_1.0.0.202411081344/tools/bin/../lib/gcc/arm-none-eabi/13.3.1/../../../../arm-none-eabi/lib/thumb/v7e-m+fp/hard\libc_nano.a(libc_a-stdio.o) (_close_r)
C:/ST/STM32CubeIDE_1.16.1/STM32CubeIDE/plugins/com.st.stm32cube.ide.mcu.externaltools.gnu-tools-for-stm32.13.3.rel1.win32_1.0.0.202411081344/tools/bin/../lib/gcc/arm-none-eabi/13.3.1/../../../../arm-none-eabi/lib/thumb/v7e-m+fp/hard\libc_nano.a(libc_a-reent.o)
                              C:/ST/STM32CubeIDE_1.16.1/STM32CubeIDE/plugins/com.st.stm32cube.ide.mcu.externaltools.gnu-tools-for-stm32.13.3.rel1.win32_1.0.0.202411081344/tools/bin/../lib/gcc/arm-none-eabi/13.3.1/../../../../arm-none-eabi/lib/thumb/v7e-m+fp/hard\libc_nano.a(libc_a-closer.o) (errno)
C:/ST/STM32CubeIDE_1.16.1/STM32CubeIDE/plugins/com.st.stm32cube.ide.mcu.externaltools.gnu-tools-for-stm32.13.3.rel1.win32_1.0.0.202411081344/tools/bin/../lib/gcc/arm-none-eabi/13.3.1/../../../../arm-none-eabi/lib/thumb/v7e-m+fp/hard\libc_nano.a(libc_a-impure.o)
                              C:/ST/STM32CubeIDE_1.16.1/STM32CubeIDE/plugins/com.st.stm32cube.ide.mcu.externaltools.gnu-tools-for-stm32.13.3.rel1.win32_1.0.0.202411081344/tools/bin/../lib/gcc/arm-none-eabi/13.3.1/../../../../arm-none-eabi/lib/thumb/v7e-m+fp/hard\libc_nano.a(libc_a-reent.o) (_impure_ptr)
C:/ST/STM32CubeIDE_1.16.1/STM32CubeIDE/plugins/com.st.stm32cube.ide.mcu.externaltools.gnu-tools-for-stm32.13.3.rel1.win32_1.0.0.202411081344/tools/bin/../lib/gcc/arm-none-eabi/13.3.1/../../../../arm-none-eabi/lib/thumb/v7e-m+fp/hard\libc_nano.a(libc_a-lseekr.o)
[...]
Memory Configuration

Name             Origin             Length             Attributes
RAM              0x20000000         0x00008000         xrw
FLASH            0x08000000         0x00020000         xr
*default*        0x00000000         0xffffffff

Linker script and memory map

LOAD C:/ST/STM32CubeIDE_1.16.1/STM32CubeIDE/plugins/com.st.stm32cube.ide.mcu.externaltools.gnu-tools-for-stm32.13.3.rel1.win32_1.0.0.202411081344/tools/bin/../lib/gcc/arm-none-eabi/13.3.1/thumb/v7e-m+fp/hard/crti.o
LOAD C:/ST/STM32CubeIDE_1.16.1/STM32CubeIDE/plugins/com.st.stm32cube.ide.mcu.externaltools.gnu-tools-for-stm32.13.3.rel1.win32_1.0.0.202411081344/tools/bin/../lib/gcc/arm-none-eabi/13.3.1/thumb/v7e-m+fp/hard/crtbegin.o
LOAD C:/ST/STM32CubeIDE_1.16.1/STM32CubeIDE/plugins/com.st.stm32cube.ide.mcu.externaltools.gnu-tools-for-stm32.13.3.rel1.win32_1.0.0.202411081344/tools/bin/../lib/gcc/arm-none-eabi/13.3.1/../../../../arm-none-eabi/lib/thumb/v7e-m+fp/hard/crt0.o
LOAD ./Core/Src/i2c_slave.o
LOAD ./Core/Src/main.o
LOAD ./Core/Src/pwm_slave_gen.o
LOAD ./Core/Src/stm32g4xx_hal_msp.o
LOAD ./Core/Src/stm32g4xx_it.o
LOAD ./Core/Src/syscalls.o
LOAD ./Core/Src/sysmem.o
LOAD ./Core/Src/system_stm32g4xx.o
LOAD ./Core/Startup/startup_stm32g431kbtx.o
LOAD ./Drivers/STM32G4xx_HAL_Driver/Src/stm32g4xx_hal.o
LOAD ./Drivers/STM32G4xx_HAL_Driver/Src/stm32g4xx_hal_cortex.o
LOAD ./Drivers/STM32G4xx_HAL_Driver/Src/stm32g4xx_hal_dma.o
LOAD ./Drivers/STM32G4xx_HAL_Driver/Src/stm32g4xx_hal_dma_ex.o
LOAD ./Drivers/STM32G4xx_HAL_Driver/Src/stm32g4xx_hal_exti.o
LOAD ./Drivers/STM32G4xx_HAL_Driver/Src/stm32g4xx_hal_flash.o
LOAD ./Drivers/STM32G4xx_HAL_Driver/Src/stm32g4xx_hal_flash_ex.o
LOAD ./Drivers/STM32G4xx_HAL_Driver/Src/stm32g4xx_hal_flash_ramfunc.o
LOAD ./Drivers/STM32G4xx_HAL_Driver/Src/stm32g4xx_hal_gpio.o
LOAD ./Drivers/STM32G4xx_HAL_Driver/Src/stm32g4xx_hal_i2c.o
LOAD ./Drivers/STM32G4xx_HAL_Driver/Src/stm32g4xx_hal_i2c_ex.o
LOAD ./Drivers/STM32G4xx_HAL_Driver/Src/stm32g4xx_hal_pcd.o
LOAD ./Drivers/STM32G4xx_HAL_Driver/Src/stm32g4xx_hal_pcd_ex.o
LOAD ./Drivers/STM32G4xx_HAL_Driver/Src/stm32g4xx_hal_pwr.o
LOAD ./Drivers/STM32G4xx_HAL_Driver/Src/stm32g4xx_hal_pwr_ex.o
LOAD ./Drivers/STM32G4xx_HAL_Driver/Src/stm32g4xx_hal_rcc.o
LOAD ./Drivers/STM32G4xx_HAL_Driver/Src/stm32g4xx_hal_rcc_ex.o
LOAD ./Drivers/STM32G4xx_HAL_Driver/Src/stm32g4xx_hal_tim.o
LOAD ./Drivers/STM32G4xx_HAL_Driver/Src/stm32g4xx_hal_tim_ex.o
LOAD ./Drivers/STM32G4xx_HAL_Driver/Src/stm32g4xx_ll_usb.o
LOAD ./Middlewares/ST/STM32_USB_Device_Library/Class/DFU/Src/usbd_dfu.o
LOAD ./Middlewares/ST/STM32_USB_Device_Library/Core/Src/usbd_core.o
LOAD ./Middlewares/ST/STM32_USB_Device_Library/Core/Src/usbd_ctlreq.o
LOAD ./Middlewares/ST/STM32_USB_Device_Library/Core/Src/usbd_ioreq.o
LOAD ./USB_Device/App/usb_device.o
LOAD ./USB_Device/App/usbd_desc.o
LOAD ./USB_Device/App/usbd_dfu_flash.o
LOAD ./USB_Device/Target/usbd_conf.o
START GROUP
LOAD C:/ST/STM32CubeIDE_1.16.1/STM32CubeIDE/plugins/com.st.stm32cube.ide.mcu.externaltools.gnu-tools-for-stm32.13.3.rel1.win32_1.0.0.202411081344/tools/bin/../lib/gcc/arm-none-eabi/13.3.1/../../../../arm-none-eabi/lib/thumb/v7e-m+fp/hard\libc_nano.a
LOAD C:/ST/STM32CubeIDE_1.16.1/STM32CubeIDE/plugins/com.st.stm32cube.ide.mcu.externaltools.gnu-tools-for-stm32.13.3.rel1.win32_1.0.0.202411081344/tools/bin/../lib/gcc/arm-none-eabi/13.3.1/../../../../arm-none-eabi/lib/thumb/v7e-m+fp/hard\libm.a
END GROUP
START GROUP
LOAD C:/ST/STM32CubeIDE_1.16.1/STM32CubeIDE/plugins/com.st.stm32cube.ide.mcu.externaltools.gnu-tools-for-stm32.13.3.rel1.win32_1.0.0.202411081344/tools/bin/../lib/gcc/arm-none-eabi/13.3.1/thumb/v7e-m+fp/hard\libgcc.a
LOAD C:/ST/STM32CubeIDE_1.16.1/STM32CubeIDE/plugins/com.st.stm32cube.ide.mcu.externaltools.gnu-tools-for-stm32.13.3.rel1.win32_1.0.0.202411081344/tools/bin/../lib/gcc/arm-none-eabi/13.3.1/../../../../arm-none-eabi/lib/thumb/v7e-m+fp/hard\libc_nano.a
END GROUP
START GROUP
LOAD C:/ST/STM32CubeIDE_1.16.1/STM32CubeIDE/plugins/com.st.stm32cube.ide.mcu.externaltools.gnu-tools-for-stm32.13.3.rel1.win32_1.0.0.202411081344/tools/bin/../lib/gcc/arm-none-eabi/13.3.1/thumb/v7e-m+fp/hard\libgcc.a
LOAD C:/ST/STM32CubeIDE_1.16.1/STM32CubeIDE/plugins/com.st.stm32cube.ide.mcu.externaltools.gnu-tools-for-stm32.13.3.rel1.win32_1.0.0.202411081344/tools/bin/../lib/gcc/arm-none-eabi/13.3.1/../../../../arm-none-eabi/lib/thumb/v7e-m+fp/hard\libc_nano.a
LOAD C:/ST/STM32CubeIDE_1.16.1/STM32CubeIDE/plugins/com.st.stm32cube.ide.mcu.externaltools.gnu-tools-for-stm32.13.3.rel1.win32_1.0.0.202411081344/tools/bin/../lib/gcc/arm-none-eabi/13.3.1/../../../../arm-none-eabi/lib/thumb/v7e-m+fp/hard\libnosys.a
END GROUP
START GROUP
LOAD C:/ST/STM32CubeIDE_1.16.1/STM32CubeIDE/plugins/com.st.stm32cube.ide.mcu.externaltools.gnu-tools-for-stm32.13.3.rel1.win32_1.0.0.202411081344/tools/bin/../lib/gcc/arm-none-eabi/13.3.1/thumb/v7e-m+fp/hard\libgcc.a
LOAD C:/ST/STM32CubeIDE_1.16.1/STM32CubeIDE/plugins/com.st.stm32cube.ide.mcu.externaltools.gnu-tools-for-stm32.13.3.rel1.win32_1.0.0.202411081344/tools/bin/../lib/gcc/arm-none-eabi/13.3.1/../../../../arm-none-eabi/lib/thumb/v7e-m+fp/hard\libc_nano.a
LOAD C:/ST/STM32CubeIDE_1.16.1/STM32CubeIDE/plugins/com.st.stm32cube.ide.mcu.externaltools.gnu-tools-for-stm32.13.3.rel1.win32_1.0.0.202411081344/tools/bin/../lib/gcc/arm-none-eabi/13.3.1/../../../../arm-none-eabi/lib/thumb/v7e-m+fp/hard\libnosys.a
END GROUP
LOAD C:/ST/STM32CubeIDE_1.16.1/STM32CubeIDE/plugins/com.st.stm32cube.ide.mcu.externaltools.gnu-tools-for-stm32.13.3.rel1.win32_1.0.0.202411081344/tools/bin/../lib/gcc/arm-none-eabi/13.3.1/thumb/v7e-m+fp/hard/crtend.o
LOAD C:/ST/STM32CubeIDE_1.16.1/STM32CubeIDE/plugins/com.st.stm32cube.ide.mcu.externaltools.gnu-tools-for-stm32.13.3.rel1.win32_1.0.0.202411081344/tools/bin/../lib/gcc/arm-none-eabi/13.3.1/thumb/v7e-m+fp/hard/crtn.o
                0x20008000                        _estack = (ORIGIN (RAM) + LENGTH (RAM))
                0x00000200                        _Min_Heap_Size = 0x200
                0x00000400                        _Min_Stack_Size = 0x400

.isr_vector     0x08000000      0x1d8
                0x08000000                        . = ALIGN (0x4)
 *(.isr_vector)
 .isr_vector    0x08000000      0x1d8 ./Core/Startup/startup_stm32g431kbtx.o
                0x08000000                g_pfnVectors
                0x080001d8                        . = ALIGN (0x4)

.text           0x080001d8     0xa528
                0x080001d8                        . = ALIGN (0x4)
 *(.text)
 .text          0x080001d8       0x40 C:/ST/STM32CubeIDE_1.16.1/STM32CubeIDE/plugins/com.st.stm32cube.ide.mcu.externaltools.gnu-tools-for-stm32.13.3.rel1.win32_1.0.0.202411081344/tools/bin/../lib/gcc/arm-none-eabi/13.3.1/thumb/v7e-m+fp/hard/crtbegin.o
 *(.text*)
 .text.i2c_listen
                0x08000218       0x16 ./Core/Src/i2c_slave.o
 *fill*         0x0800022e        0x2 
 .text.HAL_I2C_AddrCallback
                0x08000230       0x48 ./Core/Src/i2c_slave.o
                0x08000230                HAL_I2C_AddrCallback
 .text.HAL_I2C_SlaveRxCpltCallback
                0x08000278       0x20 ./Core/Src/i2c_slave.o
                0x08000278                HAL_I2C_SlaveRxCpltCallback
 .text.HAL_I2C_SlaveTxCpltCallback
                0x08000298       0x16 ./Core/Src/i2c_slave.o
                0x08000298                HAL_I2C_SlaveTxCpltCallback
 .text.HAL_I2C_ListenCpltCallback
                0x080002ae       0x16 ./Core/Src/i2c_slave.o
                0x080002ae                HAL_I2C_ListenCpltCallback
 .text.HAL_I2C_ErrorCallback
                0x080002c4       0x1c ./Core/Src/i2c_slave.o
                0x080002c4                HAL_I2C_ErrorCallback
 .text.main     0x080002e0       0x44 ./Core/Src/main.o
                0x080002e0                main
 .text.SystemClock_Config
                0x08000324       0x98 ./Core/Src/main.o
                0x08000324                SystemClock_Config
 .text.MX_I2C2_Init
                0x080003bc       0x80 ./Core/Src/main.o
 .text.MX_TIM2_Init
                0x0800043c      0x104 ./Core/Src/main.o
 .text.MX_GPIO_Init
                0x08000540       0x94 ./Core/Src/main.o
 .text.Error_Handler
                0x080005d4        0xc ./Core/Src/main.o
                0x080005d4                Error_Handler
 .text.HAL_MspInit
                0x080005e0       0x48 ./Core/Src/stm32g4xx_hal_msp.o
                0x080005e0                HAL_MspInit
 .text.HAL_I2C_MspInit
                0x08000628       0xd0 ./Core/Src/stm32g4xx_hal_msp.o
                0x08000628                HAL_I2C_MspInit
 .text.HAL_TIM_Base_MspInit
                0x080006f8       0x3c ./Core/Src/stm32g4xx_hal_msp.o
                0x080006f8                HAL_TIM_Base_MspInit
 .text.HAL_TIM_MspPostInit
                0x08000734       0x68 ./Core/Src/stm32g4xx_hal_msp.o
                0x08000734                HAL_TIM_MspPostInit
 .text.NMI_Handler
                0x0800079c        0x8 ./Core/Src/stm32g4xx_it.o
                0x0800079c                NMI_Handler
 .text.HardFault_Handler
                0x080007a4        0x8 ./Core/Src/stm32g4xx_it.o
                0x080007a4                HardFault_Handler
 .text.MemManage_Handler
                0x080007ac        0x8 ./Core/Src/stm32g4xx_it.o
                0x080007ac                MemManage_Handler
 .text.BusFault_Handler
                0x080007b4        0x8 ./Core/Src/stm32g4xx_it.o
                0x080007b4                BusFault_Handler
 .text.UsageFault_Handler
                0x080007bc        0x8 ./Core/Src/stm32g4xx_it.o
                0x080007bc                UsageFault_Handler
 .text.SVC_Handler
                0x080007c4        0xe ./Core/Src/stm32g4xx_it.o
                0x080007c4                SVC_Handler
 .text.DebugMon_Handler
                0x080007d2        0xe ./Core/Src/stm32g4xx_it.o
                0x080007d2                DebugMon_Handler
 .text.PendSV_Handler
                0x080007e0        0xe ./Core/Src/stm32g4xx_it.o
                0x080007e0                PendSV_Handler
 .text.SysTick_Handler
                0x080007ee        0xc ./Core/Src/stm32g4xx_it.o
                0x080007ee                SysTick_Handler
 *fill*         0x080007fa        0x2 
 .text.USB_LP_IRQHandler
                0x080007fc       0x14 ./Core/Src/stm32g4xx_it.o
                0x080007fc                USB_LP_IRQHandler
 .text.I2C2_EV_IRQHandler
                0x08000810       0x14 ./Core/Src/stm32g4xx_it.o
                0x08000810                I2C2_EV_IRQHandler
 .text.I2C2_ER_IRQHandler
                0x08000824       0x14 ./Core/Src/stm32g4xx_it.o
                0x08000824                I2C2_ER_IRQHandler
 .text.SystemInit
                0x08000838       0x24 ./Core/Src/system_stm32g4xx.o
                0x08000838                SystemInit
 .text.Reset_Handler
                0x0800085c       0x50 ./Core/Startup/startup_stm32g431kbtx.o
                0x0800085c                Reset_Handler
 .text.Default_Handler
                0x080008ac        0x2 ./Core/Startup/startup_stm32g431kbtx.o
                0x080008ac                RTC_Alarm_IRQHandler
                0x080008ac                EXTI2_IRQHandler
                0x080008ac                TIM8_TRG_COM_IRQHandler
                0x080008ac                TIM8_CC_IRQHandler
                0x080008ac                TIM1_CC_IRQHandler
                0x080008ac                USB_HP_IRQHandler
                0x080008ac                CORDIC_IRQHandler
                0x080008ac                EXTI3_IRQHandler
                0x080008ac                I2C3_ER_IRQHandler
                0x080008ac                EXTI0_IRQHandler
                0x080008ac                FPU_IRQHandler
                0x080008ac                FDCAN1_IT1_IRQHandler
                0x080008ac                TIM1_UP_TIM16_IRQHandler
                0x080008ac                ADC1_2_IRQHandler
                0x080008ac                SPI1_IRQHandler
                0x080008ac                TIM6_DAC_IRQHandler
                0x080008ac                TIM8_UP_IRQHandler
                0x080008ac                DMA2_Channel2_IRQHandler
                0x080008ac                DMA1_Channel4_IRQHandler
                0x080008ac                USART3_IRQHandler
                0x080008ac                TIM4_IRQHandler
                0x080008ac                DMA2_Channel1_IRQHandler
                0x080008ac                I2C1_EV_IRQHandler
                0x080008ac                DMA1_Channel6_IRQHandler
                0x080008ac                UART4_IRQHandler
                0x080008ac                DMA2_Channel4_IRQHandler
                0x080008ac                TIM3_IRQHandler
                0x080008ac                RCC_IRQHandler
                0x080008ac                DMA1_Channel1_IRQHandler
                0x080008ac                Default_Handler
                0x080008ac                RTC_TAMP_LSECSS_IRQHandler
                0x080008ac                FMAC_IRQHandler
                0x080008ac                EXTI15_10_IRQHandler
                0x080008ac                TIM7_IRQHandler
                0x080008ac                UCPD1_IRQHandler
                0x080008ac                I2C3_EV_IRQHandler
                0x080008ac                EXTI9_5_IRQHandler
                0x080008ac                RTC_WKUP_IRQHandler
                0x080008ac                PVD_PVM_IRQHandler
                0x080008ac                SPI2_IRQHandler
                0x080008ac                DMA2_Channel5_IRQHandler
                0x080008ac                CRS_IRQHandler
                0x080008ac                DMA1_Channel5_IRQHandler
                0x080008ac                EXTI4_IRQHandler
                0x080008ac                RNG_IRQHandler
                0x080008ac                TIM1_TRG_COM_TIM17_IRQHandler
                0x080008ac                DMA1_Channel3_IRQHandler
                0x080008ac                WWDG_IRQHandler
                0x080008ac                LPUART1_IRQHandler
                0x080008ac                DMA2_Channel6_IRQHandler
                0x080008ac                FDCAN1_IT0_IRQHandler
                0x080008ac                TIM2_IRQHandler
                0x080008ac                COMP1_2_3_IRQHandler
                0x080008ac                EXTI1_IRQHandler
                0x080008ac                USART2_IRQHandler
                0x080008ac                DMA1_Channel2_IRQHandler
                0x080008ac                TIM8_BRK_IRQHandler
                0x080008ac                FLASH_IRQHandler
                0x080008ac                USART1_IRQHandler
                0x080008ac                SPI3_IRQHandler
                0x080008ac                I2C1_ER_IRQHandler
                0x080008ac                LPTIM1_IRQHandler
                0x080008ac                DMAMUX_OVR_IRQHandler
                0x080008ac                USBWakeUp_IRQHandler
                0x080008ac                SAI1_IRQHandler
                0x080008ac                DMA2_Channel3_IRQHandler
                0x080008ac                COMP4_IRQHandler
                0x080008ac                TIM1_BRK_TIM15_IRQHandler
 .text.HAL_Init
                0x080008ae       0x30 ./Drivers/STM32G4xx_HAL_Driver/Src/stm32g4xx_hal.o
                0x080008ae                HAL_Init
 *fill*         0x080008de        0x2 
 .text.HAL_InitTick
                0x080008e0       0x74 ./Drivers/STM32G4xx_HAL_Driver/Src/stm32g4xx_hal.o
                0x080008e0                HAL_InitTick
 .text.HAL_IncTick
                0x08000954       0x24 ./Drivers/STM32G4xx_HAL_Driver/Src/stm32g4xx_hal.o
                0x08000954                HAL_IncTick
 .text.HAL_GetTick
                0x08000978       0x18 ./Drivers/STM32G4xx_HAL_Driver/Src/stm32g4xx_hal.o
                0x08000978                HAL_GetTick
 .text.HAL_Delay
                0x08000990       0x44 ./Drivers/STM32G4xx_HAL_Driver/Src/stm32g4xx_hal.o
                0x08000990                HAL_Delay
 .text.__NVIC_SetPriorityGrouping
                0x080009d4       0x48 ./Drivers/STM32G4xx_HAL_Driver/Src/stm32g4xx_hal_cortex.o
 .text.__NVIC_GetPriorityGrouping
                0x08000a1c       0x1c ./Drivers/STM32G4xx_HAL_Driver/Src/stm32g4xx_hal_cortex.o
 .text.__NVIC_EnableIRQ
                0x08000a38       0x3c ./Drivers/STM32G4xx_HAL_Driver/Src/stm32g4xx_hal_cortex.o
 .text.__NVIC_SetPriority
                0x08000a74       0x54 ./Drivers/STM32G4xx_HAL_Driver/Src/stm32g4xx_hal_cortex.o
 .text.NVIC_EncodePriority
                0x08000ac8       0x66 ./Drivers/STM32G4xx_HAL_Driver/Src/stm32g4xx_hal_cortex.o
 *fill*         0x08000b2e        0x2 
 .text.SysTick_Config
                0x08000b30       0x44 ./Drivers/STM32G4xx_HAL_Driver/Src/stm32g4xx_hal_cortex.o
 .text.HAL_NVIC_SetPriorityGrouping
                0x08000b74       0x16 ./Drivers/STM32G4xx_HAL_Driver/Src/stm32g4xx_hal_cortex.o
                0x08000b74                HAL_NVIC_SetPriorityGrouping
 .text.HAL_NVIC_SetPriority
                0x08000b8a       0x34 ./Drivers/STM32G4xx_HAL_Driver/Src/stm32g4xx_hal_cortex.o
                0x08000b8a                HAL_NVIC_SetPriority
 .text.HAL_NVIC_EnableIRQ
                0x08000bbe       0x1c ./Drivers/STM32G4xx_HAL_Driver/Src/stm32g4xx_hal_cortex.o
                0x08000bbe                HAL_NVIC_EnableIRQ
 .text.HAL_SYSTICK_Config
                0x08000bda       0x18 ./Drivers/STM32G4xx_HAL_Driver/Src/stm32g4xx_hal_cortex.o
                0x08000bda                HAL_SYSTICK_Config
 .text.HAL_DMA_Abort_IT
                0x08000bf2       0xce ./Drivers/STM32G4xx_HAL_Driver/Src/stm32g4xx_hal_dma.o
                0x08000bf2                HAL_DMA_Abort_IT
 .text.HAL_DMA_GetState
                0x08000cc0       0x1c ./Drivers/STM32G4xx_HAL_Driver/Src/stm32g4xx_hal_dma.o
                0x08000cc0                HAL_DMA_GetState
 .text.HAL_GPIO_Init
                0x08000cdc      0x304 ./Drivers/STM32G4xx_HAL_Driver/Src/stm32g4xx_hal_gpio.o
                0x08000cdc                HAL_GPIO_Init
 .text.HAL_GPIO_WritePin
                0x08000fe0       0x30 ./Drivers/STM32G4xx_HAL_Driver/Src/stm32g4xx_hal_gpio.o
                0x08000fe0                HAL_GPIO_WritePin
 .text.HAL_I2C_Init
                0x08001010      0x136 ./Drivers/STM32G4xx_HAL_Driver/Src/stm32g4xx_hal_i2c.o
                0x08001010                HAL_I2C_Init
 *fill*         0x08001146        0x2 
 .text.HAL_I2C_Slave_Seq_Transmit_IT
                0x08001148      0x164 ./Drivers/STM32G4xx_HAL_Driver/Src/stm32g4xx_hal_i2c.o
                0x08001148                HAL_I2C_Slave_Seq_Transmit_IT
 .text.HAL_I2C_Slave_Seq_Receive_IT
                0x080012ac      0x164 ./Drivers/STM32G4xx_HAL_Driver/Src/stm32g4xx_hal_i2c.o
                0x080012ac                HAL_I2C_Slave_Seq_Receive_IT
 .text.HAL_I2C_EnableListen_IT
                0x08001410       0x40 ./Drivers/STM32G4xx_HAL_Driver/Src/stm32g4xx_hal_i2c.o
                0x08001410                HAL_I2C_EnableListen_IT
 .text.HAL_I2C_EV_IRQHandler
                0x08001450       0x34 ./Drivers/STM32G4xx_HAL_Driver/Src/stm32g4xx_hal_i2c.o
                0x08001450                HAL_I2C_EV_IRQHandler
 .text.HAL_I2C_ER_IRQHandler
                0x08001484       0xc2 ./Drivers/STM32G4xx_HAL_Driver/Src/stm32g4xx_hal_i2c.o
                0x08001484                HAL_I2C_ER_IRQHandler
 .text.HAL_I2C_MasterTxCpltCallback
                0x08001546       0x14 ./Drivers/STM32G4xx_HAL_Driver/Src/stm32g4xx_hal_i2c.o
                0x08001546                HAL_I2C_MasterTxCpltCallback
 .text.HAL_I2C_MasterRxCpltCallback
                0x0800155a       0x14 ./Drivers/STM32G4xx_HAL_Driver/Src/stm32g4xx_hal_i2c.o
                0x0800155a                HAL_I2C_MasterRxCpltCallback
 .text.HAL_I2C_MemTxCpltCallback
                0x0800156e       0x14 ./Drivers/STM32G4xx_HAL_Driver/Src/stm32g4xx_hal_i2c.o
                0x0800156e                HAL_I2C_MemTxCpltCallback
 .text.HAL_I2C_MemRxCpltCallback
                0x08001582       0x14 ./Drivers/STM32G4xx_HAL_Driver/Src/stm32g4xx_hal_i2c.o
                0x08001582                HAL_I2C_MemRxCpltCallback
 .text.HAL_I2C_AbortCpltCallback
                0x08001596       0x14 ./Drivers/STM32G4xx_HAL_Driver/Src/stm32g4xx_hal_i2c.o
                0x08001596                HAL_I2C_AbortCpltCallback
 .text.HAL_I2C_GetError
                0x080015aa       0x18 ./Drivers/STM32G4xx_HAL_Driver/Src/stm32g4xx_hal_i2c.o
                0x080015aa                HAL_I2C_GetError
 .text.I2C_Slave_ISR_IT
                0x080015c2      0x208 ./Drivers/STM32G4xx_HAL_Driver/Src/stm32g4xx_hal_i2c.o
 .text.I2C_Master_ISR_DMA
                0x080017ca      0x1e6 ./Drivers/STM32G4xx_HAL_Driver/Src/stm32g4xx_hal_i2c.o
 .text.I2C_Mem_ISR_DMA
                0x080019b0      0x260 ./Drivers/STM32G4xx_HAL_Driver/Src/stm32g4xx_hal_i2c.o
 .text.I2C_Slave_ISR_DMA
                0x08001c10      0x1c2 ./Drivers/STM32G4xx_HAL_Driver/Src/stm32g4xx_hal_i2c.o
 .text.I2C_ITAddrCplt
                0x08001dd2      0x108 ./Drivers/STM32G4xx_HAL_Driver/Src/stm32g4xx_hal_i2c.o
 .text.I2C_ITMasterSeqCplt
                0x08001eda       0x7a ./Drivers/STM32G4xx_HAL_Driver/Src/stm32g4xx_hal_i2c.o
 .text.I2C_ITSlaveSeqCplt
                0x08001f54       0xbc ./Drivers/STM32G4xx_HAL_Driver/Src/stm32g4xx_hal_i2c.o
 .text.I2C_ITMasterCplt
                0x08002010      0x194 ./Drivers/STM32G4xx_HAL_Driver/Src/stm32g4xx_hal_i2c.o
 .text.I2C_ITSlaveCplt
                0x080021a4      0x2d4 ./Drivers/STM32G4xx_HAL_Driver/Src/stm32g4xx_hal_i2c.o
 .text.I2C_ITListenCplt
                0x08002478       0xac ./Drivers/STM32G4xx_HAL_Driver/Src/stm32g4xx_hal_i2c.o
 .text.I2C_ITError
                0x08002524      0x1e0 ./Drivers/STM32G4xx_HAL_Driver/Src/stm32g4xx_hal_i2c.o
 .text.I2C_TreatErrorCallback
                0x08002704       0x4e ./Drivers/STM32G4xx_HAL_Driver/Src/stm32g4xx_hal_i2c.o
 .text.I2C_Flush_TXDR
                0x08002752       0x48 ./Drivers/STM32G4xx_HAL_Driver/Src/stm32g4xx_hal_i2c.o
 .text.I2C_DMAAbort
                0x0800279a       0x3c ./Drivers/STM32G4xx_HAL_Driver/Src/stm32g4xx_hal_i2c.o
 *fill*         0x080027d6        0x2 
 .text.I2C_TransferConfig
                0x080027d8       0x64 ./Drivers/STM32G4xx_HAL_Driver/Src/stm32g4xx_hal_i2c.o
 .text.I2C_Enable_IRQ
                0x0800283c      0x108 ./Drivers/STM32G4xx_HAL_Driver/Src/stm32g4xx_hal_i2c.o
 .text.I2C_Disable_IRQ
                0x08002944       0xbc ./Drivers/STM32G4xx_HAL_Driver/Src/stm32g4xx_hal_i2c.o
 .text.HAL_I2CEx_ConfigAnalogFilter
                0x08002a00       0x96 ./Drivers/STM32G4xx_HAL_Driver/Src/stm32g4xx_hal_i2c_ex.o
                0x08002a00                HAL_I2CEx_ConfigAnalogFilter
 .text.HAL_I2CEx_ConfigDigitalFilter
                0x08002a96       0x98 ./Drivers/STM32G4xx_HAL_Driver/Src/stm32g4xx_hal_i2c_ex.o
                0x08002a96                HAL_I2CEx_ConfigDigitalFilter
 .text.HAL_PCD_Init
                0x08002b2e      0x19c ./Drivers/STM32G4xx_HAL_Driver/Src/stm32g4xx_hal_pcd.o
                0x08002b2e                HAL_PCD_Init
 .text.HAL_PCD_Start
                0x08002cca       0x44 ./Drivers/STM32G4xx_HAL_Driver/Src/stm32g4xx_hal_pcd.o
                0x08002cca                HAL_PCD_Start
 .text.HAL_PCD_Stop
                0x08002d0e       0x44 ./Drivers/STM32G4xx_HAL_Driver/Src/stm32g4xx_hal_pcd.o
                0x08002d0e                HAL_PCD_Stop
 .text.HAL_PCD_IRQHandler
                0x08002d52      0x24e ./Drivers/STM32G4xx_HAL_Driver/Src/stm32g4xx_hal_pcd.o
                0x08002d52                HAL_PCD_IRQHandler
 .text.HAL_PCD_SetAddress
                0x08002fa0       0x48 ./Drivers/STM32G4xx_HAL_Driver/Src/stm32g4xx_hal_pcd.o
                0x08002fa0                HAL_PCD_SetAddress
 .text.HAL_PCD_EP_Open
                0x08002fe8       0xbe ./Drivers/STM32G4xx_HAL_Driver/Src/stm32g4xx_hal_pcd.o
                0x08002fe8                HAL_PCD_EP_Open
 .text.HAL_PCD_EP_Receive
                0x080030a6       0x62 ./Drivers/STM32G4xx_HAL_Driver/Src/stm32g4xx_hal_pcd.o
                0x080030a6                HAL_PCD_EP_Receive
 .text.HAL_PCD_EP_Transmit
                0x08003108       0x6e ./Drivers/STM32G4xx_HAL_Driver/Src/stm32g4xx_hal_pcd.o
                0x08003108                HAL_PCD_EP_Transmit
 .text.HAL_PCD_EP_SetStall
                0x08003176       0xa4 ./Drivers/STM32G4xx_HAL_Driver/Src/stm32g4xx_hal_pcd.o
                0x08003176                HAL_PCD_EP_SetStall
 .text.HAL_PCD_EP_ClrStall
                0x0800321a       0xa8 ./Drivers/STM32G4xx_HAL_Driver/Src/stm32g4xx_hal_pcd.o
                0x0800321a                HAL_PCD_EP_ClrStall
 .text.PCD_EP_ISR_Handler
                0x080032c2      0x68e ./Drivers/STM32G4xx_HAL_Driver/Src/stm32g4xx_hal_pcd.o
 .text.HAL_PCD_EP_DB_Receive
                0x08003950      0x212 ./Drivers/STM32G4xx_HAL_Driver/Src/stm32g4xx_hal_pcd.o
 .text.HAL_PCD_EP_DB_Transmit
                0x08003b62      0x878 ./Drivers/STM32G4xx_HAL_Driver/Src/stm32g4xx_hal_pcd.o
 .text.HAL_PCDEx_PMAConfig
                0x080043da       0x86 ./Drivers/STM32G4xx_HAL_Driver/Src/stm32g4xx_hal_pcd_ex.o
                0x080043da                HAL_PCDEx_PMAConfig
 .text.HAL_PCDEx_ActivateLPM
                0x08004460       0x54 ./Drivers/STM32G4xx_HAL_Driver/Src/stm32g4xx_hal_pcd_ex.o
                0x08004460                HAL_PCDEx_ActivateLPM
 .text.HAL_PWREx_ControlVoltageScaling
                0x080044b4      0x148 ./Drivers/STM32G4xx_HAL_Driver/Src/stm32g4xx_hal_pwr_ex.o
                0x080044b4                HAL_PWREx_ControlVoltageScaling
 .text.HAL_PWREx_DisableUCPDDeadBattery
                0x080045fc       0x20 ./Drivers/STM32G4xx_HAL_Driver/Src/stm32g4xx_hal_pwr_ex.o
                0x080045fc                HAL_PWREx_DisableUCPDDeadBattery
 .text.HAL_RCC_OscConfig
                0x0800461c      0x624 ./Drivers/STM32G4xx_HAL_Driver/Src/stm32g4xx_hal_rcc.o
                0x0800461c                HAL_RCC_OscConfig
 .text.HAL_RCC_ClockConfig
                0x08004c40      0x278 ./Drivers/STM32G4xx_HAL_Driver/Src/stm32g4xx_hal_rcc.o
                0x08004c40                HAL_RCC_ClockConfig
 .text.HAL_RCC_GetSysClockFreq
                0x08004eb8       0xc0 ./Drivers/STM32G4xx_HAL_Driver/Src/stm32g4xx_hal_rcc.o
                0x08004eb8                HAL_RCC_GetSysClockFreq
 .text.RCC_GetSysClockFreqFromPLLSource
                0x08004f78       0x88 ./Drivers/STM32G4xx_HAL_Driver/Src/stm32g4xx_hal_rcc.o
 .text.HAL_RCCEx_PeriphCLKConfig
                0x08005000      0x3e0 ./Drivers/STM32G4xx_HAL_Driver/Src/stm32g4xx_hal_rcc_ex.o
                0x08005000                HAL_RCCEx_PeriphCLKConfig
 .text.HAL_TIM_Base_Init
                0x080053e0       0xae ./Drivers/STM32G4xx_HAL_Driver/Src/stm32g4xx_hal_tim.o
                0x080053e0                HAL_TIM_Base_Init
 .text.HAL_TIM_PWM_Init
                0x0800548e       0xae ./Drivers/STM32G4xx_HAL_Driver/Src/stm32g4xx_hal_tim.o
                0x0800548e                HAL_TIM_PWM_Init
 .text.HAL_TIM_PWM_MspInit
                0x0800553c       0x14 ./Drivers/STM32G4xx_HAL_Driver/Src/stm32g4xx_hal_tim.o
                0x0800553c                HAL_TIM_PWM_MspInit
 .text.HAL_TIM_PWM_Start
                0x08005550      0x200 ./Drivers/STM32G4xx_HAL_Driver/Src/stm32g4xx_hal_tim.o
                0x08005550                HAL_TIM_PWM_Start
 .text.HAL_TIM_PWM_ConfigChannel
                0x08005750      0x228 ./Drivers/STM32G4xx_HAL_Driver/Src/stm32g4xx_hal_tim.o
                0x08005750                HAL_TIM_PWM_ConfigChannel
 .text.HAL_TIM_ConfigClockSource
                0x08005978      0x1f4 ./Drivers/STM32G4xx_HAL_Driver/Src/stm32g4xx_hal_tim.o
                0x08005978                HAL_TIM_ConfigClockSource
 .text.TIM_Base_SetConfig
                0x08005b6c      0x138 ./Drivers/STM32G4xx_HAL_Driver/Src/stm32g4xx_hal_tim.o
                0x08005b6c                TIM_Base_SetConfig
 .text.TIM_OC1_SetConfig
                0x08005ca4      0x120 ./Drivers/STM32G4xx_HAL_Driver/Src/stm32g4xx_hal_tim.o
 .text.TIM_OC2_SetConfig
                0x08005dc4      0x114 ./Drivers/STM32G4xx_HAL_Driver/Src/stm32g4xx_hal_tim.o
                0x08005dc4                TIM_OC2_SetConfig
 .text.TIM_OC3_SetConfig
                0x08005ed8      0x110 ./Drivers/STM32G4xx_HAL_Driver/Src/stm32g4xx_hal_tim.o
 .text.TIM_OC4_SetConfig
                0x08005fe8      0x114 ./Drivers/STM32G4xx_HAL_Driver/Src/stm32g4xx_hal_tim.o
 .text.TIM_OC5_SetConfig
                0x080060fc       0xc8 ./Drivers/STM32G4xx_HAL_Driver/Src/stm32g4xx_hal_tim.o
 .text.TIM_OC6_SetConfig
                0x080061c4       0xcc ./Drivers/STM32G4xx_HAL_Driver/Src/stm32g4xx_hal_tim.o
 .text.TIM_TI1_ConfigInputStage
                0x08006290       0x5e ./Drivers/STM32G4xx_HAL_Driver/Src/stm32g4xx_hal_tim.o
 .text.TIM_TI2_ConfigInputStage
                0x080062ee       0x60 ./Drivers/STM32G4xx_HAL_Driver/Src/stm32g4xx_hal_tim.o
 .text.TIM_ITRx_SetConfig
                0x0800634e       0x3a ./Drivers/STM32G4xx_HAL_Driver/Src/stm32g4xx_hal_tim.o
 .text.TIM_ETR_SetConfig
                0x08006388       0x40 ./Drivers/STM32G4xx_HAL_Driver/Src/stm32g4xx_hal_tim.o
                0x08006388                TIM_ETR_SetConfig
 .text.TIM_CCxChannelCmd
                0x080063c8       0x4a ./Drivers/STM32G4xx_HAL_Driver/Src/stm32g4xx_hal_tim.o
                0x080063c8                TIM_CCxChannelCmd
 *fill*         0x08006412        0x2 
 .text.HAL_TIMEx_MasterConfigSynchronization
                0x08006414      0x104 ./Drivers/STM32G4xx_HAL_Driver/Src/stm32g4xx_hal_tim_ex.o
                0x08006414                HAL_TIMEx_MasterConfigSynchronization
 .text.USB_EnableGlobalInt
                0x08006518       0x2e ./Drivers/STM32G4xx_HAL_Driver/Src/stm32g4xx_ll_usb.o
                0x08006518                USB_EnableGlobalInt
 .text.USB_DisableGlobalInt
                0x08006546       0x36 ./Drivers/STM32G4xx_HAL_Driver/Src/stm32g4xx_ll_usb.o
                0x08006546                USB_DisableGlobalInt
 .text.USB_DevInit
                0x0800657c       0x3c ./Drivers/STM32G4xx_HAL_Driver/Src/stm32g4xx_ll_usb.o
                0x0800657c                USB_DevInit
 .text.USB_ActivateEndpoint
                0x080065b8      0x9d0 ./Drivers/STM32G4xx_HAL_Driver/Src/stm32g4xx_ll_usb.o
                0x080065b8                USB_ActivateEndpoint
 .text.USB_EPStartXfer
                0x08006f88      0xb5e ./Drivers/STM32G4xx_HAL_Driver/Src/stm32g4xx_ll_usb.o
                0x08006f88                USB_EPStartXfer
 .text.USB_EPSetStall
                0x08007ae6       0xa2 ./Drivers/STM32G4xx_HAL_Driver/Src/stm32g4xx_ll_usb.o
                0x08007ae6                USB_EPSetStall
 .text.USB_EPClearStall
                0x08007b88      0x152 ./Drivers/STM32G4xx_HAL_Driver/Src/stm32g4xx_ll_usb.o
                0x08007b88                USB_EPClearStall
 .text.USB_SetDevAddress
                0x08007cda       0x28 ./Drivers/STM32G4xx_HAL_Driver/Src/stm32g4xx_ll_usb.o
                0x08007cda                USB_SetDevAddress
 .text.USB_DevConnect
                0x08007d02       0x2e ./Drivers/STM32G4xx_HAL_Driver/Src/stm32g4xx_ll_usb.o
                0x08007d02                USB_DevConnect
 .text.USB_DevDisconnect
                0x08007d30       0x2a ./Drivers/STM32G4xx_HAL_Driver/Src/stm32g4xx_ll_usb.o
                0x08007d30                USB_DevDisconnect
 .text.USB_ReadInterrupts
                0x08007d5a       0x20 ./Drivers/STM32G4xx_HAL_Driver/Src/stm32g4xx_ll_usb.o
                0x08007d5a                USB_ReadInterrupts
 .text.USB_WritePMA
                0x08007d7a       0x86 ./Drivers/STM32G4xx_HAL_Driver/Src/stm32g4xx_ll_usb.o
                0x08007d7a                USB_WritePMA
 .text.USB_ReadPMA
                0x08007e00       0x98 ./Drivers/STM32G4xx_HAL_Driver/Src/stm32g4xx_ll_usb.o
                0x08007e00                USB_ReadPMA
 .text.__NVIC_SystemReset
                0x08007e98       0x2c ./Middlewares/ST/STM32_USB_Device_Library/Class/DFU/Src/usbd_dfu.o
 .text.USBD_DFU_Init
                0x08007ec4       0xb0 ./Middlewares/ST/STM32_USB_Device_Library/Class/DFU/Src/usbd_dfu.o
 .text.USBD_DFU_DeInit
                0x08007f74       0x72 ./Middlewares/ST/STM32_USB_Device_Library/Class/DFU/Src/usbd_dfu.o
 *fill*         0x08007fe6        0x2 
 .text.USBD_DFU_Setup
                0x08007fe8      0x1e4 ./Middlewares/ST/STM32_USB_Device_Library/Class/DFU/Src/usbd_dfu.o
 .text.USBD_DFU_GetCfgDesc
                0x080081cc       0x20 ./Middlewares/ST/STM32_USB_Device_Library/Class/DFU/Src/usbd_dfu.o
 .text.USBD_DFU_EP0_RxReady
                0x080081ec       0x16 ./Middlewares/ST/STM32_USB_Device_Library/Class/DFU/Src/usbd_dfu.o
 .text.USBD_DFU_EP0_TxReady
                0x08008202      0x1c8 ./Middlewares/ST/STM32_USB_Device_Library/Class/DFU/Src/usbd_dfu.o
 .text.USBD_DFU_SOF
                0x080083ca       0x16 ./Middlewares/ST/STM32_USB_Device_Library/Class/DFU/Src/usbd_dfu.o
 .text.USBD_DFU_GetDeviceQualifierDesc
                0x080083e0       0x20 ./Middlewares/ST/STM32_USB_Device_Library/Class/DFU/Src/usbd_dfu.o
 .text.USBD_DFU_GetUsrStringDesc
                0x08008400       0x3c ./Middlewares/ST/STM32_USB_Device_Library/Class/DFU/Src/usbd_dfu.o
 .text.USBD_DFU_RegisterMedia
                0x0800843c       0x2a ./Middlewares/ST/STM32_USB_Device_Library/Class/DFU/Src/usbd_dfu.o
                0x0800843c                USBD_DFU_RegisterMedia
 *fill*         0x08008466        0x2 
 .text.DFU_Detach
                0x08008468       0xc8 ./Middlewares/ST/STM32_USB_Device_Library/Class/DFU/Src/usbd_dfu.o
 .text.DFU_Download
                0x08008530       0xd8 ./Middlewares/ST/STM32_USB_Device_Library/Class/DFU/Src/usbd_dfu.o
 .text.DFU_Upload
                0x08008608      0x1b2 ./Middlewares/ST/STM32_USB_Device_Library/Class/DFU/Src/usbd_dfu.o
 *fill*         0x080087ba        0x2 
 .text.DFU_GetStatus
                0x080087bc      0x16c ./Middlewares/ST/STM32_USB_Device_Library/Class/DFU/Src/usbd_dfu.o
 .text.DFU_ClearStatus
                0x08008928       0xa8 ./Middlewares/ST/STM32_USB_Device_Library/Class/DFU/Src/usbd_dfu.o
 .text.DFU_GetState
                0x080089d0       0x30 ./Middlewares/ST/STM32_USB_Device_Library/Class/DFU/Src/usbd_dfu.o
 .text.DFU_Abort
                0x08008a00       0xa2 ./Middlewares/ST/STM32_USB_Device_Library/Class/DFU/Src/usbd_dfu.o
 *fill*         0x08008aa2        0x2 
 .text.DFU_Leave
                0x08008aa4       0x9c ./Middlewares/ST/STM32_USB_Device_Library/Class/DFU/Src/usbd_dfu.o
 .text.USBD_Init
                0x08008b40       0x60 ./Middlewares/ST/STM32_USB_Device_Library/Core/Src/usbd_core.o
                0x08008b40                USBD_Init
 .text.USBD_RegisterClass
                0x08008ba0       0x4e ./Middlewares/ST/STM32_USB_Device_Library/Core/Src/usbd_core.o
                0x08008ba0                USBD_RegisterClass
 .text.USBD_Start
                0x08008bee       0x18 ./Middlewares/ST/STM32_USB_Device_Library/Core/Src/usbd_core.o
                0x08008bee                USBD_Start
 .text.USBD_Stop
                0x08008c06       0x36 ./Middlewares/ST/STM32_USB_Device_Library/Core/Src/usbd_core.o
                0x08008c06                USBD_Stop
 .text.USBD_RunTestMode
                0x08008c3c       0x16 ./Middlewares/ST/STM32_USB_Device_Library/Core/Src/usbd_core.o
                0x08008c3c                USBD_RunTestMode
 .text.USBD_SetClassConfig
                0x08008c52       0x38 ./Middlewares/ST/STM32_USB_Device_Library/Core/Src/usbd_core.o
                0x08008c52                USBD_SetClassConfig
 .text.USBD_ClrClassConfig
                0x08008c8a       0x30 ./Middlewares/ST/STM32_USB_Device_Library/Core/Src/usbd_core.o
                0x08008c8a                USBD_ClrClassConfig
 .text.USBD_LL_SetupStage
                0x08008cba       0xaa ./Middlewares/ST/STM32_USB_Device_Library/Core/Src/usbd_core.o
                0x08008cba                USBD_LL_SetupStage
 .text.USBD_LL_DataOutStage
                0x08008d64       0xc6 ./Middlewares/ST/STM32_USB_Device_Library/Core/Src/usbd_core.o
                0x08008d64                USBD_LL_DataOutStage
 .text.USBD_LL_DataInStage
                0x08008e2a      0x12c ./Middlewares/ST/STM32_USB_Device_Library/Core/Src/usbd_core.o
                0x08008e2a                USBD_LL_DataInStage
 .text.USBD_LL_Reset
                0x08008f56       0x9c ./Middlewares/ST/STM32_USB_Device_Library/Core/Src/usbd_core.o
                0x08008f56                USBD_LL_Reset
 .text.USBD_LL_SetSpeed
                0x08008ff2       0x20 ./Middlewares/ST/STM32_USB_Device_Library/Core/Src/usbd_core.o
                0x08008ff2                USBD_LL_SetSpeed
 .text.USBD_LL_Suspend
                0x08009012       0x2c ./Middlewares/ST/STM32_USB_Device_Library/Core/Src/usbd_core.o
                0x08009012                USBD_LL_Suspend
 .text.USBD_LL_Resume
                0x0800903e       0x30 ./Middlewares/ST/STM32_USB_Device_Library/Core/Src/usbd_core.o
                0x0800903e                USBD_LL_Resume
 .text.USBD_LL_SOF
                0x0800906e       0x44 ./Middlewares/ST/STM32_USB_Device_Library/Core/Src/usbd_core.o
                0x0800906e                USBD_LL_SOF
 .text.SWAPBYTE
                0x080090b2       0x3e ./Middlewares/ST/STM32_USB_Device_Library/Core/Src/usbd_ctlreq.o
 .text.USBD_StdDevReq
                0x080090f0       0xdc ./Middlewares/ST/STM32_USB_Device_Library/Core/Src/usbd_ctlreq.o
                0x080090f0                USBD_StdDevReq
 .text.USBD_StdItfReq
                0x080091cc       0x92 ./Middlewares/ST/STM32_USB_Device_Library/Core/Src/usbd_ctlreq.o
                0x080091cc                USBD_StdItfReq
 .text.USBD_StdEPReq
                0x0800925e      0x2c4 ./Middlewares/ST/STM32_USB_Device_Library/Core/Src/usbd_ctlreq.o
                0x0800925e                USBD_StdEPReq
 *fill*         0x08009522        0x2 
 .text.USBD_GetDescriptor
                0x08009524      0x34c ./Middlewares/ST/STM32_USB_Device_Library/Core/Src/usbd_ctlreq.o
 .text.USBD_SetAddress
                0x08009870       0x88 ./Middlewares/ST/STM32_USB_Device_Library/Core/Src/usbd_ctlreq.o
 .text.USBD_SetConfig
                0x080098f8      0x14c ./Middlewares/ST/STM32_USB_Device_Library/Core/Src/usbd_ctlreq.o
 .text.USBD_GetConfig
                0x08009a44       0x6c ./Middlewares/ST/STM32_USB_Device_Library/Core/Src/usbd_ctlreq.o
 .text.USBD_GetStatus
                0x08009ab0       0x68 ./Middlewares/ST/STM32_USB_Device_Library/Core/Src/usbd_ctlreq.o
 .text.USBD_SetFeature
                0x08009b18       0x28 ./Middlewares/ST/STM32_USB_Device_Library/Core/Src/usbd_ctlreq.o
 .text.USBD_ClrFeature
                0x08009b40       0x44 ./Middlewares/ST/STM32_USB_Device_Library/Core/Src/usbd_ctlreq.o
 .text.USBD_ParseSetupRequest
                0x08009b84       0x74 ./Middlewares/ST/STM32_USB_Device_Library/Core/Src/usbd_ctlreq.o
                0x08009b84                USBD_ParseSetupRequest
 .text.USBD_CtlError
                0x08009bf8       0x22 ./Middlewares/ST/STM32_USB_Device_Library/Core/Src/usbd_ctlreq.o
                0x08009bf8                USBD_CtlError
 .text.USBD_GetString
                0x08009c1a       0x8c ./Middlewares/ST/STM32_USB_Device_Library/Core/Src/usbd_ctlreq.o
                0x08009c1a                USBD_GetString
 .text.USBD_GetLen
                0x08009ca6       0x34 ./Middlewares/ST/STM32_USB_Device_Library/Core/Src/usbd_ctlreq.o
 .text.USBD_CtlSendData
                0x08009cda       0x36 ./Middlewares/ST/STM32_USB_Device_Library/Core/Src/usbd_ioreq.o
                0x08009cda                USBD_CtlSendData
 .text.USBD_CtlContinueSendData
                0x08009d10       0x22 ./Middlewares/ST/STM32_USB_Device_Library/Core/Src/usbd_ioreq.o
                0x08009d10                USBD_CtlContinueSendData
 .text.USBD_CtlPrepareRx
                0x08009d32       0x3a ./Middlewares/ST/STM32_USB_Device_Library/Core/Src/usbd_ioreq.o
                0x08009d32                USBD_CtlPrepareRx
 .text.USBD_CtlContinueRx
                0x08009d6c       0x22 ./Middlewares/ST/STM32_USB_Device_Library/Core/Src/usbd_ioreq.o
                0x08009d6c                USBD_CtlContinueRx
 .text.USBD_CtlSendStatus
                0x08009d8e       0x26 ./Middlewares/ST/STM32_USB_Device_Library/Core/Src/usbd_ioreq.o
                0x08009d8e                USBD_CtlSendStatus
 .text.USBD_CtlReceiveStatus
                0x08009db4       0x26 ./Middlewares/ST/STM32_USB_Device_Library/Core/Src/usbd_ioreq.o
                0x08009db4                USBD_CtlReceiveStatus
 *fill*         0x08009dda        0x2 
 .text.MX_USB_Device_Init
                0x08009ddc       0x60 ./USB_Device/App/usb_device.o
                0x08009ddc                MX_USB_Device_Init
 .text.USBD_DFU_DeviceDescriptor
                0x08009e3c       0x24 ./USB_Device/App/usbd_desc.o
                0x08009e3c                USBD_DFU_DeviceDescriptor
 .text.USBD_DFU_LangIDStrDescriptor
                0x08009e60       0x24 ./USB_Device/App/usbd_desc.o
                0x08009e60                USBD_DFU_LangIDStrDescriptor
 .text.USBD_DFU_ProductStrDescriptor
                0x08009e84       0x3c ./USB_Device/App/usbd_desc.o
                0x08009e84                USBD_DFU_ProductStrDescriptor
 .text.USBD_DFU_ManufacturerStrDescriptor
                0x08009ec0       0x28 ./USB_Device/App/usbd_desc.o
                0x08009ec0                USBD_DFU_ManufacturerStrDescriptor
 .text.USBD_DFU_SerialStrDescriptor
                0x08009ee8       0x24 ./USB_Device/App/usbd_desc.o
                0x08009ee8                USBD_DFU_SerialStrDescriptor
 .text.USBD_DFU_ConfigStrDescriptor
                0x08009f0c       0x3c ./USB_Device/App/usbd_desc.o
                0x08009f0c                USBD_DFU_ConfigStrDescriptor
 .text.USBD_DFU_InterfaceStrDescriptor
                0x08009f48       0x3c ./USB_Device/App/usbd_desc.o
                0x08009f48                USBD_DFU_InterfaceStrDescriptor
 .text.Get_SerialNum
                0x08009f84       0x58 ./USB_Device/App/usbd_desc.o
 .text.IntToUnicode
                0x08009fdc       0x7e ./USB_Device/App/usbd_desc.o
 .text.FLASH_If_Init
                0x0800a05a       0x10 ./USB_Device/App/usbd_dfu_flash.o
 .text.FLASH_If_DeInit
                0x0800a06a       0x10 ./USB_Device/App/usbd_dfu_flash.o
 .text.FLASH_If_Erase
                0x0800a07a       0x16 ./USB_Device/App/usbd_dfu_flash.o
 .text.FLASH_If_Write
                0x0800a090       0x1a ./USB_Device/App/usbd_dfu_flash.o
 .text.FLASH_If_Read
                0x0800a0aa       0x1c ./USB_Device/App/usbd_dfu_flash.o
 .text.FLASH_If_GetStatus
                0x0800a0c6       0x22 ./USB_Device/App/usbd_dfu_flash.o
 .text.HAL_PCD_MspInit
                0x0800a0e8       0x78 ./USB_Device/Target/usbd_conf.o
                0x0800a0e8                HAL_PCD_MspInit
 .text.HAL_PCD_SetupStageCallback
                0x0800a160       0x24 ./USB_Device/Target/usbd_conf.o
                0x0800a160                HAL_PCD_SetupStageCallback
 .text.HAL_PCD_DataOutStageCallback
                0x0800a184       0x36 ./USB_Device/Target/usbd_conf.o
                0x0800a184                HAL_PCD_DataOutStageCallback
 .text.HAL_PCD_DataInStageCallback
                0x0800a1ba       0x34 ./USB_Device/Target/usbd_conf.o
                0x0800a1ba                HAL_PCD_DataInStageCallback
 .text.HAL_PCD_SOFCallback
                0x0800a1ee       0x1c ./USB_Device/Target/usbd_conf.o
                0x0800a1ee                HAL_PCD_SOFCallback
 .text.HAL_PCD_ResetCallback
                0x0800a20a       0x3c ./USB_Device/Target/usbd_conf.o
                0x0800a20a                HAL_PCD_ResetCallback
 *fill*         0x0800a246        0x2 
 .text.HAL_PCD_SuspendCallback
                0x0800a248       0x34 ./USB_Device/Target/usbd_conf.o
                0x0800a248                HAL_PCD_SuspendCallback
 .text.HAL_PCD_ResumeCallback
                0x0800a27c       0x38 ./USB_Device/Target/usbd_conf.o
                0x0800a27c                HAL_PCD_ResumeCallback
 .text.USBD_LL_Init
                0x0800a2b4       0x8c ./USB_Device/Target/usbd_conf.o
                0x0800a2b4                USBD_LL_Init
 .text.USBD_LL_Start
                0x0800a340       0x36 ./USB_Device/Target/usbd_conf.o
                0x0800a340                USBD_LL_Start
 .text.USBD_LL_Stop
                0x0800a376       0x36 ./USB_Device/Target/usbd_conf.o
                0x0800a376                USBD_LL_Stop
 .text.USBD_LL_OpenEP
                0x0800a3ac       0x4c ./USB_Device/Target/usbd_conf.o
                0x0800a3ac                USBD_LL_OpenEP
 .text.USBD_LL_StallEP
                0x0800a3f8       0x3e ./USB_Device/Target/usbd_conf.o
                0x0800a3f8                USBD_LL_StallEP
 .text.USBD_LL_ClearStallEP
                0x0800a436       0x3e ./USB_Device/Target/usbd_conf.o
                0x0800a436                USBD_LL_ClearStallEP
 .text.USBD_LL_IsStallEP
                0x0800a474       0x58 ./USB_Device/Target/usbd_conf.o
                0x0800a474                USBD_LL_IsStallEP
 .text.USBD_LL_SetUSBAddress
                0x0800a4cc       0x3e ./USB_Device/Target/usbd_conf.o
                0x0800a4cc                USBD_LL_SetUSBAddress
 .text.USBD_LL_Transmit
                0x0800a50a       0x42 ./USB_Device/Target/usbd_conf.o
                0x0800a50a                USBD_LL_Transmit
 .text.USBD_LL_PrepareReceive
                0x0800a54c       0x42 ./USB_Device/Target/usbd_conf.o
                0x0800a54c                USBD_LL_PrepareReceive
 *fill*         0x0800a58e        0x2 
 .text.HAL_PCDEx_LPM_Callback
                0x0800a590       0x6c ./USB_Device/Target/usbd_conf.o
                0x0800a590                HAL_PCDEx_LPM_Callback
 .text.USBD_static_malloc
                0x0800a5fc       0x1c ./USB_Device/Target/usbd_conf.o
                0x0800a5fc                USBD_static_malloc
 .text.USBD_static_free
                0x0800a618       0x14 ./USB_Device/Target/usbd_conf.o
                0x0800a618                USBD_static_free
 .text.SystemClockConfig_Resume
                0x0800a62c        0xc ./USB_Device/Target/usbd_conf.o
 .text.USBD_Get_USB_Status
                0x0800a638       0x58 ./USB_Device/Target/usbd_conf.o
 .text.memset   0x0800a690       0x10 C:/ST/STM32CubeIDE_1.16.1/STM32CubeIDE/plugins/com.st.stm32cube.ide.mcu.externaltools.gnu-tools-for-stm32.13.3.rel1.win32_1.0.0.202411081344/tools/bin/../lib/gcc/arm-none-eabi/13.3.1/../../../../arm-none-eabi/lib/thumb/v7e-m+fp/hard\libc_nano.a(libc_a-memset.o)
                0x0800a690                memset
 .text.__libc_init_array
                0x0800a6a0       0x48 C:/ST/STM32CubeIDE_1.16.1/STM32CubeIDE/plugins/com.st.stm32cube.ide.mcu.externaltools.gnu-tools-for-stm32.13.3.rel1.win32_1.0.0.202411081344/tools/bin/../lib/gcc/arm-none-eabi/13.3.1/../../../../arm-none-eabi/lib/thumb/v7e-m+fp/hard\libc_nano.a(libc_a-init.o)
                0x0800a6a0                __libc_init_array
 *(.glue_7)
 .glue_7        0x0800a6e8        0x0 linker stubs
 *(.glue_7t)
 .glue_7t       0x0800a6e8        0x0 linker stubs
 *(.eh_frame)
 .eh_frame      0x0800a6e8        0x0 C:/ST/STM32CubeIDE_1.16.1/STM32CubeIDE/plugins/com.st.stm32cube.ide.mcu.externaltools.gnu-tools-for-stm32.13.3.rel1.win32_1.0.0.202411081344/tools/bin/../lib/gcc/arm-none-eabi/13.3.1/thumb/v7e-m+fp/hard/crtbegin.o
 *(.init)
 .init          0x0800a6e8        0x4 C:/ST/STM32CubeIDE_1.16.1/STM32CubeIDE/plugins/com.st.stm32cube.ide.mcu.externaltools.gnu-tools-for-stm32.13.3.rel1.win32_1.0.0.202411081344/tools/bin/../lib/gcc/arm-none-eabi/13.3.1/thumb/v7e-m+fp/hard/crti.o
                0x0800a6e8                _init
 .init          0x0800a6ec        0x8 C:/ST/STM32CubeIDE_1.16.1/STM32CubeIDE/plugins/com.st.stm32cube.ide.mcu.externaltools.gnu-tools-for-stm32.13.3.rel1.win32_1.0.0.202411081344/tools/bin/../lib/gcc/arm-none-eabi/13.3.1/thumb/v7e-m+fp/hard/crtn.o
 *(.fini)
 .fini          0x0800a6f4        0x4 C:/ST/STM32CubeIDE_1.16.1/STM32CubeIDE/plugins/com.st.stm32cube.ide.mcu.externaltools.gnu-tools-for-stm32.13.3.rel1.win32_1.0.0.202411081344/tools/bin/../lib/gcc/arm-none-eabi/13.3.1/thumb/v7e-m+fp/hard/crti.o
                0x0800a6f4                _fini
 .fini          0x0800a6f8        0x8 C:/ST/STM32CubeIDE_1.16.1/STM32CubeIDE/plugins/com.st.stm32cube.ide.mcu.externaltools.gnu-tools-for-stm32.13.3.rel1.win32_1.0.0.202411081344/tools/bin/../lib/gcc/arm-none-eabi/13.3.1/thumb/v7e-m+fp/hard/crtn.o
                0x0800a700                        . = ALIGN (0x4)
                0x0800a700                        _etext = .

.vfp11_veneer   0x0800a700        0x0
 .vfp11_veneer  0x0800a700        0x0 linker stubs

.v4_bx          0x0800a700        0x0
 .v4_bx         0x0800a700        0x0 linker stubs

.iplt           0x0800a700        0x0
 .iplt          0x0800a700        0x0 C:/ST/STM32CubeIDE_1.16.1/STM32CubeIDE/plugins/com.st.stm32cube.ide.mcu.externaltools.gnu-tools-for-stm32.13.3.rel1.win32_1.0.0.202411081344/tools/bin/../lib/gcc/arm-none-eabi/13.3.1/thumb/v7e-m+fp/hard/crtbegin.o

.rodata         0x0800a700       0xc0
                0x0800a700                        . = ALIGN (0x4)
 *(.rodata)
 .rodata        0x0800a700       0x4e ./USB_Device/App/usbd_desc.o
 *fill*         0x0800a74e        0x2 
 .rodata        0x0800a750       0x5d ./USB_Device/App/usbd_dfu_flash.o
 *(.rodata*)
 *fill*         0x0800a7ad        0x3 
 .rodata.AHBPrescTable
                0x0800a7b0       0x10 ./Core/Src/system_stm32g4xx.o
                0x0800a7b0                AHBPrescTable
                0x0800a7c0                        . = ALIGN (0x4)

.ARM.extab      0x0800a7c0        0x0
                0x0800a7c0                        . = ALIGN (0x4)
 *(.ARM.extab* .gnu.linkonce.armextab.*)
                0x0800a7c0                        . = ALIGN (0x4)

.ARM            0x0800a7c0        0x0
                0x0800a7c0                        . = ALIGN (0x4)
                0x0800a7c0                        __exidx_start = .
 *(.ARM.exidx*)
                0x0800a7c0                        __exidx_end = .
                0x0800a7c0                        . = ALIGN (0x4)

.preinit_array  0x0800a7c0        0x0
                0x0800a7c0                        . = ALIGN (0x4)
                0x0800a7c0                        PROVIDE (__preinit_array_start = .)
 *(.preinit_array*)
                0x0800a7c0                        PROVIDE (__preinit_array_end = .)
                0x0800a7c0                        . = ALIGN (0x4)

.init_array     0x0800a7c0        0x4
                0x0800a7c0                        . = ALIGN (0x4)
                0x0800a7c0                        PROVIDE (__init_array_start = .)
 *(SORT_BY_NAME(.init_array.*))
 *(.init_array*)
 .init_array    0x0800a7c0        0x4 C:/ST/STM32CubeIDE_1.16.1/STM32CubeIDE/plugins/com.st.stm32cube.ide.mcu.externaltools.gnu-tools-for-stm32.13.3.rel1.win32_1.0.0.202411081344/tools/bin/../lib/gcc/arm-none-eabi/13.3.1/thumb/v7e-m+fp/hard/crtbegin.o
                0x0800a7c4                        PROVIDE (__init_array_end = .)
                0x0800a7c4                        . = ALIGN (0x4)

.fini_array     0x0800a7c4        0x4
                0x0800a7c4                        . = ALIGN (0x4)
                [!provide]                        PROVIDE (__fini_array_start = .)
 *(SORT_BY_NAME(.fini_array.*))
 *(.fini_array*)
 .fini_array    0x0800a7c4        0x4 C:/ST/STM32CubeIDE_1.16.1/STM32CubeIDE/plugins/com.st.stm32cube.ide.mcu.externaltools.gnu-tools-for-stm32.13.3.rel1.win32_1.0.0.202411081344/tools/bin/../lib/gcc/arm-none-eabi/13.3.1/thumb/v7e-m+fp/hard/crtbegin.o
                [!provide]                        PROVIDE (__fini_array_end = .)
                0x0800a7c8                        . = ALIGN (0x4)
                0x0800a7c8                        _sidata = LOADADDR (.data)

.rel.dyn        0x0800a7c8        0x0
 .rel.iplt      0x0800a7c8        0x0 C:/ST/STM32CubeIDE_1.16.1/STM32CubeIDE/plugins/com.st.stm32cube.ide.mcu.externaltools.gnu-tools-for-stm32.13.3.rel1.win32_1.0.0.202411081344/tools/bin/../lib/gcc/arm-none-eabi/13.3.1/thumb/v7e-m+fp/hard/crtbegin.o

.data           0x20000000       0xe0 load address 0x0800a7c8
                0x20000000                        . = ALIGN (0x4)
                0x20000000                        _sdata = .
 *(.data)
 *(.data*)
 .data.SystemCoreClock
                0x20000000        0x4 ./Core/Src/system_stm32g4xx.o
                0x20000000                SystemCoreClock
 .data.uwTickPrio
                0x20000004        0x4 ./Drivers/STM32G4xx_HAL_Driver/Src/stm32g4xx_hal.o
                0x20000004                uwTickPrio
 .data.uwTickFreq
                0x20000008        0x4 ./Drivers/STM32G4xx_HAL_Driver/Src/stm32g4xx_hal.o
                0x20000008                uwTickFreq
 .data.USBD_DFU
                0x2000000c       0x3c ./Middlewares/ST/STM32_USB_Device_Library/Class/DFU/Src/usbd_dfu.o
                0x2000000c                USBD_DFU
 .data.USBD_DFU_CfgDesc
                0x20000048       0x1b ./Middlewares/ST/STM32_USB_Device_Library/Class/DFU/Src/usbd_dfu.o
 *fill*         0x20000063        0x1 
 .data.USBD_DFU_DeviceQualifierDesc
                0x20000064        0xa ./Middlewares/ST/STM32_USB_Device_Library/Class/DFU/Src/usbd_dfu.o
 *fill*         0x2000006e        0x2 
 .data.DFU_Desc
                0x20000070       0x20 ./USB_Device/App/usbd_desc.o
                0x20000070                DFU_Desc
 .data.USBD_DFU_DeviceDesc
                0x20000090       0x12 ./USB_Device/App/usbd_desc.o
                0x20000090                USBD_DFU_DeviceDesc
 *fill*         0x200000a2        0x2 
 .data.USBD_LangIDDesc
                0x200000a4        0x4 ./USB_Device/App/usbd_desc.o
                0x200000a4                USBD_LangIDDesc
 .data.USBD_StringSerial
                0x200000a8       0x1a ./USB_Device/App/usbd_desc.o
                0x200000a8                USBD_StringSerial
 *fill*         0x200000c2        0x2 
 .data.USBD_DFU_Flash_fops
                0x200000c4       0x1c ./USB_Device/App/usbd_dfu_flash.o
                0x200000c4                USBD_DFU_Flash_fops
 *(.RamFunc)
 *(.RamFunc*)
                0x200000e0                        . = ALIGN (0x4)
                0x200000e0                        _edata = .

.igot.plt       0x200000e0        0x0 load address 0x0800a8a8
 .igot.plt      0x200000e0        0x0 C:/ST/STM32CubeIDE_1.16.1/STM32CubeIDE/plugins/com.st.stm32cube.ide.mcu.externaltools.gnu-tools-for-stm32.13.3.rel1.win32_1.0.0.202411081344/tools/bin/../lib/gcc/arm-none-eabi/13.3.1/thumb/v7e-m+fp/hard/crtbegin.o
                0x200000e0                        . = ALIGN (0x4)

.bss            0x200000e0      0xd90 load address 0x0800a8a8
                0x200000e0                        _sbss = .
                0x200000e0                        __bss_start__ = _sbss
 *(.bss)
 .bss           0x200000e0       0x1c C:/ST/STM32CubeIDE_1.16.1/STM32CubeIDE/plugins/com.st.stm32cube.ide.mcu.externaltools.gnu-tools-for-stm32.13.3.rel1.win32_1.0.0.202411081344/tools/bin/../lib/gcc/arm-none-eabi/13.3.1/thumb/v7e-m+fp/hard/crtbegin.o
 *(.bss*)
 .bss.i2c_rx    0x200000fc        0x2 ./Core/Src/i2c_slave.o
 .bss.have_new_cmd
                0x200000fe        0x1 ./Core/Src/i2c_slave.o
 *fill*         0x200000ff        0x1 
 .bss.hi2c2     0x20000100       0x54 ./Core/Src/main.o
                0x20000100                hi2c2
 .bss.htim2     0x20000154       0x4c ./Core/Src/main.o
                0x20000154                htim2
 .bss.uwTick    0x200001a0        0x4 ./Drivers/STM32G4xx_HAL_Driver/Src/stm32g4xx_hal.o
                0x200001a0                uwTick
 .bss.USBD_StrDesc.0
                0x200001a4       0xff ./Middlewares/ST/STM32_USB_Device_Library/Class/DFU/Src/usbd_dfu.o
 .bss.cfgidx.0  0x200002a3        0x1 ./Middlewares/ST/STM32_USB_Device_Library/Core/Src/usbd_ctlreq.o
 .bss.hUsbDeviceFS
                0x200002a4      0x2d0 ./USB_Device/App/usb_device.o
                0x200002a4                hUsbDeviceFS
 .bss.USBD_StrDesc
                0x20000574      0x200 ./USB_Device/App/usbd_desc.o
                0x20000574                USBD_StrDesc
 .bss.hpcd_USB_FS
                0x20000774      0x2dc ./USB_Device/Target/usbd_conf.o
                0x20000774                hpcd_USB_FS
 .bss.mem.0     0x20000a50      0x420 ./USB_Device/Target/usbd_conf.o
 *(COMMON)
                0x20000e70                        . = ALIGN (0x4)
                0x20000e70                        _ebss = .
                0x20000e70                        __bss_end__ = _ebss

._user_heap_stack
                0x20000e70      0x600 load address 0x0800a8a8
                0x20000e70                        . = ALIGN (0x8)
                [!provide]                        PROVIDE (end = .)
                0x20000e70                        PROVIDE (_end = .)
                0x20001070                        . = (. + _Min_Heap_Size)
 *fill*         0x20000e70      0x200 
                0x20001470                        . = (. + _Min_Stack_Size)
 *fill*         0x20001070      0x400 
                0x20001470                        . = ALIGN (0x8)

/DISCARD/
 libc.a(*)
 libm.a(*)
 libgcc.a(*)

.ARM.attributes
                0x00000000       0x30
 *(.ARM.attributes)
 .ARM.attributes
                0x00000000       0x22 C:/ST/STM32CubeIDE_1.16.1/STM32CubeIDE/plugins/com.st.stm32cube.ide.mcu.externaltools.gnu-tools-for-stm32.13.3.rel1.win32_1.0.0.202411081344/tools/bin/../lib/gcc/arm-none-eabi/13.3.1/thumb/v7e-m+fp/hard/crti.o
 .ARM.attributes
                0x00000022       0x34 C:/ST/STM32CubeIDE_1.16.1/STM32CubeIDE/plugins/com.st.stm32cube.ide.mcu.externaltools.gnu-tools-for-stm32.13.3.rel1.win32_1.0.0.202411081344/tools/bin/../lib/gcc/arm-none-eabi/13.3.1/thumb/v7e-m+fp/hard/crtbegin.o
 .ARM.attributes
                0x00000056       0x34 ./Core/Src/i2c_slave.o
 .ARM.attributes
                0x0000008a       0x34 ./Core/Src/main.o
 .ARM.attributes
                0x000000be       0x34 ./Core/Src/stm32g4xx_hal_msp.o
 .ARM.attributes
                0x000000f2       0x34 ./Core/Src/stm32g4xx_it.o
 .ARM.attributes
                0x00000126       0x34 ./Core/Src/system_stm32g4xx.o
 .ARM.attributes
                0x0000015a       0x21 ./Core/Startup/startup_stm32g431kbtx.o
 .ARM.attributes
                0x0000017b       0x34 ./Drivers/STM32G4xx_HAL_Driver/Src/stm32g4xx_hal.o
 .ARM.attributes
                0x000001af       0x34 ./Drivers/STM32G4xx_HAL_Driver/Src/stm32g4xx_hal_cortex.o
 .ARM.attributes
                0x000001e3       0x34 ./Drivers/STM32G4xx_HAL_Driver/Src/stm32g4xx_hal_dma.o
 .ARM.attributes
                0x00000217       0x34 ./Drivers/STM32G4xx_HAL_Driver/Src/stm32g4xx_hal_gpio.o
 .ARM.attributes
                0x0000024b       0x34 ./Drivers/STM32G4xx_HAL_Driver/Src/stm32g4xx_hal_i2c.o
 .ARM.attributes
                0x0000027f       0x34 ./Drivers/STM32G4xx_HAL_Driver/Src/stm32g4xx_hal_i2c_ex.o
 .ARM.attributes
                0x000002b3       0x34 ./Drivers/STM32G4xx_HAL_Driver/Src/stm32g4xx_hal_pcd.o
 .ARM.attributes
                0x000002e7       0x34 ./Drivers/STM32G4xx_HAL_Driver/Src/stm32g4xx_hal_pcd_ex.o
 .ARM.attributes
                0x0000031b       0x34 ./Drivers/STM32G4xx_HAL_Driver/Src/stm32g4xx_hal_pwr_ex.o
 .ARM.attributes
                0x0000034f       0x34 ./Drivers/STM32G4xx_HAL_Driver/Src/stm32g4xx_hal_rcc.o
 .ARM.attributes
                0x00000383       0x34 ./Drivers/STM32G4xx_HAL_Driver/Src/stm32g4xx_hal_rcc_ex.o
 .ARM.attributes
                0x000003b7       0x34 ./Drivers/STM32G4xx_HAL_Driver/Src/stm32g4xx_hal_tim.o
 .ARM.attributes
                0x000003eb       0x34 ./Drivers/STM32G4xx_HAL_Driver/Src/stm32g4xx_hal_tim_ex.o
 .ARM.attributes
                0x0000041f       0x34 ./Drivers/STM32G4xx_HAL_Driver/Src/stm32g4xx_ll_usb.o
 .ARM.attributes
                0x00000453       0x34 ./Middlewares/ST/STM32_USB_Device_Library/Class/DFU/Src/usbd_dfu.o
 .ARM.attributes
                0x00000487       0x34 ./Middlewares/ST/STM32_USB_Device_Library/Core/Src/usbd_core.o
 .ARM.attributes
                0x000004bb       0x34 ./Middlewares/ST/STM32_USB_Device_Library/Core/Src/usbd_ctlreq.o
 .ARM.attributes
                0x000004ef       0x34 ./Middlewares/ST/STM32_USB_Device_Library/Core/Src/usbd_ioreq.o
 .ARM.attributes
                0x00000523       0x34 ./USB_Device/App/usb_device.o
 .ARM.attributes
                0x00000557       0x34 ./USB_Device/App/usbd_desc.o
 .ARM.attributes
                0x0000058b       0x34 ./USB_Device/App/usbd_dfu_flash.o
 .ARM.attributes
                0x000005bf       0x34 ./USB_Device/Target/usbd_conf.o
 .ARM.attributes
                0x000005f3       0x34 C:/ST/STM32CubeIDE_1.16.1/STM32CubeIDE/plugins/com.st.stm32cube.ide.mcu.externaltools.gnu-tools-for-stm32.13.3.rel1.win32_1.0.0.202411081344/tools/bin/../lib/gcc/arm-none-eabi/13.3.1/../../../../arm-none-eabi/lib/thumb/v7e-m+fp/hard\libc_nano.a(libc_a-memset.o)
 .ARM.attributes
                0x00000627       0x34 C:/ST/STM32CubeIDE_1.16.1/STM32CubeIDE/plugins/com.st.stm32cube.ide.mcu.externaltools.gnu-tools-for-stm32.13.3.rel1.win32_1.0.0.202411081344/tools/bin/../lib/gcc/arm-none-eabi/13.3.1/../../../../arm-none-eabi/lib/thumb/v7e-m+fp/hard\libc_nano.a(libc_a-init.o)
 .ARM.attributes
                0x0000065b       0x22 C:/ST/STM32CubeIDE_1.16.1/STM32CubeIDE/plugins/com.st.stm32cube.ide.mcu.externaltools.gnu-tools-for-stm32.13.3.rel1.win32_1.0.0.202411081344/tools/bin/../lib/gcc/arm-none-eabi/13.3.1/thumb/v7e-m+fp/hard/crtn.o
OUTPUT(Torpedo Controller - Juan Garnica - 8-5-2025.elf elf32-littlearm)
LOAD linker stubs
LOAD C:/ST/STM32CubeIDE_1.16.1/STM32CubeIDE/plugins/com.st.stm32cube.ide.mcu.externaltools.gnu-tools-for-stm32.13.3.rel1.win32_1.0.0.202411081344/tools/bin/../lib/gcc/arm-none-eabi/13.3.1/../../../../arm-none-eabi/lib/thumb/v7e-m+fp/hard\libc.a
LOAD C:/ST/STM32CubeIDE_1.16.1/STM32CubeIDE/plugins/com.st.stm32cube.ide.mcu.externaltools.gnu-tools-for-stm32.13.3.rel1.win32_1.0.0.202411081344/tools/bin/../lib/gcc/arm-none-eabi/13.3.1/../../../../arm-none-eabi/lib/thumb/v7e-m+fp/hard\libm.a
LOAD C:/ST/STM32CubeIDE_1.16.1/STM32CubeIDE/plugins/com.st.stm32cube.ide.mcu.externaltools.gnu-tools-for-stm32.13.3.rel1.win32_1.0.0.202411081344/tools/bin/../lib/gcc/arm-none-eabi/13.3.1/thumb/v7e-m+fp/hard\libgcc.a

.debug_info     0x00000000    0x19215
 .debug_info    0x00000000      0xd2d ./Core/Src/i2c_slave.o
 .debug_info    0x00000d2d     0x1424 ./Core/Src/main.o
 .debug_info    0x00002151     0x135a ./Core/Src/stm32g4xx_hal_msp.o
 .debug_info    0x000034ab      0xc9b ./Core/Src/stm32g4xx_it.o
 .debug_info    0x00004146      0x58e ./Core/Src/system_stm32g4xx.o
 .debug_info    0x000046d4       0x30 ./Core/Startup/startup_stm32g431kbtx.o
 .debug_info    0x00004704      0xadb ./Drivers/STM32G4xx_HAL_Driver/Src/stm32g4xx_hal.o
 .debug_info    0x000051df      0xd3f ./Drivers/STM32G4xx_HAL_Driver/Src/stm32g4xx_hal_cortex.o
 .debug_info    0x00005f1e      0x85f ./Drivers/STM32G4xx_HAL_Driver/Src/stm32g4xx_hal_dma.o
 .debug_info    0x0000677d      0x763 ./Drivers/STM32G4xx_HAL_Driver/Src/stm32g4xx_hal_gpio.o
 .debug_info    0x00006ee0     0x21ea ./Drivers/STM32G4xx_HAL_Driver/Src/stm32g4xx_hal_i2c.o
 .debug_info    0x000090ca      0xad6 ./Drivers/STM32G4xx_HAL_Driver/Src/stm32g4xx_hal_i2c_ex.o
 .debug_info    0x00009ba0     0x1610 ./Drivers/STM32G4xx_HAL_Driver/Src/stm32g4xx_hal_pcd.o
 .debug_info    0x0000b1b0      0x80a ./Drivers/STM32G4xx_HAL_Driver/Src/stm32g4xx_hal_pcd_ex.o
 .debug_info    0x0000b9ba      0x93f ./Drivers/STM32G4xx_HAL_Driver/Src/stm32g4xx_hal_pwr_ex.o
 .debug_info    0x0000c2f9      0xb82 ./Drivers/STM32G4xx_HAL_Driver/Src/stm32g4xx_hal_rcc.o
 .debug_info    0x0000ce7b      0xc15 ./Drivers/STM32G4xx_HAL_Driver/Src/stm32g4xx_hal_rcc_ex.o
 .debug_info    0x0000da90     0x2c52 ./Drivers/STM32G4xx_HAL_Driver/Src/stm32g4xx_hal_tim.o
 .debug_info    0x000106e2     0x1d95 ./Drivers/STM32G4xx_HAL_Driver/Src/stm32g4xx_hal_tim_ex.o
 .debug_info    0x00012477     0x1577 ./Drivers/STM32G4xx_HAL_Driver/Src/stm32g4xx_ll_usb.o
 .debug_info    0x000139ee      0xfa3 ./Middlewares/ST/STM32_USB_Device_Library/Class/DFU/Src/usbd_dfu.o
 .debug_info    0x00014991      0xb45 ./Middlewares/ST/STM32_USB_Device_Library/Core/Src/usbd_core.o
 .debug_info    0x000154d6      0xa81 ./Middlewares/ST/STM32_USB_Device_Library/Core/Src/usbd_ctlreq.o
 .debug_info    0x00015f57      0x74a ./Middlewares/ST/STM32_USB_Device_Library/Core/Src/usbd_ioreq.o
 .debug_info    0x000166a1      0x71c ./USB_Device/App/usb_device.o
 .debug_info    0x00016dbd      0x45f ./USB_Device/App/usbd_desc.o
 .debug_info    0x0001721c      0x311 ./USB_Device/App/usbd_dfu_flash.o
 .debug_info    0x0001752d     0x1ce8 ./USB_Device/Target/usbd_conf.o

.debug_abbrev   0x00000000     0x3d92
 .debug_abbrev  0x00000000      0x223 ./Core/Src/i2c_slave.o
 .debug_abbrev  0x00000223      0x301 ./Core/Src/main.o
 .debug_abbrev  0x00000524      0x252 ./Core/Src/stm32g4xx_hal_msp.o
 .debug_abbrev  0x00000776      0x1bd ./Core/Src/stm32g4xx_it.o
 .debug_abbrev  0x00000933      0x11a ./Core/Src/system_stm32g4xx.o
 .debug_abbrev  0x00000a4d       0x24 ./Core/Startup/startup_stm32g431kbtx.o
 .debug_abbrev  0x00000a71      0x271 ./Drivers/STM32G4xx_HAL_Driver/Src/stm32g4xx_hal.o
 .debug_abbrev  0x00000ce2      0x31c ./Drivers/STM32G4xx_HAL_Driver/Src/stm32g4xx_hal_cortex.o
 .debug_abbrev  0x00000ffe      0x1e2 ./Drivers/STM32G4xx_HAL_Driver/Src/stm32g4xx_hal_dma.o
 .debug_abbrev  0x000011e0      0x1cb ./Drivers/STM32G4xx_HAL_Driver/Src/stm32g4xx_hal_gpio.o
 .debug_abbrev  0x000013ab      0x25e ./Drivers/STM32G4xx_HAL_Driver/Src/stm32g4xx_hal_i2c.o
 .debug_abbrev  0x00001609      0x1c0 ./Drivers/STM32G4xx_HAL_Driver/Src/stm32g4xx_hal_i2c_ex.o
 .debug_abbrev  0x000017c9      0x2b9 ./Drivers/STM32G4xx_HAL_Driver/Src/stm32g4xx_hal_pcd.o
 .debug_abbrev  0x00001a82      0x228 ./Drivers/STM32G4xx_HAL_Driver/Src/stm32g4xx_hal_pcd_ex.o
 .debug_abbrev  0x00001caa      0x22c ./Drivers/STM32G4xx_HAL_Driver/Src/stm32g4xx_hal_pwr_ex.o
 .debug_abbrev  0x00001ed6      0x2c9 ./Drivers/STM32G4xx_HAL_Driver/Src/stm32g4xx_hal_rcc.o
 .debug_abbrev  0x0000219f      0x258 ./Drivers/STM32G4xx_HAL_Driver/Src/stm32g4xx_hal_rcc_ex.o
 .debug_abbrev  0x000023f7      0x2a7 ./Drivers/STM32G4xx_HAL_Driver/Src/stm32g4xx_hal_tim.o
 .debug_abbrev  0x0000269e      0x2c5 ./Drivers/STM32G4xx_HAL_Driver/Src/stm32g4xx_hal_tim_ex.o
 .debug_abbrev  0x00002963      0x247 ./Drivers/STM32G4xx_HAL_Driver/Src/stm32g4xx_ll_usb.o
 .debug_abbrev  0x00002baa      0x352 ./Middlewares/ST/STM32_USB_Device_Library/Class/DFU/Src/usbd_dfu.o
 .debug_abbrev  0x00002efc      0x24f ./Middlewares/ST/STM32_USB_Device_Library/Core/Src/usbd_core.o
 .debug_abbrev  0x0000314b      0x27e ./Middlewares/ST/STM32_USB_Device_Library/Core/Src/usbd_ctlreq.o
 .debug_abbrev  0x000033c9      0x1a9 ./Middlewares/ST/STM32_USB_Device_Library/Core/Src/usbd_ioreq.o
 .debug_abbrev  0x00003572      0x1bb ./USB_Device/App/usb_device.o
 .debug_abbrev  0x0000372d      0x20e ./USB_Device/App/usbd_desc.o
 .debug_abbrev  0x0000393b      0x122 ./USB_Device/App/usbd_dfu_flash.o
 .debug_abbrev  0x00003a5d      0x335 ./USB_Device/Target/usbd_conf.o

.debug_aranges  0x00000000     0x1718
 .debug_aranges
                0x00000000       0x50 ./Core/Src/i2c_slave.o
 .debug_aranges
                0x00000050       0x48 ./Core/Src/main.o
 .debug_aranges
                0x00000098       0x48 ./Core/Src/stm32g4xx_hal_msp.o
 .debug_aranges
                0x000000e0       0x78 ./Core/Src/stm32g4xx_it.o
 .debug_aranges
                0x00000158       0x28 ./Core/Src/system_stm32g4xx.o
 .debug_aranges
                0x00000180       0x28 ./Core/Startup/startup_stm32g431kbtx.o
 .debug_aranges
                0x000001a8      0x148 ./Drivers/STM32G4xx_HAL_Driver/Src/stm32g4xx_hal.o
 .debug_aranges
                0x000002f0      0x128 ./Drivers/STM32G4xx_HAL_Driver/Src/stm32g4xx_hal_cortex.o
 .debug_aranges
                0x00000418       0x90 ./Drivers/STM32G4xx_HAL_Driver/Src/stm32g4xx_hal_dma.o
 .debug_aranges
                0x000004a8       0x58 ./Drivers/STM32G4xx_HAL_Driver/Src/stm32g4xx_hal_gpio.o
 .debug_aranges
                0x00000500      0x2a0 ./Drivers/STM32G4xx_HAL_Driver/Src/stm32g4xx_hal_i2c.o
 .debug_aranges
                0x000007a0       0x48 ./Drivers/STM32G4xx_HAL_Driver/Src/stm32g4xx_hal_i2c_ex.o
 .debug_aranges
                0x000007e8      0x138 ./Drivers/STM32G4xx_HAL_Driver/Src/stm32g4xx_hal_pcd.o
 .debug_aranges
                0x00000920       0x58 ./Drivers/STM32G4xx_HAL_Driver/Src/stm32g4xx_hal_pcd_ex.o
 .debug_aranges
                0x00000978      0x140 ./Drivers/STM32G4xx_HAL_Driver/Src/stm32g4xx_hal_pwr_ex.o
 .debug_aranges
                0x00000ab8       0x98 ./Drivers/STM32G4xx_HAL_Driver/Src/stm32g4xx_hal_rcc.o
 .debug_aranges
                0x00000b50       0xb0 ./Drivers/STM32G4xx_HAL_Driver/Src/stm32g4xx_hal_rcc_ex.o
 .debug_aranges
                0x00000c00      0x3e0 ./Drivers/STM32G4xx_HAL_Driver/Src/stm32g4xx_hal_tim.o
 .debug_aranges
                0x00000fe0      0x240 ./Drivers/STM32G4xx_HAL_Driver/Src/stm32g4xx_hal_tim_ex.o
 .debug_aranges
                0x00001220       0xc8 ./Drivers/STM32G4xx_HAL_Driver/Src/stm32g4xx_ll_usb.o
 .debug_aranges
                0x000012e8       0xb0 ./Middlewares/ST/STM32_USB_Device_Library/Class/DFU/Src/usbd_dfu.o
 .debug_aranges
                0x00001398       0xb8 ./Middlewares/ST/STM32_USB_Device_Library/Core/Src/usbd_core.o
 .debug_aranges
                0x00001450       0x90 ./Middlewares/ST/STM32_USB_Device_Library/Core/Src/usbd_ctlreq.o
 .debug_aranges
                0x000014e0       0x50 ./Middlewares/ST/STM32_USB_Device_Library/Core/Src/usbd_ioreq.o
 .debug_aranges
                0x00001530       0x20 ./USB_Device/App/usb_device.o
 .debug_aranges
                0x00001550       0x60 ./USB_Device/App/usbd_desc.o
 .debug_aranges
                0x000015b0       0x48 ./USB_Device/App/usbd_dfu_flash.o
 .debug_aranges
                0x000015f8      0x120 ./USB_Device/Target/usbd_conf.o

.debug_rnglists
                0x00000000     0x11b7
 .debug_rnglists
                0x00000000       0x38 ./Core/Src/i2c_slave.o
 .debug_rnglists
                0x00000038       0x35 ./Core/Src/main.o
 .debug_rnglists
                0x0000006d       0x32 ./Core/Src/stm32g4xx_hal_msp.o
 .debug_rnglists
                0x0000009f       0x55 ./Core/Src/stm32g4xx_it.o
 .debug_rnglists
                0x000000f4       0x1a ./Core/Src/system_stm32g4xx.o
 .debug_rnglists
                0x0000010e       0x19 ./Core/Startup/startup_stm32g431kbtx.o
 .debug_rnglists
                0x00000127       0xf1 ./Drivers/STM32G4xx_HAL_Driver/Src/stm32g4xx_hal.o
 .debug_rnglists
                0x00000218       0xda ./Drivers/STM32G4xx_HAL_Driver/Src/stm32g4xx_hal_cortex.o
 .debug_rnglists
                0x000002f2       0x71 ./Drivers/STM32G4xx_HAL_Driver/Src/stm32g4xx_hal_dma.o
 .debug_rnglists
                0x00000363       0x3f ./Drivers/STM32G4xx_HAL_Driver/Src/stm32g4xx_hal_gpio.o
 .debug_rnglists
                0x000003a2      0x228 ./Drivers/STM32G4xx_HAL_Driver/Src/stm32g4xx_hal_i2c.o
 .debug_rnglists
                0x000005ca       0x35 ./Drivers/STM32G4xx_HAL_Driver/Src/stm32g4xx_hal_i2c_ex.o
 .debug_rnglists
                0x000005ff       0xee ./Drivers/STM32G4xx_HAL_Driver/Src/stm32g4xx_hal_pcd.o
 .debug_rnglists
                0x000006ed       0x3f ./Drivers/STM32G4xx_HAL_Driver/Src/stm32g4xx_hal_pcd_ex.o
 .debug_rnglists
                0x0000072c       0xf1 ./Drivers/STM32G4xx_HAL_Driver/Src/stm32g4xx_hal_pwr_ex.o
 .debug_rnglists
                0x0000081d       0x74 ./Drivers/STM32G4xx_HAL_Driver/Src/stm32g4xx_hal_rcc.o
 .debug_rnglists
                0x00000891       0x87 ./Drivers/STM32G4xx_HAL_Driver/Src/stm32g4xx_hal_rcc_ex.o
 .debug_rnglists
                0x00000918      0x328 ./Drivers/STM32G4xx_HAL_Driver/Src/stm32g4xx_hal_tim.o
 .debug_rnglists
                0x00000c40      0x1cc ./Drivers/STM32G4xx_HAL_Driver/Src/stm32g4xx_hal_tim_ex.o
 .debug_rnglists
                0x00000e0c       0x99 ./Drivers/STM32G4xx_HAL_Driver/Src/stm32g4xx_ll_usb.o
 .debug_rnglists
                0x00000ea5       0x89 ./Middlewares/ST/STM32_USB_Device_Library/Class/DFU/Src/usbd_dfu.o
 .debug_rnglists
                0x00000f2e       0x89 ./Middlewares/ST/STM32_USB_Device_Library/Core/Src/usbd_core.o
 .debug_rnglists
                0x00000fb7       0x6e ./Middlewares/ST/STM32_USB_Device_Library/Core/Src/usbd_ctlreq.o
 .debug_rnglists
                0x00001025       0x37 ./Middlewares/ST/STM32_USB_Device_Library/Core/Src/usbd_ioreq.o
 .debug_rnglists
                0x0000105c       0x13 ./USB_Device/App/usb_device.o
 .debug_rnglists
                0x0000106f       0x43 ./USB_Device/App/usbd_desc.o
 .debug_rnglists
                0x000010b2       0x31 ./USB_Device/App/usbd_dfu_flash.o
 .debug_rnglists
                0x000010e3       0xd4 ./USB_Device/Target/usbd_conf.o

.debug_macro    0x00000000    0x2102f
 .debug_macro   0x00000000      0x20b ./Core/Src/i2c_slave.o
 .debug_macro   0x0000020b      0xad8 ./Core/Src/i2c_slave.o
 .debug_macro   0x00000ce3      0x161 ./Core/Src/i2c_slave.o
 .debug_macro   0x00000e44       0x2e ./Core/Src/i2c_slave.o
 .debug_macro   0x00000e72       0x28 ./Core/Src/i2c_slave.o
 .debug_macro   0x00000e9a       0x22 ./Core/Src/i2c_slave.o
 .debug_macro   0x00000ebc       0x8e ./Core/Src/i2c_slave.o
 .debug_macro   0x00000f4a       0x51 ./Core/Src/i2c_slave.o
 .debug_macro   0x00000f9b      0x103 ./Core/Src/i2c_slave.o
 .debug_macro   0x0000109e       0x6a ./Core/Src/i2c_slave.o
 .debug_macro   0x00001108      0x1df ./Core/Src/i2c_slave.o
 .debug_macro   0x000012e7       0x1c ./Core/Src/i2c_slave.o
 .debug_macro   0x00001303       0x22 ./Core/Src/i2c_slave.o
 .debug_macro   0x00001325       0xfb ./Core/Src/i2c_slave.o
 .debug_macro   0x00001420     0x1011 ./Core/Src/i2c_slave.o
 .debug_macro   0x00002431      0x11f ./Core/Src/i2c_slave.o
 .debug_macro   0x00002550    0x1138f ./Core/Src/i2c_slave.o
 .debug_macro   0x000138df       0x6d ./Core/Src/i2c_slave.o
 .debug_macro   0x0001394c     0x3558 ./Core/Src/i2c_slave.o
 .debug_macro   0x00016ea4      0x190 ./Core/Src/i2c_slave.o
 .debug_macro   0x00017034       0x5c ./Core/Src/i2c_slave.o
 .debug_macro   0x00017090     0x141d ./Core/Src/i2c_slave.o
 .debug_macro   0x000184ad      0x535 ./Core/Src/i2c_slave.o
 .debug_macro   0x000189e2      0x1b6 ./Core/Src/i2c_slave.o
 .debug_macro   0x00018b98      0x288 ./Core/Src/i2c_slave.o
 .debug_macro   0x00018e20      0x41d ./Core/Src/i2c_slave.o
 .debug_macro   0x0001923d      0x18b ./Core/Src/i2c_slave.o
 .debug_macro   0x000193c8       0x43 ./Core/Src/i2c_slave.o
 .debug_macro   0x0001940b      0x23d ./Core/Src/i2c_slave.o
 .debug_macro   0x00019648      0x211 ./Core/Src/i2c_slave.o
 .debug_macro   0x00019859      0x401 ./Core/Src/i2c_slave.o
 .debug_macro   0x00019c5a      0x107 ./Core/Src/i2c_slave.o
 .debug_macro   0x00019d61      0x22c ./Core/Src/i2c_slave.o
 .debug_macro   0x00019f8d       0x61 ./Core/Src/i2c_slave.o
 .debug_macro   0x00019fee       0xa5 ./Core/Src/i2c_slave.o
 .debug_macro   0x0001a093       0x73 ./Core/Src/i2c_slave.o
 .debug_macro   0x0001a106      0x22d ./Core/Src/i2c_slave.o
 .debug_macro   0x0001a333      0x122 ./Core/Src/i2c_slave.o
 .debug_macro   0x0001a455      0x3d1 ./Core/Src/i2c_slave.o
 .debug_macro   0x0001a826      0xbda ./Core/Src/i2c_slave.o
 .debug_macro   0x0001b400      0x47e ./Core/Src/i2c_slave.o
 .debug_macro   0x0001b87e      0x306 ./Core/Src/i2c_slave.o
 .debug_macro   0x0001bb84      0x365 ./Core/Src/main.o
 .debug_macro   0x0001bee9       0x61 ./Core/Src/main.o
 .debug_macro   0x0001bf4a       0x2a ./Core/Src/main.o
 .debug_macro   0x0001bf74       0x43 ./Core/Src/main.o
 .debug_macro   0x0001bfb7       0x34 ./Core/Src/main.o
 .debug_macro   0x0001bfeb       0x16 ./Core/Src/main.o
 .debug_macro   0x0001c001       0x3c ./Core/Src/main.o
 .debug_macro   0x0001c03d      0x370 ./Core/Src/main.o
 .debug_macro   0x0001c3ad       0x10 ./Core/Src/main.o
 .debug_macro   0x0001c3bd       0x16 ./Core/Src/main.o
 .debug_macro   0x0001c3d3       0x4a ./Core/Src/main.o
 .debug_macro   0x0001c41d       0x34 ./Core/Src/main.o
 .debug_macro   0x0001c451       0x10 ./Core/Src/main.o
 .debug_macro   0x0001c461       0x58 ./Core/Src/main.o
 .debug_macro   0x0001c4b9       0x8e ./Core/Src/main.o
 .debug_macro   0x0001c547       0x1c ./Core/Src/main.o
 .debug_macro   0x0001c563      0x185 ./Core/Src/main.o
 .debug_macro   0x0001c6e8       0x16 ./Core/Src/main.o
 .debug_macro   0x0001c6fe       0x16 ./Core/Src/main.o
 .debug_macro   0x0001c714      0x146 ./Core/Src/main.o
 .debug_macro   0x0001c85a       0x16 ./Core/Src/main.o
 .debug_macro   0x0001c870       0x16 ./Core/Src/main.o
 .debug_macro   0x0001c886       0x29 ./Core/Src/main.o
 .debug_macro   0x0001c8af       0x16 ./Core/Src/main.o
 .debug_macro   0x0001c8c5       0x20 ./Core/Src/main.o
 .debug_macro   0x0001c8e5       0x78 ./Core/Src/main.o
 .debug_macro   0x0001c95d      0x1e9 ./Core/Src/main.o
 .debug_macro   0x0001cb46      0x201 ./Core/Src/stm32g4xx_hal_msp.o
 .debug_macro   0x0001cd47      0x20b ./Core/Src/stm32g4xx_it.o
 .debug_macro   0x0001cf52      0x1f7 ./Core/Src/system_stm32g4xx.o
 .debug_macro   0x0001d149      0x245 ./Drivers/STM32G4xx_HAL_Driver/Src/stm32g4xx_hal.o
 .debug_macro   0x0001d38e      0x1f7 ./Drivers/STM32G4xx_HAL_Driver/Src/stm32g4xx_hal_cortex.o
 .debug_macro   0x0001d585      0x1f7 ./Drivers/STM32G4xx_HAL_Driver/Src/stm32g4xx_hal_dma.o
 .debug_macro   0x0001d77c      0x1fe ./Drivers/STM32G4xx_HAL_Driver/Src/stm32g4xx_hal_gpio.o
 .debug_macro   0x0001d97a      0x2c3 ./Drivers/STM32G4xx_HAL_Driver/Src/stm32g4xx_hal_i2c.o
 .debug_macro   0x0001dc3d      0x1f7 ./Drivers/STM32G4xx_HAL_Driver/Src/stm32g4xx_hal_i2c_ex.o
 .debug_macro   0x0001de34      0x203 ./Drivers/STM32G4xx_HAL_Driver/Src/stm32g4xx_hal_pcd.o
 .debug_macro   0x0001e037      0x1f7 ./Drivers/STM32G4xx_HAL_Driver/Src/stm32g4xx_hal_pcd_ex.o
 .debug_macro   0x0001e22e      0x221 ./Drivers/STM32G4xx_HAL_Driver/Src/stm32g4xx_hal_pwr_ex.o
 .debug_macro   0x0001e44f      0x239 ./Drivers/STM32G4xx_HAL_Driver/Src/stm32g4xx_hal_rcc.o
 .debug_macro   0x0001e688      0x221 ./Drivers/STM32G4xx_HAL_Driver/Src/stm32g4xx_hal_rcc_ex.o
 .debug_macro   0x0001e8a9      0x1ff ./Drivers/STM32G4xx_HAL_Driver/Src/stm32g4xx_hal_tim.o
 .debug_macro   0x0001eaa8      0x1fd ./Drivers/STM32G4xx_HAL_Driver/Src/stm32g4xx_hal_tim_ex.o
 .debug_macro   0x0001eca5      0x1f7 ./Drivers/STM32G4xx_HAL_Driver/Src/stm32g4xx_ll_usb.o
 .debug_macro   0x0001ee9c      0x386 ./Middlewares/ST/STM32_USB_Device_Library/Class/DFU/Src/usbd_dfu.o
 .debug_macro   0x0001f222       0x9e ./Middlewares/ST/STM32_USB_Device_Library/Class/DFU/Src/usbd_dfu.o
 .debug_macro   0x0001f2c0      0x112 ./Middlewares/ST/STM32_USB_Device_Library/Class/DFU/Src/usbd_dfu.o
 .debug_macro   0x0001f3d2       0x56 ./Middlewares/ST/STM32_USB_Device_Library/Class/DFU/Src/usbd_dfu.o
 .debug_macro   0x0001f428      0x10a ./Middlewares/ST/STM32_USB_Device_Library/Class/DFU/Src/usbd_dfu.o
 .debug_macro   0x0001f532      0x36d ./Middlewares/ST/STM32_USB_Device_Library/Core/Src/usbd_core.o
 .debug_macro   0x0001f89f      0x1ef ./Middlewares/ST/STM32_USB_Device_Library/Core/Src/usbd_core.o
 .debug_macro   0x0001fa8e      0x377 ./Middlewares/ST/STM32_USB_Device_Library/Core/Src/usbd_ctlreq.o
 .debug_macro   0x0001fe05      0x373 ./Middlewares/ST/STM32_USB_Device_Library/Core/Src/usbd_ioreq.o
 .debug_macro   0x00020178      0x3ad ./USB_Device/App/usb_device.o
 .debug_macro   0x00020525       0x22 ./USB_Device/App/usb_device.o
 .debug_macro   0x00020547      0x3aa ./USB_Device/App/usbd_desc.o
 .debug_macro   0x000208f1       0x1c ./USB_Device/App/usbd_desc.o
 .debug_macro   0x0002090d      0x392 ./USB_Device/App/usbd_dfu_flash.o
 .debug_macro   0x00020c9f      0x390 ./USB_Device/Target/usbd_conf.o

.debug_line     0x00000000    0x1c80f
 .debug_line    0x00000000      0x881 ./Core/Src/i2c_slave.o
 .debug_line    0x00000881      0xb73 ./Core/Src/main.o
 .debug_line    0x000013f4      0x87b ./Core/Src/stm32g4xx_hal_msp.o
 .debug_line    0x00001c6f      0x89d ./Core/Src/stm32g4xx_it.o
 .debug_line    0x0000250c      0x813 ./Core/Src/system_stm32g4xx.o
 .debug_line    0x00002d1f       0x7b ./Core/Startup/startup_stm32g431kbtx.o
 .debug_line    0x00002d9a      0xbdf ./Drivers/STM32G4xx_HAL_Driver/Src/stm32g4xx_hal.o
 .debug_line    0x00003979      0xd44 ./Drivers/STM32G4xx_HAL_Driver/Src/stm32g4xx_hal_cortex.o
 .debug_line    0x000046bd      0xede ./Drivers/STM32G4xx_HAL_Driver/Src/stm32g4xx_hal_dma.o
 .debug_line    0x0000559b      0xbb8 ./Drivers/STM32G4xx_HAL_Driver/Src/stm32g4xx_hal_gpio.o
 .debug_line    0x00006153     0x3773 ./Drivers/STM32G4xx_HAL_Driver/Src/stm32g4xx_hal_i2c.o
 .debug_line    0x000098c6      0x90c ./Drivers/STM32G4xx_HAL_Driver/Src/stm32g4xx_hal_i2c_ex.o
 .debug_line    0x0000a1d2     0x135e ./Drivers/STM32G4xx_HAL_Driver/Src/stm32g4xx_hal_pcd.o
 .debug_line    0x0000b530      0x948 ./Drivers/STM32G4xx_HAL_Driver/Src/stm32g4xx_hal_pcd_ex.o
 .debug_line    0x0000be78      0xd3e ./Drivers/STM32G4xx_HAL_Driver/Src/stm32g4xx_hal_pwr_ex.o
 .debug_line    0x0000cbb6     0x1062 ./Drivers/STM32G4xx_HAL_Driver/Src/stm32g4xx_hal_rcc.o
 .debug_line    0x0000dc18     0x118e ./Drivers/STM32G4xx_HAL_Driver/Src/stm32g4xx_hal_rcc_ex.o
 .debug_line    0x0000eda6     0x3f46 ./Drivers/STM32G4xx_HAL_Driver/Src/stm32g4xx_hal_tim.o
 .debug_line    0x00012cec     0x2026 ./Drivers/STM32G4xx_HAL_Driver/Src/stm32g4xx_hal_tim_ex.o
 .debug_line    0x00014d12     0x1064 ./Drivers/STM32G4xx_HAL_Driver/Src/stm32g4xx_ll_usb.o
 .debug_line    0x00015d76     0x1161 ./Middlewares/ST/STM32_USB_Device_Library/Class/DFU/Src/usbd_dfu.o
 .debug_line    0x00016ed7      0xe55 ./Middlewares/ST/STM32_USB_Device_Library/Core/Src/usbd_core.o
 .debug_line    0x00017d2c     0x110a ./Middlewares/ST/STM32_USB_Device_Library/Core/Src/usbd_ctlreq.o
 .debug_line    0x00018e36      0xab4 ./Middlewares/ST/STM32_USB_Device_Library/Core/Src/usbd_ioreq.o
 .debug_line    0x000198ea      0xa83 ./USB_Device/App/usb_device.o
 .debug_line    0x0001a36d      0xb29 ./USB_Device/App/usbd_desc.o
 .debug_line    0x0001ae96      0xab7 ./USB_Device/App/usbd_dfu_flash.o
 .debug_line    0x0001b94d      0xec2 ./USB_Device/Target/usbd_conf.o

.debug_str      0x00000000    0xc7cdf
 .debug_str     0x00000000    0xc7cdf ./Core/Src/i2c_slave.o
                              0xbd003 (size before relaxing)
 .debug_str     0x000c7cdf    0xc17cf ./Core/Src/main.o
 .debug_str     0x000c7cdf    0xbd727 ./Core/Src/stm32g4xx_hal_msp.o
 .debug_str     0x000c7cdf    0xbcfab ./Core/Src/stm32g4xx_it.o
 .debug_str     0x000c7cdf    0xbc798 ./Core/Src/system_stm32g4xx.o
 .debug_str     0x000c7cdf       0x96 ./Core/Startup/startup_stm32g431kbtx.o
 .debug_str     0x000c7cdf    0xbd2d7 ./Drivers/STM32G4xx_HAL_Driver/Src/stm32g4xx_hal.o
 .debug_str     0x000c7cdf    0xbcf93 ./Drivers/STM32G4xx_HAL_Driver/Src/stm32g4xx_hal_cortex.o
 .debug_str     0x000c7cdf    0xbcb72 ./Drivers/STM32G4xx_HAL_Driver/Src/stm32g4xx_hal_dma.o
 .debug_str     0x000c7cdf    0xbc923 ./Drivers/STM32G4xx_HAL_Driver/Src/stm32g4xx_hal_gpio.o
 .debug_str     0x000c7cdf    0xbdaa2 ./Drivers/STM32G4xx_HAL_Driver/Src/stm32g4xx_hal_i2c.o
 .debug_str     0x000c7cdf    0xbcdb7 ./Drivers/STM32G4xx_HAL_Driver/Src/stm32g4xx_hal_i2c_ex.o
 .debug_str     0x000c7cdf    0xbcf14 ./Drivers/STM32G4xx_HAL_Driver/Src/stm32g4xx_hal_pcd.o
 .debug_str     0x000c7cdf    0xbcb50 ./Drivers/STM32G4xx_HAL_Driver/Src/stm32g4xx_hal_pcd_ex.o
 .debug_str     0x000c7cdf    0xbcc86 ./Drivers/STM32G4xx_HAL_Driver/Src/stm32g4xx_hal_pwr_ex.o
 .debug_str     0x000c7cdf    0xbce91 ./Drivers/STM32G4xx_HAL_Driver/Src/stm32g4xx_hal_rcc.o
 .debug_str     0x000c7cdf    0xbce92 ./Drivers/STM32G4xx_HAL_Driver/Src/stm32g4xx_hal_rcc_ex.o
 .debug_str     0x000c7cdf    0xbdc96 ./Drivers/STM32G4xx_HAL_Driver/Src/stm32g4xx_hal_tim.o
 .debug_str     0x000c7cdf    0xbd90a ./Drivers/STM32G4xx_HAL_Driver/Src/stm32g4xx_hal_tim_ex.o
 .debug_str     0x000c7cdf    0xbca51 ./Drivers/STM32G4xx_HAL_Driver/Src/stm32g4xx_ll_usb.o
 .debug_str     0x000c7cdf    0xc15dd ./Middlewares/ST/STM32_USB_Device_Library/Class/DFU/Src/usbd_dfu.o
 .debug_str     0x000c7cdf    0xc0fb5 ./Middlewares/ST/STM32_USB_Device_Library/Core/Src/usbd_core.o
 .debug_str     0x000c7cdf    0xc0f07 ./Middlewares/ST/STM32_USB_Device_Library/Core/Src/usbd_ctlreq.o
 .debug_str     0x000c7cdf    0xc0dfc ./Middlewares/ST/STM32_USB_Device_Library/Core/Src/usbd_ioreq.o
 .debug_str     0x000c7cdf    0xc1377 ./USB_Device/App/usb_device.o
 .debug_str     0x000c7cdf    0xc0cfb ./USB_Device/App/usbd_desc.o
 .debug_str     0x000c7cdf    0xc0f6e ./USB_Device/App/usbd_dfu_flash.o
 .debug_str     0x000c7cdf    0xc227b ./USB_Device/Target/usbd_conf.o

.comment        0x00000000       0x43
 .comment       0x00000000       0x43 ./Core/Src/i2c_slave.o
                                 0x44 (size before relaxing)
 .comment       0x00000043       0x44 ./Core/Src/main.o
 .comment       0x00000043       0x44 ./Core/Src/stm32g4xx_hal_msp.o
 .comment       0x00000043       0x44 ./Core/Src/stm32g4xx_it.o
 .comment       0x00000043       0x44 ./Core/Src/system_stm32g4xx.o
 .comment       0x00000043       0x44 ./Drivers/STM32G4xx_HAL_Driver/Src/stm32g4xx_hal.o
 .comment       0x00000043       0x44 ./Drivers/STM32G4xx_HAL_Driver/Src/stm32g4xx_hal_cortex.o
 .comment       0x00000043       0x44 ./Drivers/STM32G4xx_HAL_Driver/Src/stm32g4xx_hal_dma.o
 .comment       0x00000043       0x44 ./Drivers/STM32G4xx_HAL_Driver/Src/stm32g4xx_hal_gpio.o
 .comment       0x00000043       0x44 ./Drivers/STM32G4xx_HAL_Driver/Src/stm32g4xx_hal_i2c.o
 .comment       0x00000043       0x44 ./Drivers/STM32G4xx_HAL_Driver/Src/stm32g4xx_hal_i2c_ex.o
 .comment       0x00000043       0x44 ./Drivers/STM32G4xx_HAL_Driver/Src/stm32g4xx_hal_pcd.o
 .comment       0x00000043       0x44 ./Drivers/STM32G4xx_HAL_Driver/Src/stm32g4xx_hal_pcd_ex.o
 .comment       0x00000043       0x44 ./Drivers/STM32G4xx_HAL_Driver/Src/stm32g4xx_hal_pwr_ex.o
 .comment       0x00000043       0x44 ./Drivers/STM32G4xx_HAL_Driver/Src/stm32g4xx_hal_rcc.o
 .comment       0x00000043       0x44 ./Drivers/STM32G4xx_HAL_Driver/Src/stm32g4xx_hal_rcc_ex.o
 .comment       0x00000043       0x44 ./Drivers/STM32G4xx_HAL_Driver/Src/stm32g4xx_hal_tim.o
 .comment       0x00000043       0x44 ./Drivers/STM32G4xx_HAL_Driver/Src/stm32g4xx_hal_tim_ex.o
 .comment       0x00000043       0x44 ./Drivers/STM32G4xx_HAL_Driver/Src/stm32g4xx_ll_usb.o
 .comment       0x00000043       0x44 ./Middlewares/ST/STM32_USB_Device_Library/Class/DFU/Src/usbd_dfu.o
 .comment       0x00000043       0x44 ./Middlewares/ST/STM32_USB_Device_Library/Core/Src/usbd_core.o
 .comment       0x00000043       0x44 ./Middlewares/ST/STM32_USB_Device_Library/Core/Src/usbd_ctlreq.o
 .comment       0x00000043       0x44 ./Middlewares/ST/STM32_USB_Device_Library/Core/Src/usbd_ioreq.o
 .comment       0x00000043       0x44 ./USB_Device/App/usb_device.o
 .comment       0x00000043       0x44 ./USB_Device/App/usbd_desc.o
 .comment       0x00000043       0x44 ./USB_Device/App/usbd_dfu_flash.o
 .comment       0x00000043       0x44 ./USB_Device/Target/usbd_conf.o

.debug_frame    0x00000000     0x6058
 .debug_frame   0x00000000      0x108 ./Core/Src/i2c_slave.o
 .debug_frame   0x00000108       0xcc ./Core/Src/main.o
 .debug_frame   0x000001d4       0xf0 ./Core/Src/stm32g4xx_hal_msp.o
 .debug_frame   0x000002c4      0x158 ./Core/Src/stm32g4xx_it.o
 .debug_frame   0x0000041c       0x58 ./Core/Src/system_stm32g4xx.o
 .debug_frame   0x00000474      0x500 ./Drivers/STM32G4xx_HAL_Driver/Src/stm32g4xx_hal.o
 .debug_frame   0x00000974      0x4e8 ./Drivers/STM32G4xx_HAL_Driver/Src/stm32g4xx_hal_cortex.o
 .debug_frame   0x00000e5c      0x24c ./Drivers/STM32G4xx_HAL_Driver/Src/stm32g4xx_hal_dma.o
 .debug_frame   0x000010a8      0x14c ./Drivers/STM32G4xx_HAL_Driver/Src/stm32g4xx_hal_gpio.o
 .debug_frame   0x000011f4      0xc38 ./Drivers/STM32G4xx_HAL_Driver/Src/stm32g4xx_hal_i2c.o
 .debug_frame   0x00001e2c      0x100 ./Drivers/STM32G4xx_HAL_Driver/Src/stm32g4xx_hal_i2c_ex.o
 .debug_frame   0x00001f2c      0x56c ./Drivers/STM32G4xx_HAL_Driver/Src/stm32g4xx_hal_pcd.o
 .debug_frame   0x00002498      0x14c ./Drivers/STM32G4xx_HAL_Driver/Src/stm32g4xx_hal_pcd_ex.o
 .debug_frame   0x000025e4      0x4fc ./Drivers/STM32G4xx_HAL_Driver/Src/stm32g4xx_hal_pwr_ex.o
 .debug_frame   0x00002ae0      0x23c ./Drivers/STM32G4xx_HAL_Driver/Src/stm32g4xx_hal_rcc.o
 .debug_frame   0x00002d1c      0x2ac ./Drivers/STM32G4xx_HAL_Driver/Src/stm32g4xx_hal_rcc_ex.o
 .debug_frame   0x00002fc8     0x121c ./Drivers/STM32G4xx_HAL_Driver/Src/stm32g4xx_hal_tim.o
 .debug_frame   0x000041e4      0xa68 ./Drivers/STM32G4xx_HAL_Driver/Src/stm32g4xx_hal_tim_ex.o
 .debug_frame   0x00004c4c      0x380 ./Drivers/STM32G4xx_HAL_Driver/Src/stm32g4xx_ll_usb.o
 .debug_frame   0x00004fcc      0x2cc ./Middlewares/ST/STM32_USB_Device_Library/Class/DFU/Src/usbd_dfu.o
 .debug_frame   0x00005298      0x2f4 ./Middlewares/ST/STM32_USB_Device_Library/Core/Src/usbd_core.o
 .debug_frame   0x0000558c      0x23c ./Middlewares/ST/STM32_USB_Device_Library/Core/Src/usbd_ctlreq.o
 .debug_frame   0x000057c8      0x10c ./Middlewares/ST/STM32_USB_Device_Library/Core/Src/usbd_ioreq.o
 .debug_frame   0x000058d4       0x2c ./USB_Device/App/usb_device.o
 .debug_frame   0x00005900      0x160 ./USB_Device/App/usbd_desc.o
 .debug_frame   0x00005a60       0xf0 ./USB_Device/App/usbd_dfu_flash.o
 .debug_frame   0x00005b50      0x4bc ./USB_Device/Target/usbd_conf.o
 .debug_frame   0x0000600c       0x20 C:/ST/STM32CubeIDE_1.16.1/STM32CubeIDE/plugins/com.st.stm32cube.ide.mcu.externaltools.gnu-tools-for-stm32.13.3.rel1.win32_1.0.0.202411081344/tools/bin/../lib/gcc/arm-none-eabi/13.3.1/../../../../arm-none-eabi/lib/thumb/v7e-m+fp/hard\libc_nano.a(libc_a-memset.o)
 .debug_frame   0x0000602c       0x2c C:/ST/STM32CubeIDE_1.16.1/STM32CubeIDE/plugins/com.st.stm32cube.ide.mcu.externaltools.gnu-tools-for-stm32.13.3.rel1.win32_1.0.0.202411081344/tools/bin/../lib/gcc/arm-none-eabi/13.3.1/../../../../arm-none-eabi/lib/thumb/v7e-m+fp/hard\libc_nano.a(libc_a-init.o)

.debug_line_str
                0x00000000       0x7a
 .debug_line_str
                0x00000000       0x7a ./Core/Startup/startup_stm32g431kbtx.o
