Archive member included to satisfy reference by file (symbol)

C:/ST/STM32CubeIDE_1.16.1/STM32CubeIDE/plugins/com.st.stm32cube.ide.mcu.externaltools.gnu-tools-for-stm32.13.3.rel1.win32_1.0.0.202411081344/tools/bin/../lib/gcc/arm-none-eabi/13.3.1/../../../../arm-none-eabi/lib/thumb/v7e-m+fp/hard\libc_nano.a(libc_a-exit.o)
                              C:/ST/STM32CubeIDE_1.16.1/STM32CubeIDE/plugins/com.st.stm32cube.ide.mcu.externaltools.gnu-tools-for-stm32.13.3.rel1.win32_1.0.0.202411081344/tools/bin/../lib/gcc/arm-none-eabi/13.3.1/../../../../arm-none-eabi/lib/thumb/v7e-m+fp/hard/crt0.o (exit)
C:/ST/STM32CubeIDE_1.16.1/STM32CubeIDE/plugins/com.st.stm32cube.ide.mcu.externaltools.gnu-tools-for-stm32.13.3.rel1.win32_1.0.0.202411081344/tools/bin/../lib/gcc/arm-none-eabi/13.3.1/../../../../arm-none-eabi/lib/thumb/v7e-m+fp/hard\libc_nano.a(libc_a-findfp.o)
                              C:/ST/STM32CubeIDE_1.16.1/STM32CubeIDE/plugins/com.st.stm32cube.ide.mcu.externaltools.gnu-tools-for-stm32.13.3.rel1.win32_1.0.0.202411081344/tools/bin/../lib/gcc/arm-none-eabi/13.3.1/../../../../arm-none-eabi/lib/thumb/v7e-m+fp/hard\libc_nano.a(libc_a-exit.o) (__stdio_exit_handler)
C:/ST/STM32CubeIDE_1.16.1/STM32CubeIDE/plugins/com.st.stm32cube.ide.mcu.externaltools.gnu-tools-for-stm32.13.3.rel1.win32_1.0.0.202411081344/tools/bin/../lib/gcc/arm-none-eabi/13.3.1/../../../../arm-none-eabi/lib/thumb/v7e-m+fp/hard\libc_nano.a(libc_a-fwalk.o)
                              C:/ST/STM32CubeIDE_1.16.1/STM32CubeIDE/plugins/com.st.stm32cube.ide.mcu.externaltools.gnu-tools-for-stm32.13.3.rel1.win32_1.0.0.202411081344/tools/bin/../lib/gcc/arm-none-eabi/13.3.1/../../../../arm-none-eabi/lib/thumb/v7e-m+fp/hard\libc_nano.a(libc_a-findfp.o) (_fwalk_sglue)
C:/ST/STM32CubeIDE_1.16.1/STM32CubeIDE/plugins/com.st.stm32cube.ide.mcu.externaltools.gnu-tools-for-stm32.13.3.rel1.win32_1.0.0.202411081344/tools/bin/../lib/gcc/arm-none-eabi/13.3.1/../../../../arm-none-eabi/lib/thumb/v7e-m+fp/hard\libc_nano.a(libc_a-stdio.o)
                              C:/ST/STM32CubeIDE_1.16.1/STM32CubeIDE/plugins/com.st.stm32cube.ide.mcu.externaltools.gnu-tools-for-stm32.13.3.rel1.win32_1.0.0.202411081344/tools/bin/../lib/gcc/arm-none-eabi/13.3.1/../../../../arm-none-eabi/lib/thumb/v7e-m+fp/hard\libc_nano.a(libc_a-findfp.o) (__sread)
C:/ST/STM32CubeIDE_1.16.1/STM32CubeIDE/plugins/com.st.stm32cube.ide.mcu.externaltools.gnu-tools-for-stm32.13.3.rel1.win32_1.0.0.202411081344/tools/bin/../lib/gcc/arm-none-eabi/13.3.1/../../../../arm-none-eabi/lib/thumb/v7e-m+fp/hard\libc_nano.a(libc_a-memset.o)
                              C:/ST/STM32CubeIDE_1.16.1/STM32CubeIDE/plugins/com.st.stm32cube.ide.mcu.externaltools.gnu-tools-for-stm32.13.3.rel1.win32_1.0.0.202411081344/tools/bin/../lib/gcc/arm-none-eabi/13.3.1/../../../../arm-none-eabi/lib/thumb/v7e-m+fp/hard/crt0.o (memset)
C:/ST/STM32CubeIDE_1.16.1/STM32CubeIDE/plugins/com.st.stm32cube.ide.mcu.externaltools.gnu-tools-for-stm32.13.3.rel1.win32_1.0.0.202411081344/tools/bin/../lib/gcc/arm-none-eabi/13.3.1/../../../../arm-none-eabi/lib/thumb/v7e-m+fp/hard\libc_nano.a(libc_a-closer.o)
                              C:/ST/STM32CubeIDE_1.16.1/STM32CubeIDE/plugins/com.st.stm32cube.ide.mcu.externaltools.gnu-tools-for-stm32.13.3.rel1.win32_1.0.0.202411081344/tools/bin/../lib/gcc/arm-none-eabi/13.3.1/../../../../arm-none-eabi/lib/thumb/v7e-m+fp/hard\libc_nano.a(libc_a-stdio.o) (_close_r)
C:/ST/STM32CubeIDE_1.16.1/STM32CubeIDE/plugins/com.st.stm32cube.ide.mcu.externaltools.gnu-tools-for-stm32.13.3.rel1.win32_1.0.0.202411081344/tools/bin/../lib/gcc/arm-none-eabi/13.3.1/../../../../arm-none-eabi/lib/thumb/v7e-m+fp/hard\libc_nano.a(libc_a-reent.o)
                              C:/ST/STM32CubeIDE_1.16.1/STM32CubeIDE/plugins/com.st.stm32cube.ide.mcu.externaltools.gnu-tools-for-stm32.13.3.rel1.win32_1.0.0.202411081344/tools/bin/../lib/gcc/arm-none-eabi/13.3.1/../../../../arm-none-eabi/lib/thumb/v7e-m+fp/hard\libc_nano.a(libc_a-closer.o) (errno)
C:/ST/STM32CubeIDE_1.16.1/STM32CubeIDE/plugins/com.st.stm32cube.ide.mcu.externaltools.gnu-tools-for-stm32.13.3.rel1.win32_1.0.0.202411081344/tools/bin/../lib/gcc/arm-none-eabi/13.3.1/../../../../arm-none-eabi/lib/thumb/v7e-m+fp/hard\libc_nano.a(libc_a-impure.o)
                              C:/ST/STM32CubeIDE_1.16.1/STM32CubeIDE/plugins/com.st.stm32cube.ide.mcu.externaltools.gnu-tools-for-stm32.13.3.rel1.win32_1.0.0.202411081344/tools/bin/../lib/gcc/arm-none-eabi/13.3.1/../../../../arm-none-eabi/lib/thumb/v7e-m+fp/hard\libc_nano.a(libc_a-reent.o) (_impure_ptr)
C:/ST/STM32CubeIDE_1.16.1/STM32CubeIDE/plugins/com.st.stm32cube.ide.mcu.externaltools.gnu-tools-for-stm32.13.3.rel1.win32_1.0.0.202411081344/tools/bin/../lib/gcc/arm-none-eabi/13.3.1/../../../../arm-none-eabi/lib/thumb/v7e-m+fp/hard\libc_nano.a(libc_a-lseekr.o)
[...]
Memory Configuration

Name             Origin             Length             Attributes
RAM              0x20000000         0x00008000         xrw
FLASH            0x08000000         0x00020000         xr
*default*        0x00000000         0xffffffff

Linker script and memory map

LOAD C:/ST/STM32CubeIDE_1.16.1/STM32CubeIDE/plugins/com.st.stm32cube.ide.mcu.externaltools.gnu-tools-for-stm32.13.3.rel1.win32_1.0.0.202411081344/tools/bin/../lib/gcc/arm-none-eabi/13.3.1/thumb/v7e-m+fp/hard/crti.o
LOAD C:/ST/STM32CubeIDE_1.16.1/STM32CubeIDE/plugins/com.st.stm32cube.ide.mcu.externaltools.gnu-tools-for-stm32.13.3.rel1.win32_1.0.0.202411081344/tools/bin/../lib/gcc/arm-none-eabi/13.3.1/thumb/v7e-m+fp/hard/crtbegin.o
LOAD C:/ST/STM32CubeIDE_1.16.1/STM32CubeIDE/plugins/com.st.stm32cube.ide.mcu.externaltools.gnu-tools-for-stm32.13.3.rel1.win32_1.0.0.202411081344/tools/bin/../lib/gcc/arm-none-eabi/13.3.1/../../../../arm-none-eabi/lib/thumb/v7e-m+fp/hard/crt0.o
LOAD ./Core/Src/i2c_slave.o
LOAD ./Core/Src/main.o
LOAD ./Core/Src/pwm_slave_gen.o
LOAD ./Core/Src/stm32g4xx_hal_msp.o
LOAD ./Core/Src/stm32g4xx_it.o
LOAD ./Core/Src/syscalls.o
LOAD ./Core/Src/sysmem.o
LOAD ./Core/Src/system_stm32g4xx.o
LOAD ./Core/Startup/startup_stm32g431kbtx.o
LOAD ./Drivers/STM32G4xx_HAL_Driver/Src/stm32g4xx_hal.o
LOAD ./Drivers/STM32G4xx_HAL_Driver/Src/stm32g4xx_hal_cortex.o
LOAD ./Drivers/STM32G4xx_HAL_Driver/Src/stm32g4xx_hal_dma.o
LOAD ./Drivers/STM32G4xx_HAL_Driver/Src/stm32g4xx_hal_dma_ex.o
LOAD ./Drivers/STM32G4xx_HAL_Driver/Src/stm32g4xx_hal_exti.o
LOAD ./Drivers/STM32G4xx_HAL_Driver/Src/stm32g4xx_hal_flash.o
LOAD ./Drivers/STM32G4xx_HAL_Driver/Src/stm32g4xx_hal_flash_ex.o
LOAD ./Drivers/STM32G4xx_HAL_Driver/Src/stm32g4xx_hal_flash_ramfunc.o
LOAD ./Drivers/STM32G4xx_HAL_Driver/Src/stm32g4xx_hal_gpio.o
LOAD ./Drivers/STM32G4xx_HAL_Driver/Src/stm32g4xx_hal_i2c.o
LOAD ./Drivers/STM32G4xx_HAL_Driver/Src/stm32g4xx_hal_i2c_ex.o
LOAD ./Drivers/STM32G4xx_HAL_Driver/Src/stm32g4xx_hal_pcd.o
LOAD ./Drivers/STM32G4xx_HAL_Driver/Src/stm32g4xx_hal_pcd_ex.o
LOAD ./Drivers/STM32G4xx_HAL_Driver/Src/stm32g4xx_hal_pwr.o
LOAD ./Drivers/STM32G4xx_HAL_Driver/Src/stm32g4xx_hal_pwr_ex.o
LOAD ./Drivers/STM32G4xx_HAL_Driver/Src/stm32g4xx_hal_rcc.o
LOAD ./Drivers/STM32G4xx_HAL_Driver/Src/stm32g4xx_hal_rcc_ex.o
LOAD ./Drivers/STM32G4xx_HAL_Driver/Src/stm32g4xx_hal_tim.o
LOAD ./Drivers/STM32G4xx_HAL_Driver/Src/stm32g4xx_hal_tim_ex.o
LOAD ./Drivers/STM32G4xx_HAL_Driver/Src/stm32g4xx_ll_usb.o
LOAD ./Middlewares/ST/STM32_USB_Device_Library/Class/DFU/Src/usbd_dfu.o
LOAD ./Middlewares/ST/STM32_USB_Device_Library/Core/Src/usbd_core.o
LOAD ./Middlewares/ST/STM32_USB_Device_Library/Core/Src/usbd_ctlreq.o
LOAD ./Middlewares/ST/STM32_USB_Device_Library/Core/Src/usbd_ioreq.o
LOAD ./USB_Device/App/usb_device.o
LOAD ./USB_Device/App/usbd_desc.o
LOAD ./USB_Device/App/usbd_dfu_flash.o
LOAD ./USB_Device/Target/usbd_conf.o
START GROUP
LOAD C:/ST/STM32CubeIDE_1.16.1/STM32CubeIDE/plugins/com.st.stm32cube.ide.mcu.externaltools.gnu-tools-for-stm32.13.3.rel1.win32_1.0.0.202411081344/tools/bin/../lib/gcc/arm-none-eabi/13.3.1/../../../../arm-none-eabi/lib/thumb/v7e-m+fp/hard\libc_nano.a
LOAD C:/ST/STM32CubeIDE_1.16.1/STM32CubeIDE/plugins/com.st.stm32cube.ide.mcu.externaltools.gnu-tools-for-stm32.13.3.rel1.win32_1.0.0.202411081344/tools/bin/../lib/gcc/arm-none-eabi/13.3.1/../../../../arm-none-eabi/lib/thumb/v7e-m+fp/hard\libm.a
END GROUP
START GROUP
LOAD C:/ST/STM32CubeIDE_1.16.1/STM32CubeIDE/plugins/com.st.stm32cube.ide.mcu.externaltools.gnu-tools-for-stm32.13.3.rel1.win32_1.0.0.202411081344/tools/bin/../lib/gcc/arm-none-eabi/13.3.1/thumb/v7e-m+fp/hard\libgcc.a
LOAD C:/ST/STM32CubeIDE_1.16.1/STM32CubeIDE/plugins/com.st.stm32cube.ide.mcu.externaltools.gnu-tools-for-stm32.13.3.rel1.win32_1.0.0.202411081344/tools/bin/../lib/gcc/arm-none-eabi/13.3.1/../../../../arm-none-eabi/lib/thumb/v7e-m+fp/hard\libc_nano.a
END GROUP
START GROUP
LOAD C:/ST/STM32CubeIDE_1.16.1/STM32CubeIDE/plugins/com.st.stm32cube.ide.mcu.externaltools.gnu-tools-for-stm32.13.3.rel1.win32_1.0.0.202411081344/tools/bin/../lib/gcc/arm-none-eabi/13.3.1/thumb/v7e-m+fp/hard\libgcc.a
LOAD C:/ST/STM32CubeIDE_1.16.1/STM32CubeIDE/plugins/com.st.stm32cube.ide.mcu.externaltools.gnu-tools-for-stm32.13.3.rel1.win32_1.0.0.202411081344/tools/bin/../lib/gcc/arm-none-eabi/13.3.1/../../../../arm-none-eabi/lib/thumb/v7e-m+fp/hard\libc_nano.a
LOAD C:/ST/STM32CubeIDE_1.16.1/STM32CubeIDE/plugins/com.st.stm32cube.ide.mcu.externaltools.gnu-tools-for-stm32.13.3.rel1.win32_1.0.0.202411081344/tools/bin/../lib/gcc/arm-none-eabi/13.3.1/../../../../arm-none-eabi/lib/thumb/v7e-m+fp/hard\libnosys.a
END GROUP
START GROUP
LOAD C:/ST/STM32CubeIDE_1.16.1/STM32CubeIDE/plugins/com.st.stm32cube.ide.mcu.externaltools.gnu-tools-for-stm32.13.3.rel1.win32_1.0.0.202411081344/tools/bin/../lib/gcc/arm-none-eabi/13.3.1/thumb/v7e-m+fp/hard\libgcc.a
LOAD C:/ST/STM32CubeIDE_1.16.1/STM32CubeIDE/plugins/com.st.stm32cube.ide.mcu.externaltools.gnu-tools-for-stm32.13.3.rel1.win32_1.0.0.202411081344/tools/bin/../lib/gcc/arm-none-eabi/13.3.1/../../../../arm-none-eabi/lib/thumb/v7e-m+fp/hard\libc_nano.a
LOAD C:/ST/STM32CubeIDE_1.16.1/STM32CubeIDE/plugins/com.st.stm32cube.ide.mcu.externaltools.gnu-tools-for-stm32.13.3.rel1.win32_1.0.0.202411081344/tools/bin/../lib/gcc/arm-none-eabi/13.3.1/../../../../arm-none-eabi/lib/thumb/v7e-m+fp/hard\libnosys.a
END GROUP
LOAD C:/ST/STM32CubeIDE_1.16.1/STM32CubeIDE/plugins/com.st.stm32cube.ide.mcu.externaltools.gnu-tools-for-stm32.13.3.rel1.win32_1.0.0.202411081344/tools/bin/../lib/gcc/arm-none-eabi/13.3.1/thumb/v7e-m+fp/hard/crtend.o
LOAD C:/ST/STM32CubeIDE_1.16.1/STM32CubeIDE/plugins/com.st.stm32cube.ide.mcu.externaltools.gnu-tools-for-stm32.13.3.rel1.win32_1.0.0.202411081344/tools/bin/../lib/gcc/arm-none-eabi/13.3.1/thumb/v7e-m+fp/hard/crtn.o
                0x20008000                        _estack = (ORIGIN (RAM) + LENGTH (RAM))
                0x00000200                        _Min_Heap_Size = 0x200
                0x00000400                        _Min_Stack_Size = 0x400

.isr_vector     0x08000000      0x1d8
                0x08000000                        . = ALIGN (0x4)
 *(.isr_vector)
 .isr_vector    0x08000000      0x1d8 ./Core/Startup/startup_stm32g431kbtx.o
                0x08000000                g_pfnVectors
                0x080001d8                        . = ALIGN (0x4)

.text           0x080001d8     0xad1c
                0x080001d8                        . = ALIGN (0x4)
 *(.text)
 .text          0x080001d8       0x40 C:/ST/STM32CubeIDE_1.16.1/STM32CubeIDE/plugins/com.st.stm32cube.ide.mcu.externaltools.gnu-tools-for-stm32.13.3.rel1.win32_1.0.0.202411081344/tools/bin/../lib/gcc/arm-none-eabi/13.3.1/thumb/v7e-m+fp/hard/crtbegin.o
 *(.text*)
 .text.process_data
                0x08000218       0x6c ./Core/Src/i2c_slave.o
                0x08000218                process_data
 .text.HAL_I2C_ListenCpltCallback
                0x08000284       0x16 ./Core/Src/i2c_slave.o
                0x08000284                HAL_I2C_ListenCpltCallback
 *fill*         0x0800029a        0x2 
 .text.HAL_I2C_AddrCallback
                0x0800029c       0x48 ./Core/Src/i2c_slave.o
                0x0800029c                HAL_I2C_AddrCallback
 .text.HAL_I2C_SlaveRxCpltCallback
                0x080002e4       0x70 ./Core/Src/i2c_slave.o
                0x080002e4                HAL_I2C_SlaveRxCpltCallback
 .text.HAL_I2C_ErrorCallback
                0x08000354       0x38 ./Core/Src/i2c_slave.o
                0x08000354                HAL_I2C_ErrorCallback
 .text.main     0x0800038c       0x74 ./Core/Src/main.o
                0x0800038c                main
 .text.SystemClock_Config
                0x08000400       0x94 ./Core/Src/main.o
                0x08000400                SystemClock_Config
 .text.MX_I2C2_Init
                0x08000494       0x80 ./Core/Src/main.o
 .text.MX_TIM2_Init
                0x08000514      0x104 ./Core/Src/main.o
 .text.MX_DMA_Init
                0x08000618       0x64 ./Core/Src/main.o
 .text.MX_GPIO_Init
                0x0800067c       0x94 ./Core/Src/main.o
 .text.Error_Handler
                0x08000710        0xc ./Core/Src/main.o
                0x08000710                Error_Handler
 .text.HAL_MspInit
                0x0800071c       0x48 ./Core/Src/stm32g4xx_hal_msp.o
                0x0800071c                HAL_MspInit
 .text.HAL_I2C_MspInit
                0x08000764       0xd0 ./Core/Src/stm32g4xx_hal_msp.o
                0x08000764                HAL_I2C_MspInit
 .text.HAL_TIM_Base_MspInit
                0x08000834      0x104 ./Core/Src/stm32g4xx_hal_msp.o
                0x08000834                HAL_TIM_Base_MspInit
 .text.HAL_TIM_MspPostInit
                0x08000938       0x68 ./Core/Src/stm32g4xx_hal_msp.o
                0x08000938                HAL_TIM_MspPostInit
 .text.NMI_Handler
                0x080009a0        0x8 ./Core/Src/stm32g4xx_it.o
                0x080009a0                NMI_Handler
 .text.HardFault_Handler
                0x080009a8        0x8 ./Core/Src/stm32g4xx_it.o
                0x080009a8                HardFault_Handler
 .text.MemManage_Handler
                0x080009b0        0x8 ./Core/Src/stm32g4xx_it.o
                0x080009b0                MemManage_Handler
 .text.BusFault_Handler
                0x080009b8        0x8 ./Core/Src/stm32g4xx_it.o
                0x080009b8                BusFault_Handler
 .text.UsageFault_Handler
                0x080009c0        0x8 ./Core/Src/stm32g4xx_it.o
                0x080009c0                UsageFault_Handler
 .text.SVC_Handler
                0x080009c8        0xe ./Core/Src/stm32g4xx_it.o
                0x080009c8                SVC_Handler
 .text.DebugMon_Handler
                0x080009d6        0xe ./Core/Src/stm32g4xx_it.o
                0x080009d6                DebugMon_Handler
 .text.PendSV_Handler
                0x080009e4        0xe ./Core/Src/stm32g4xx_it.o
                0x080009e4                PendSV_Handler
 .text.SysTick_Handler
                0x080009f2        0xc ./Core/Src/stm32g4xx_it.o
                0x080009f2                SysTick_Handler
 *fill*         0x080009fe        0x2 
 .text.DMA1_Channel1_IRQHandler
                0x08000a00       0x14 ./Core/Src/stm32g4xx_it.o
                0x08000a00                DMA1_Channel1_IRQHandler
 .text.DMA1_Channel2_IRQHandler
                0x08000a14       0x14 ./Core/Src/stm32g4xx_it.o
                0x08000a14                DMA1_Channel2_IRQHandler
 .text.USB_LP_IRQHandler
                0x08000a28       0x14 ./Core/Src/stm32g4xx_it.o
                0x08000a28                USB_LP_IRQHandler
 .text.TIM2_IRQHandler
                0x08000a3c       0x14 ./Core/Src/stm32g4xx_it.o
                0x08000a3c                TIM2_IRQHandler
 .text.I2C2_EV_IRQHandler
                0x08000a50       0x14 ./Core/Src/stm32g4xx_it.o
                0x08000a50                I2C2_EV_IRQHandler
 .text.I2C2_ER_IRQHandler
                0x08000a64       0x14 ./Core/Src/stm32g4xx_it.o
                0x08000a64                I2C2_ER_IRQHandler
 .text.SystemInit
                0x08000a78       0x24 ./Core/Src/system_stm32g4xx.o
                0x08000a78                SystemInit
 .text.Reset_Handler
                0x08000a9c       0x50 ./Core/Startup/startup_stm32g431kbtx.o
                0x08000a9c                Reset_Handler
 .text.Default_Handler
                0x08000aec        0x2 ./Core/Startup/startup_stm32g431kbtx.o
                0x08000aec                RTC_Alarm_IRQHandler
                0x08000aec                EXTI2_IRQHandler
                0x08000aec                TIM8_TRG_COM_IRQHandler
                0x08000aec                TIM8_CC_IRQHandler
                0x08000aec                TIM1_CC_IRQHandler
                0x08000aec                USB_HP_IRQHandler
                0x08000aec                CORDIC_IRQHandler
                0x08000aec                EXTI3_IRQHandler
                0x08000aec                I2C3_ER_IRQHandler
                0x08000aec                EXTI0_IRQHandler
                0x08000aec                FPU_IRQHandler
                0x08000aec                FDCAN1_IT1_IRQHandler
                0x08000aec                TIM1_UP_TIM16_IRQHandler
                0x08000aec                ADC1_2_IRQHandler
                0x08000aec                SPI1_IRQHandler
                0x08000aec                TIM6_DAC_IRQHandler
                0x08000aec                TIM8_UP_IRQHandler
                0x08000aec                DMA2_Channel2_IRQHandler
                0x08000aec                DMA1_Channel4_IRQHandler
                0x08000aec                USART3_IRQHandler
                0x08000aec                TIM4_IRQHandler
                0x08000aec                DMA2_Channel1_IRQHandler
                0x08000aec                I2C1_EV_IRQHandler
                0x08000aec                DMA1_Channel6_IRQHandler
                0x08000aec                UART4_IRQHandler
                0x08000aec                DMA2_Channel4_IRQHandler
                0x08000aec                TIM3_IRQHandler
                0x08000aec                RCC_IRQHandler
                0x08000aec                Default_Handler
                0x08000aec                RTC_TAMP_LSECSS_IRQHandler
                0x08000aec                FMAC_IRQHandler
                0x08000aec                EXTI15_10_IRQHandler
                0x08000aec                TIM7_IRQHandler
                0x08000aec                UCPD1_IRQHandler
                0x08000aec                I2C3_EV_IRQHandler
                0x08000aec                EXTI9_5_IRQHandler
                0x08000aec                RTC_WKUP_IRQHandler
                0x08000aec                PVD_PVM_IRQHandler
                0x08000aec                SPI2_IRQHandler
                0x08000aec                DMA2_Channel5_IRQHandler
                0x08000aec                CRS_IRQHandler
                0x08000aec                DMA1_Channel5_IRQHandler
                0x08000aec                EXTI4_IRQHandler
                0x08000aec                RNG_IRQHandler
                0x08000aec                TIM1_TRG_COM_TIM17_IRQHandler
                0x08000aec                DMA1_Channel3_IRQHandler
                0x08000aec                WWDG_IRQHandler
                0x08000aec                LPUART1_IRQHandler
                0x08000aec                DMA2_Channel6_IRQHandler
                0x08000aec                FDCAN1_IT0_IRQHandler
                0x08000aec                COMP1_2_3_IRQHandler
                0x08000aec                EXTI1_IRQHandler
                0x08000aec                USART2_IRQHandler
                0x08000aec                TIM8_BRK_IRQHandler
                0x08000aec                FLASH_IRQHandler
                0x08000aec                USART1_IRQHandler
                0x08000aec                SPI3_IRQHandler
                0x08000aec                I2C1_ER_IRQHandler
                0x08000aec                LPTIM1_IRQHandler
                0x08000aec                DMAMUX_OVR_IRQHandler
                0x08000aec                USBWakeUp_IRQHandler
                0x08000aec                SAI1_IRQHandler
                0x08000aec                DMA2_Channel3_IRQHandler
                0x08000aec                COMP4_IRQHandler
                0x08000aec                TIM1_BRK_TIM15_IRQHandler
 .text.HAL_Init
                0x08000aee       0x30 ./Drivers/STM32G4xx_HAL_Driver/Src/stm32g4xx_hal.o
                0x08000aee                HAL_Init
 *fill*         0x08000b1e        0x2 
 .text.HAL_InitTick
                0x08000b20       0x74 ./Drivers/STM32G4xx_HAL_Driver/Src/stm32g4xx_hal.o
                0x08000b20                HAL_InitTick
 .text.HAL_IncTick
                0x08000b94       0x24 ./Drivers/STM32G4xx_HAL_Driver/Src/stm32g4xx_hal.o
                0x08000b94                HAL_IncTick
 .text.HAL_GetTick
                0x08000bb8       0x18 ./Drivers/STM32G4xx_HAL_Driver/Src/stm32g4xx_hal.o
                0x08000bb8                HAL_GetTick
 .text.HAL_Delay
                0x08000bd0       0x44 ./Drivers/STM32G4xx_HAL_Driver/Src/stm32g4xx_hal.o
                0x08000bd0                HAL_Delay
 .text.__NVIC_SetPriorityGrouping
                0x08000c14       0x48 ./Drivers/STM32G4xx_HAL_Driver/Src/stm32g4xx_hal_cortex.o
 .text.__NVIC_GetPriorityGrouping
                0x08000c5c       0x1c ./Drivers/STM32G4xx_HAL_Driver/Src/stm32g4xx_hal_cortex.o
 .text.__NVIC_EnableIRQ
                0x08000c78       0x3c ./Drivers/STM32G4xx_HAL_Driver/Src/stm32g4xx_hal_cortex.o
 .text.__NVIC_SetPriority
                0x08000cb4       0x54 ./Drivers/STM32G4xx_HAL_Driver/Src/stm32g4xx_hal_cortex.o
 .text.NVIC_EncodePriority
                0x08000d08       0x66 ./Drivers/STM32G4xx_HAL_Driver/Src/stm32g4xx_hal_cortex.o
 *fill*         0x08000d6e        0x2 
 .text.SysTick_Config
                0x08000d70       0x44 ./Drivers/STM32G4xx_HAL_Driver/Src/stm32g4xx_hal_cortex.o
 .text.HAL_NVIC_SetPriorityGrouping
                0x08000db4       0x16 ./Drivers/STM32G4xx_HAL_Driver/Src/stm32g4xx_hal_cortex.o
                0x08000db4                HAL_NVIC_SetPriorityGrouping
 .text.HAL_NVIC_SetPriority
                0x08000dca       0x34 ./Drivers/STM32G4xx_HAL_Driver/Src/stm32g4xx_hal_cortex.o
                0x08000dca                HAL_NVIC_SetPriority
 .text.HAL_NVIC_EnableIRQ
                0x08000dfe       0x1c ./Drivers/STM32G4xx_HAL_Driver/Src/stm32g4xx_hal_cortex.o
                0x08000dfe                HAL_NVIC_EnableIRQ
 .text.HAL_SYSTICK_Config
                0x08000e1a       0x18 ./Drivers/STM32G4xx_HAL_Driver/Src/stm32g4xx_hal_cortex.o
                0x08000e1a                HAL_SYSTICK_Config
 *fill*         0x08000e32        0x2 
 .text.HAL_DMA_Init
                0x08000e34      0x150 ./Drivers/STM32G4xx_HAL_Driver/Src/stm32g4xx_hal_dma.o
                0x08000e34                HAL_DMA_Init
 .text.HAL_DMA_Abort_IT
                0x08000f84       0xce ./Drivers/STM32G4xx_HAL_Driver/Src/stm32g4xx_hal_dma.o
                0x08000f84                HAL_DMA_Abort_IT
 .text.HAL_DMA_IRQHandler
                0x08001052      0x15e ./Drivers/STM32G4xx_HAL_Driver/Src/stm32g4xx_hal_dma.o
                0x08001052                HAL_DMA_IRQHandler
 .text.HAL_DMA_GetState
                0x080011b0       0x1c ./Drivers/STM32G4xx_HAL_Driver/Src/stm32g4xx_hal_dma.o
                0x080011b0                HAL_DMA_GetState
 .text.DMA_CalcDMAMUXChannelBaseAndMask
                0x080011cc       0x7c ./Drivers/STM32G4xx_HAL_Driver/Src/stm32g4xx_hal_dma.o
 .text.DMA_CalcDMAMUXRequestGenBaseAndMask
                0x08001248       0x48 ./Drivers/STM32G4xx_HAL_Driver/Src/stm32g4xx_hal_dma.o
 .text.HAL_GPIO_Init
                0x08001290      0x304 ./Drivers/STM32G4xx_HAL_Driver/Src/stm32g4xx_hal_gpio.o
                0x08001290                HAL_GPIO_Init
 .text.HAL_GPIO_WritePin
                0x08001594       0x30 ./Drivers/STM32G4xx_HAL_Driver/Src/stm32g4xx_hal_gpio.o
                0x08001594                HAL_GPIO_WritePin
 .text.HAL_I2C_Init
                0x080015c4      0x136 ./Drivers/STM32G4xx_HAL_Driver/Src/stm32g4xx_hal_i2c.o
                0x080015c4                HAL_I2C_Init
 *fill*         0x080016fa        0x2 
 .text.HAL_I2C_Slave_Seq_Receive_IT
                0x080016fc      0x164 ./Drivers/STM32G4xx_HAL_Driver/Src/stm32g4xx_hal_i2c.o
                0x080016fc                HAL_I2C_Slave_Seq_Receive_IT
 .text.HAL_I2C_EnableListen_IT
                0x08001860       0x40 ./Drivers/STM32G4xx_HAL_Driver/Src/stm32g4xx_hal_i2c.o
                0x08001860                HAL_I2C_EnableListen_IT
 .text.HAL_I2C_EV_IRQHandler
                0x080018a0       0x34 ./Drivers/STM32G4xx_HAL_Driver/Src/stm32g4xx_hal_i2c.o
                0x080018a0                HAL_I2C_EV_IRQHandler
 .text.HAL_I2C_ER_IRQHandler
                0x080018d4       0xc2 ./Drivers/STM32G4xx_HAL_Driver/Src/stm32g4xx_hal_i2c.o
                0x080018d4                HAL_I2C_ER_IRQHandler
 .text.HAL_I2C_MasterTxCpltCallback
                0x08001996       0x14 ./Drivers/STM32G4xx_HAL_Driver/Src/stm32g4xx_hal_i2c.o
                0x08001996                HAL_I2C_MasterTxCpltCallback
 .text.HAL_I2C_MasterRxCpltCallback
                0x080019aa       0x14 ./Drivers/STM32G4xx_HAL_Driver/Src/stm32g4xx_hal_i2c.o
                0x080019aa                HAL_I2C_MasterRxCpltCallback
 .text.HAL_I2C_SlaveTxCpltCallback
                0x080019be       0x14 ./Drivers/STM32G4xx_HAL_Driver/Src/stm32g4xx_hal_i2c.o
                0x080019be                HAL_I2C_SlaveTxCpltCallback
 .text.HAL_I2C_MemTxCpltCallback
                0x080019d2       0x14 ./Drivers/STM32G4xx_HAL_Driver/Src/stm32g4xx_hal_i2c.o
                0x080019d2                HAL_I2C_MemTxCpltCallback
 .text.HAL_I2C_MemRxCpltCallback
                0x080019e6       0x14 ./Drivers/STM32G4xx_HAL_Driver/Src/stm32g4xx_hal_i2c.o
                0x080019e6                HAL_I2C_MemRxCpltCallback
 .text.HAL_I2C_AbortCpltCallback
                0x080019fa       0x14 ./Drivers/STM32G4xx_HAL_Driver/Src/stm32g4xx_hal_i2c.o
                0x080019fa                HAL_I2C_AbortCpltCallback
 .text.HAL_I2C_GetError
                0x08001a0e       0x18 ./Drivers/STM32G4xx_HAL_Driver/Src/stm32g4xx_hal_i2c.o
                0x08001a0e                HAL_I2C_GetError
 .text.I2C_Slave_ISR_IT
                0x08001a26      0x208 ./Drivers/STM32G4xx_HAL_Driver/Src/stm32g4xx_hal_i2c.o
 .text.I2C_Master_ISR_DMA
                0x08001c2e      0x1e6 ./Drivers/STM32G4xx_HAL_Driver/Src/stm32g4xx_hal_i2c.o
 .text.I2C_Mem_ISR_DMA
                0x08001e14      0x260 ./Drivers/STM32G4xx_HAL_Driver/Src/stm32g4xx_hal_i2c.o
 .text.I2C_Slave_ISR_DMA
                0x08002074      0x1c2 ./Drivers/STM32G4xx_HAL_Driver/Src/stm32g4xx_hal_i2c.o
 .text.I2C_ITAddrCplt
                0x08002236      0x108 ./Drivers/STM32G4xx_HAL_Driver/Src/stm32g4xx_hal_i2c.o
 .text.I2C_ITMasterSeqCplt
                0x0800233e       0x7a ./Drivers/STM32G4xx_HAL_Driver/Src/stm32g4xx_hal_i2c.o
 .text.I2C_ITSlaveSeqCplt
                0x080023b8       0xbc ./Drivers/STM32G4xx_HAL_Driver/Src/stm32g4xx_hal_i2c.o
 .text.I2C_ITMasterCplt
                0x08002474      0x194 ./Drivers/STM32G4xx_HAL_Driver/Src/stm32g4xx_hal_i2c.o
 .text.I2C_ITSlaveCplt
                0x08002608      0x2d4 ./Drivers/STM32G4xx_HAL_Driver/Src/stm32g4xx_hal_i2c.o
 .text.I2C_ITListenCplt
                0x080028dc       0xac ./Drivers/STM32G4xx_HAL_Driver/Src/stm32g4xx_hal_i2c.o
 .text.I2C_ITError
                0x08002988      0x1e0 ./Drivers/STM32G4xx_HAL_Driver/Src/stm32g4xx_hal_i2c.o
 .text.I2C_TreatErrorCallback
                0x08002b68       0x4e ./Drivers/STM32G4xx_HAL_Driver/Src/stm32g4xx_hal_i2c.o
 .text.I2C_Flush_TXDR
                0x08002bb6       0x48 ./Drivers/STM32G4xx_HAL_Driver/Src/stm32g4xx_hal_i2c.o
 .text.I2C_DMAAbort
                0x08002bfe       0x3c ./Drivers/STM32G4xx_HAL_Driver/Src/stm32g4xx_hal_i2c.o
 *fill*         0x08002c3a        0x2 
 .text.I2C_TransferConfig
                0x08002c3c       0x64 ./Drivers/STM32G4xx_HAL_Driver/Src/stm32g4xx_hal_i2c.o
 .text.I2C_Enable_IRQ
                0x08002ca0      0x108 ./Drivers/STM32G4xx_HAL_Driver/Src/stm32g4xx_hal_i2c.o
 .text.I2C_Disable_IRQ
                0x08002da8       0xbc ./Drivers/STM32G4xx_HAL_Driver/Src/stm32g4xx_hal_i2c.o
 .text.HAL_I2CEx_ConfigAnalogFilter
                0x08002e64       0x96 ./Drivers/STM32G4xx_HAL_Driver/Src/stm32g4xx_hal_i2c_ex.o
                0x08002e64                HAL_I2CEx_ConfigAnalogFilter
 .text.HAL_I2CEx_ConfigDigitalFilter
                0x08002efa       0x98 ./Drivers/STM32G4xx_HAL_Driver/Src/stm32g4xx_hal_i2c_ex.o
                0x08002efa                HAL_I2CEx_ConfigDigitalFilter
 .text.HAL_PCD_Init
                0x08002f92      0x19c ./Drivers/STM32G4xx_HAL_Driver/Src/stm32g4xx_hal_pcd.o
                0x08002f92                HAL_PCD_Init
 .text.HAL_PCD_Start
                0x0800312e       0x44 ./Drivers/STM32G4xx_HAL_Driver/Src/stm32g4xx_hal_pcd.o
                0x0800312e                HAL_PCD_Start
 .text.HAL_PCD_Stop
                0x08003172       0x44 ./Drivers/STM32G4xx_HAL_Driver/Src/stm32g4xx_hal_pcd.o
                0x08003172                HAL_PCD_Stop
 .text.HAL_PCD_IRQHandler
                0x080031b6      0x24e ./Drivers/STM32G4xx_HAL_Driver/Src/stm32g4xx_hal_pcd.o
                0x080031b6                HAL_PCD_IRQHandler
 .text.HAL_PCD_SetAddress
                0x08003404       0x48 ./Drivers/STM32G4xx_HAL_Driver/Src/stm32g4xx_hal_pcd.o
                0x08003404                HAL_PCD_SetAddress
 .text.HAL_PCD_EP_Open
                0x0800344c       0xbe ./Drivers/STM32G4xx_HAL_Driver/Src/stm32g4xx_hal_pcd.o
                0x0800344c                HAL_PCD_EP_Open
 .text.HAL_PCD_EP_Receive
                0x0800350a       0x62 ./Drivers/STM32G4xx_HAL_Driver/Src/stm32g4xx_hal_pcd.o
                0x0800350a                HAL_PCD_EP_Receive
 .text.HAL_PCD_EP_Transmit
                0x0800356c       0x6e ./Drivers/STM32G4xx_HAL_Driver/Src/stm32g4xx_hal_pcd.o
                0x0800356c                HAL_PCD_EP_Transmit
 .text.HAL_PCD_EP_SetStall
                0x080035da       0xa4 ./Drivers/STM32G4xx_HAL_Driver/Src/stm32g4xx_hal_pcd.o
                0x080035da                HAL_PCD_EP_SetStall
 .text.HAL_PCD_EP_ClrStall
                0x0800367e       0xa8 ./Drivers/STM32G4xx_HAL_Driver/Src/stm32g4xx_hal_pcd.o
                0x0800367e                HAL_PCD_EP_ClrStall
 .text.PCD_EP_ISR_Handler
                0x08003726      0x68e ./Drivers/STM32G4xx_HAL_Driver/Src/stm32g4xx_hal_pcd.o
 .text.HAL_PCD_EP_DB_Receive
                0x08003db4      0x212 ./Drivers/STM32G4xx_HAL_Driver/Src/stm32g4xx_hal_pcd.o
 .text.HAL_PCD_EP_DB_Transmit
                0x08003fc6      0x878 ./Drivers/STM32G4xx_HAL_Driver/Src/stm32g4xx_hal_pcd.o
 .text.HAL_PCDEx_PMAConfig
                0x0800483e       0x86 ./Drivers/STM32G4xx_HAL_Driver/Src/stm32g4xx_hal_pcd_ex.o
                0x0800483e                HAL_PCDEx_PMAConfig
 .text.HAL_PCDEx_ActivateLPM
                0x080048c4       0x54 ./Drivers/STM32G4xx_HAL_Driver/Src/stm32g4xx_hal_pcd_ex.o
                0x080048c4                HAL_PCDEx_ActivateLPM
 .text.HAL_PWREx_ControlVoltageScaling
                0x08004918      0x148 ./Drivers/STM32G4xx_HAL_Driver/Src/stm32g4xx_hal_pwr_ex.o
                0x08004918                HAL_PWREx_ControlVoltageScaling
 .text.HAL_PWREx_DisableUCPDDeadBattery
                0x08004a60       0x20 ./Drivers/STM32G4xx_HAL_Driver/Src/stm32g4xx_hal_pwr_ex.o
                0x08004a60                HAL_PWREx_DisableUCPDDeadBattery
 .text.HAL_RCC_OscConfig
                0x08004a80      0x624 ./Drivers/STM32G4xx_HAL_Driver/Src/stm32g4xx_hal_rcc.o
                0x08004a80                HAL_RCC_OscConfig
 .text.HAL_RCC_ClockConfig
                0x080050a4      0x278 ./Drivers/STM32G4xx_HAL_Driver/Src/stm32g4xx_hal_rcc.o
                0x080050a4                HAL_RCC_ClockConfig
 .text.HAL_RCC_GetSysClockFreq
                0x0800531c       0xc0 ./Drivers/STM32G4xx_HAL_Driver/Src/stm32g4xx_hal_rcc.o
                0x0800531c                HAL_RCC_GetSysClockFreq
 .text.RCC_GetSysClockFreqFromPLLSource
                0x080053dc       0x88 ./Drivers/STM32G4xx_HAL_Driver/Src/stm32g4xx_hal_rcc.o
 .text.HAL_RCCEx_PeriphCLKConfig
                0x08005464      0x3e0 ./Drivers/STM32G4xx_HAL_Driver/Src/stm32g4xx_hal_rcc_ex.o
                0x08005464                HAL_RCCEx_PeriphCLKConfig
 .text.HAL_TIM_Base_Init
                0x08005844       0xae ./Drivers/STM32G4xx_HAL_Driver/Src/stm32g4xx_hal_tim.o
                0x08005844                HAL_TIM_Base_Init
 .text.HAL_TIM_PWM_Init
                0x080058f2       0xae ./Drivers/STM32G4xx_HAL_Driver/Src/stm32g4xx_hal_tim.o
                0x080058f2                HAL_TIM_PWM_Init
 .text.HAL_TIM_PWM_MspInit
                0x080059a0       0x14 ./Drivers/STM32G4xx_HAL_Driver/Src/stm32g4xx_hal_tim.o
                0x080059a0                HAL_TIM_PWM_MspInit
 .text.HAL_TIM_PWM_Start
                0x080059b4      0x200 ./Drivers/STM32G4xx_HAL_Driver/Src/stm32g4xx_hal_tim.o
                0x080059b4                HAL_TIM_PWM_Start
 .text.HAL_TIM_IRQHandler
                0x08005bb4      0x29e ./Drivers/STM32G4xx_HAL_Driver/Src/stm32g4xx_hal_tim.o
                0x08005bb4                HAL_TIM_IRQHandler
 *fill*         0x08005e52        0x2 
 .text.HAL_TIM_PWM_ConfigChannel
                0x08005e54      0x228 ./Drivers/STM32G4xx_HAL_Driver/Src/stm32g4xx_hal_tim.o
                0x08005e54                HAL_TIM_PWM_ConfigChannel
 .text.HAL_TIM_ConfigClockSource
                0x0800607c      0x1f4 ./Drivers/STM32G4xx_HAL_Driver/Src/stm32g4xx_hal_tim.o
                0x0800607c                HAL_TIM_ConfigClockSource
 .text.HAL_TIM_PeriodElapsedCallback
                0x08006270       0x14 ./Drivers/STM32G4xx_HAL_Driver/Src/stm32g4xx_hal_tim.o
                0x08006270                HAL_TIM_PeriodElapsedCallback
 .text.HAL_TIM_OC_DelayElapsedCallback
                0x08006284       0x14 ./Drivers/STM32G4xx_HAL_Driver/Src/stm32g4xx_hal_tim.o
                0x08006284                HAL_TIM_OC_DelayElapsedCallback
 .text.HAL_TIM_IC_CaptureCallback
                0x08006298       0x14 ./Drivers/STM32G4xx_HAL_Driver/Src/stm32g4xx_hal_tim.o
                0x08006298                HAL_TIM_IC_CaptureCallback
 .text.HAL_TIM_PWM_PulseFinishedCallback
                0x080062ac       0x14 ./Drivers/STM32G4xx_HAL_Driver/Src/stm32g4xx_hal_tim.o
                0x080062ac                HAL_TIM_PWM_PulseFinishedCallback
 .text.HAL_TIM_TriggerCallback
                0x080062c0       0x14 ./Drivers/STM32G4xx_HAL_Driver/Src/stm32g4xx_hal_tim.o
                0x080062c0                HAL_TIM_TriggerCallback
 .text.TIM_Base_SetConfig
                0x080062d4      0x138 ./Drivers/STM32G4xx_HAL_Driver/Src/stm32g4xx_hal_tim.o
                0x080062d4                TIM_Base_SetConfig
 .text.TIM_OC1_SetConfig
                0x0800640c      0x120 ./Drivers/STM32G4xx_HAL_Driver/Src/stm32g4xx_hal_tim.o
 .text.TIM_OC2_SetConfig
                0x0800652c      0x114 ./Drivers/STM32G4xx_HAL_Driver/Src/stm32g4xx_hal_tim.o
                0x0800652c                TIM_OC2_SetConfig
 .text.TIM_OC3_SetConfig
                0x08006640      0x110 ./Drivers/STM32G4xx_HAL_Driver/Src/stm32g4xx_hal_tim.o
 .text.TIM_OC4_SetConfig
                0x08006750      0x114 ./Drivers/STM32G4xx_HAL_Driver/Src/stm32g4xx_hal_tim.o
 .text.TIM_OC5_SetConfig
                0x08006864       0xc8 ./Drivers/STM32G4xx_HAL_Driver/Src/stm32g4xx_hal_tim.o
 .text.TIM_OC6_SetConfig
                0x0800692c       0xcc ./Drivers/STM32G4xx_HAL_Driver/Src/stm32g4xx_hal_tim.o
 .text.TIM_TI1_ConfigInputStage
                0x080069f8       0x5e ./Drivers/STM32G4xx_HAL_Driver/Src/stm32g4xx_hal_tim.o
 .text.TIM_TI2_ConfigInputStage
                0x08006a56       0x60 ./Drivers/STM32G4xx_HAL_Driver/Src/stm32g4xx_hal_tim.o
 .text.TIM_ITRx_SetConfig
                0x08006ab6       0x3a ./Drivers/STM32G4xx_HAL_Driver/Src/stm32g4xx_hal_tim.o
 .text.TIM_ETR_SetConfig
                0x08006af0       0x40 ./Drivers/STM32G4xx_HAL_Driver/Src/stm32g4xx_hal_tim.o
                0x08006af0                TIM_ETR_SetConfig
 .text.TIM_CCxChannelCmd
                0x08006b30       0x4a ./Drivers/STM32G4xx_HAL_Driver/Src/stm32g4xx_hal_tim.o
                0x08006b30                TIM_CCxChannelCmd
 *fill*         0x08006b7a        0x2 
 .text.HAL_TIMEx_MasterConfigSynchronization
                0x08006b7c      0x104 ./Drivers/STM32G4xx_HAL_Driver/Src/stm32g4xx_hal_tim_ex.o
                0x08006b7c                HAL_TIMEx_MasterConfigSynchronization
 .text.HAL_TIMEx_CommutCallback
                0x08006c80       0x14 ./Drivers/STM32G4xx_HAL_Driver/Src/stm32g4xx_hal_tim_ex.o
                0x08006c80                HAL_TIMEx_CommutCallback
 .text.HAL_TIMEx_BreakCallback
                0x08006c94       0x14 ./Drivers/STM32G4xx_HAL_Driver/Src/stm32g4xx_hal_tim_ex.o
                0x08006c94                HAL_TIMEx_BreakCallback
 .text.HAL_TIMEx_Break2Callback
                0x08006ca8       0x14 ./Drivers/STM32G4xx_HAL_Driver/Src/stm32g4xx_hal_tim_ex.o
                0x08006ca8                HAL_TIMEx_Break2Callback
 .text.HAL_TIMEx_EncoderIndexCallback
                0x08006cbc       0x14 ./Drivers/STM32G4xx_HAL_Driver/Src/stm32g4xx_hal_tim_ex.o
                0x08006cbc                HAL_TIMEx_EncoderIndexCallback
 .text.HAL_TIMEx_DirectionChangeCallback
                0x08006cd0       0x14 ./Drivers/STM32G4xx_HAL_Driver/Src/stm32g4xx_hal_tim_ex.o
                0x08006cd0                HAL_TIMEx_DirectionChangeCallback
 .text.HAL_TIMEx_IndexErrorCallback
                0x08006ce4       0x14 ./Drivers/STM32G4xx_HAL_Driver/Src/stm32g4xx_hal_tim_ex.o
                0x08006ce4                HAL_TIMEx_IndexErrorCallback
 .text.HAL_TIMEx_TransitionErrorCallback
                0x08006cf8       0x14 ./Drivers/STM32G4xx_HAL_Driver/Src/stm32g4xx_hal_tim_ex.o
                0x08006cf8                HAL_TIMEx_TransitionErrorCallback
 .text.USB_EnableGlobalInt
                0x08006d0c       0x2e ./Drivers/STM32G4xx_HAL_Driver/Src/stm32g4xx_ll_usb.o
                0x08006d0c                USB_EnableGlobalInt
 .text.USB_DisableGlobalInt
                0x08006d3a       0x36 ./Drivers/STM32G4xx_HAL_Driver/Src/stm32g4xx_ll_usb.o
                0x08006d3a                USB_DisableGlobalInt
 .text.USB_DevInit
                0x08006d70       0x3c ./Drivers/STM32G4xx_HAL_Driver/Src/stm32g4xx_ll_usb.o
                0x08006d70                USB_DevInit
 .text.USB_ActivateEndpoint
                0x08006dac      0x9d0 ./Drivers/STM32G4xx_HAL_Driver/Src/stm32g4xx_ll_usb.o
                0x08006dac                USB_ActivateEndpoint
 .text.USB_EPStartXfer
                0x0800777c      0xb5e ./Drivers/STM32G4xx_HAL_Driver/Src/stm32g4xx_ll_usb.o
                0x0800777c                USB_EPStartXfer
 .text.USB_EPSetStall
                0x080082da       0xa2 ./Drivers/STM32G4xx_HAL_Driver/Src/stm32g4xx_ll_usb.o
                0x080082da                USB_EPSetStall
 .text.USB_EPClearStall
                0x0800837c      0x152 ./Drivers/STM32G4xx_HAL_Driver/Src/stm32g4xx_ll_usb.o
                0x0800837c                USB_EPClearStall
 .text.USB_SetDevAddress
                0x080084ce       0x28 ./Drivers/STM32G4xx_HAL_Driver/Src/stm32g4xx_ll_usb.o
                0x080084ce                USB_SetDevAddress
 .text.USB_DevConnect
                0x080084f6       0x2e ./Drivers/STM32G4xx_HAL_Driver/Src/stm32g4xx_ll_usb.o
                0x080084f6                USB_DevConnect
 .text.USB_DevDisconnect
                0x08008524       0x2a ./Drivers/STM32G4xx_HAL_Driver/Src/stm32g4xx_ll_usb.o
                0x08008524                USB_DevDisconnect
 .text.USB_ReadInterrupts
                0x0800854e       0x20 ./Drivers/STM32G4xx_HAL_Driver/Src/stm32g4xx_ll_usb.o
                0x0800854e                USB_ReadInterrupts
 .text.USB_WritePMA
                0x0800856e       0x86 ./Drivers/STM32G4xx_HAL_Driver/Src/stm32g4xx_ll_usb.o
                0x0800856e                USB_WritePMA
 .text.USB_ReadPMA
                0x080085f4       0x98 ./Drivers/STM32G4xx_HAL_Driver/Src/stm32g4xx_ll_usb.o
                0x080085f4                USB_ReadPMA
 .text.__NVIC_SystemReset
                0x0800868c       0x2c ./Middlewares/ST/STM32_USB_Device_Library/Class/DFU/Src/usbd_dfu.o
 .text.USBD_DFU_Init
                0x080086b8       0xb0 ./Middlewares/ST/STM32_USB_Device_Library/Class/DFU/Src/usbd_dfu.o
 .text.USBD_DFU_DeInit
                0x08008768       0x72 ./Middlewares/ST/STM32_USB_Device_Library/Class/DFU/Src/usbd_dfu.o
 *fill*         0x080087da        0x2 
 .text.USBD_DFU_Setup
                0x080087dc      0x1e4 ./Middlewares/ST/STM32_USB_Device_Library/Class/DFU/Src/usbd_dfu.o
 .text.USBD_DFU_GetCfgDesc
                0x080089c0       0x20 ./Middlewares/ST/STM32_USB_Device_Library/Class/DFU/Src/usbd_dfu.o
 .text.USBD_DFU_EP0_RxReady
                0x080089e0       0x16 ./Middlewares/ST/STM32_USB_Device_Library/Class/DFU/Src/usbd_dfu.o
 .text.USBD_DFU_EP0_TxReady
                0x080089f6      0x1c8 ./Middlewares/ST/STM32_USB_Device_Library/Class/DFU/Src/usbd_dfu.o
 .text.USBD_DFU_SOF
                0x08008bbe       0x16 ./Middlewares/ST/STM32_USB_Device_Library/Class/DFU/Src/usbd_dfu.o
 .text.USBD_DFU_GetDeviceQualifierDesc
                0x08008bd4       0x20 ./Middlewares/ST/STM32_USB_Device_Library/Class/DFU/Src/usbd_dfu.o
 .text.USBD_DFU_GetUsrStringDesc
                0x08008bf4       0x3c ./Middlewares/ST/STM32_USB_Device_Library/Class/DFU/Src/usbd_dfu.o
 .text.USBD_DFU_RegisterMedia
                0x08008c30       0x2a ./Middlewares/ST/STM32_USB_Device_Library/Class/DFU/Src/usbd_dfu.o
                0x08008c30                USBD_DFU_RegisterMedia
 *fill*         0x08008c5a        0x2 
 .text.DFU_Detach
                0x08008c5c       0xc8 ./Middlewares/ST/STM32_USB_Device_Library/Class/DFU/Src/usbd_dfu.o
 .text.DFU_Download
                0x08008d24       0xd8 ./Middlewares/ST/STM32_USB_Device_Library/Class/DFU/Src/usbd_dfu.o
 .text.DFU_Upload
                0x08008dfc      0x1b2 ./Middlewares/ST/STM32_USB_Device_Library/Class/DFU/Src/usbd_dfu.o
 *fill*         0x08008fae        0x2 
 .text.DFU_GetStatus
                0x08008fb0      0x16c ./Middlewares/ST/STM32_USB_Device_Library/Class/DFU/Src/usbd_dfu.o
 .text.DFU_ClearStatus
                0x0800911c       0xa8 ./Middlewares/ST/STM32_USB_Device_Library/Class/DFU/Src/usbd_dfu.o
 .text.DFU_GetState
                0x080091c4       0x30 ./Middlewares/ST/STM32_USB_Device_Library/Class/DFU/Src/usbd_dfu.o
 .text.DFU_Abort
                0x080091f4       0xa2 ./Middlewares/ST/STM32_USB_Device_Library/Class/DFU/Src/usbd_dfu.o
 *fill*         0x08009296        0x2 
 .text.DFU_Leave
                0x08009298       0x9c ./Middlewares/ST/STM32_USB_Device_Library/Class/DFU/Src/usbd_dfu.o
 .text.USBD_Init
                0x08009334       0x60 ./Middlewares/ST/STM32_USB_Device_Library/Core/Src/usbd_core.o
                0x08009334                USBD_Init
 .text.USBD_RegisterClass
                0x08009394       0x4e ./Middlewares/ST/STM32_USB_Device_Library/Core/Src/usbd_core.o
                0x08009394                USBD_RegisterClass
 .text.USBD_Start
                0x080093e2       0x18 ./Middlewares/ST/STM32_USB_Device_Library/Core/Src/usbd_core.o
                0x080093e2                USBD_Start
 .text.USBD_Stop
                0x080093fa       0x36 ./Middlewares/ST/STM32_USB_Device_Library/Core/Src/usbd_core.o
                0x080093fa                USBD_Stop
 .text.USBD_RunTestMode
                0x08009430       0x16 ./Middlewares/ST/STM32_USB_Device_Library/Core/Src/usbd_core.o
                0x08009430                USBD_RunTestMode
 .text.USBD_SetClassConfig
                0x08009446       0x38 ./Middlewares/ST/STM32_USB_Device_Library/Core/Src/usbd_core.o
                0x08009446                USBD_SetClassConfig
 .text.USBD_ClrClassConfig
                0x0800947e       0x30 ./Middlewares/ST/STM32_USB_Device_Library/Core/Src/usbd_core.o
                0x0800947e                USBD_ClrClassConfig
 .text.USBD_LL_SetupStage
                0x080094ae       0xaa ./Middlewares/ST/STM32_USB_Device_Library/Core/Src/usbd_core.o
                0x080094ae                USBD_LL_SetupStage
 .text.USBD_LL_DataOutStage
                0x08009558       0xc6 ./Middlewares/ST/STM32_USB_Device_Library/Core/Src/usbd_core.o
                0x08009558                USBD_LL_DataOutStage
 .text.USBD_LL_DataInStage
                0x0800961e      0x12c ./Middlewares/ST/STM32_USB_Device_Library/Core/Src/usbd_core.o
                0x0800961e                USBD_LL_DataInStage
 .text.USBD_LL_Reset
                0x0800974a       0x9c ./Middlewares/ST/STM32_USB_Device_Library/Core/Src/usbd_core.o
                0x0800974a                USBD_LL_Reset
 .text.USBD_LL_SetSpeed
                0x080097e6       0x20 ./Middlewares/ST/STM32_USB_Device_Library/Core/Src/usbd_core.o
                0x080097e6                USBD_LL_SetSpeed
 .text.USBD_LL_Suspend
                0x08009806       0x2c ./Middlewares/ST/STM32_USB_Device_Library/Core/Src/usbd_core.o
                0x08009806                USBD_LL_Suspend
 .text.USBD_LL_Resume
                0x08009832       0x30 ./Middlewares/ST/STM32_USB_Device_Library/Core/Src/usbd_core.o
                0x08009832                USBD_LL_Resume
 .text.USBD_LL_SOF
                0x08009862       0x44 ./Middlewares/ST/STM32_USB_Device_Library/Core/Src/usbd_core.o
                0x08009862                USBD_LL_SOF
 .text.SWAPBYTE
                0x080098a6       0x3e ./Middlewares/ST/STM32_USB_Device_Library/Core/Src/usbd_ctlreq.o
 .text.USBD_StdDevReq
                0x080098e4       0xdc ./Middlewares/ST/STM32_USB_Device_Library/Core/Src/usbd_ctlreq.o
                0x080098e4                USBD_StdDevReq
 .text.USBD_StdItfReq
                0x080099c0       0x92 ./Middlewares/ST/STM32_USB_Device_Library/Core/Src/usbd_ctlreq.o
                0x080099c0                USBD_StdItfReq
 .text.USBD_StdEPReq
                0x08009a52      0x2c4 ./Middlewares/ST/STM32_USB_Device_Library/Core/Src/usbd_ctlreq.o
                0x08009a52                USBD_StdEPReq
 *fill*         0x08009d16        0x2 
 .text.USBD_GetDescriptor
                0x08009d18      0x34c ./Middlewares/ST/STM32_USB_Device_Library/Core/Src/usbd_ctlreq.o
 .text.USBD_SetAddress
                0x0800a064       0x88 ./Middlewares/ST/STM32_USB_Device_Library/Core/Src/usbd_ctlreq.o
 .text.USBD_SetConfig
                0x0800a0ec      0x14c ./Middlewares/ST/STM32_USB_Device_Library/Core/Src/usbd_ctlreq.o
 .text.USBD_GetConfig
                0x0800a238       0x6c ./Middlewares/ST/STM32_USB_Device_Library/Core/Src/usbd_ctlreq.o
 .text.USBD_GetStatus
                0x0800a2a4       0x68 ./Middlewares/ST/STM32_USB_Device_Library/Core/Src/usbd_ctlreq.o
 .text.USBD_SetFeature
                0x0800a30c       0x28 ./Middlewares/ST/STM32_USB_Device_Library/Core/Src/usbd_ctlreq.o
 .text.USBD_ClrFeature
                0x0800a334       0x44 ./Middlewares/ST/STM32_USB_Device_Library/Core/Src/usbd_ctlreq.o
 .text.USBD_ParseSetupRequest
                0x0800a378       0x74 ./Middlewares/ST/STM32_USB_Device_Library/Core/Src/usbd_ctlreq.o
                0x0800a378                USBD_ParseSetupRequest
 .text.USBD_CtlError
                0x0800a3ec       0x22 ./Middlewares/ST/STM32_USB_Device_Library/Core/Src/usbd_ctlreq.o
                0x0800a3ec                USBD_CtlError
 .text.USBD_GetString
                0x0800a40e       0x8c ./Middlewares/ST/STM32_USB_Device_Library/Core/Src/usbd_ctlreq.o
                0x0800a40e                USBD_GetString
 .text.USBD_GetLen
                0x0800a49a       0x34 ./Middlewares/ST/STM32_USB_Device_Library/Core/Src/usbd_ctlreq.o
 .text.USBD_CtlSendData
                0x0800a4ce       0x36 ./Middlewares/ST/STM32_USB_Device_Library/Core/Src/usbd_ioreq.o
                0x0800a4ce                USBD_CtlSendData
 .text.USBD_CtlContinueSendData
                0x0800a504       0x22 ./Middlewares/ST/STM32_USB_Device_Library/Core/Src/usbd_ioreq.o
                0x0800a504                USBD_CtlContinueSendData
 .text.USBD_CtlPrepareRx
                0x0800a526       0x3a ./Middlewares/ST/STM32_USB_Device_Library/Core/Src/usbd_ioreq.o
                0x0800a526                USBD_CtlPrepareRx
 .text.USBD_CtlContinueRx
                0x0800a560       0x22 ./Middlewares/ST/STM32_USB_Device_Library/Core/Src/usbd_ioreq.o
                0x0800a560                USBD_CtlContinueRx
 .text.USBD_CtlSendStatus
                0x0800a582       0x26 ./Middlewares/ST/STM32_USB_Device_Library/Core/Src/usbd_ioreq.o
                0x0800a582                USBD_CtlSendStatus
 .text.USBD_CtlReceiveStatus
                0x0800a5a8       0x26 ./Middlewares/ST/STM32_USB_Device_Library/Core/Src/usbd_ioreq.o
                0x0800a5a8                USBD_CtlReceiveStatus
 *fill*         0x0800a5ce        0x2 
 .text.MX_USB_Device_Init
                0x0800a5d0       0x60 ./USB_Device/App/usb_device.o
                0x0800a5d0                MX_USB_Device_Init
 .text.USBD_DFU_DeviceDescriptor
                0x0800a630       0x24 ./USB_Device/App/usbd_desc.o
                0x0800a630                USBD_DFU_DeviceDescriptor
 .text.USBD_DFU_LangIDStrDescriptor
                0x0800a654       0x24 ./USB_Device/App/usbd_desc.o
                0x0800a654                USBD_DFU_LangIDStrDescriptor
 .text.USBD_DFU_ProductStrDescriptor
                0x0800a678       0x3c ./USB_Device/App/usbd_desc.o
                0x0800a678                USBD_DFU_ProductStrDescriptor
 .text.USBD_DFU_ManufacturerStrDescriptor
                0x0800a6b4       0x28 ./USB_Device/App/usbd_desc.o
                0x0800a6b4                USBD_DFU_ManufacturerStrDescriptor
 .text.USBD_DFU_SerialStrDescriptor
                0x0800a6dc       0x24 ./USB_Device/App/usbd_desc.o
                0x0800a6dc                USBD_DFU_SerialStrDescriptor
 .text.USBD_DFU_ConfigStrDescriptor
                0x0800a700       0x3c ./USB_Device/App/usbd_desc.o
                0x0800a700                USBD_DFU_ConfigStrDescriptor
 .text.USBD_DFU_InterfaceStrDescriptor
                0x0800a73c       0x3c ./USB_Device/App/usbd_desc.o
                0x0800a73c                USBD_DFU_InterfaceStrDescriptor
 .text.Get_SerialNum
                0x0800a778       0x58 ./USB_Device/App/usbd_desc.o
 .text.IntToUnicode
                0x0800a7d0       0x7e ./USB_Device/App/usbd_desc.o
 .text.FLASH_If_Init
                0x0800a84e       0x10 ./USB_Device/App/usbd_dfu_flash.o
 .text.FLASH_If_DeInit
                0x0800a85e       0x10 ./USB_Device/App/usbd_dfu_flash.o
 .text.FLASH_If_Erase
                0x0800a86e       0x16 ./USB_Device/App/usbd_dfu_flash.o
 .text.FLASH_If_Write
                0x0800a884       0x1a ./USB_Device/App/usbd_dfu_flash.o
 .text.FLASH_If_Read
                0x0800a89e       0x1c ./USB_Device/App/usbd_dfu_flash.o
 .text.FLASH_If_GetStatus
                0x0800a8ba       0x22 ./USB_Device/App/usbd_dfu_flash.o
 .text.HAL_PCD_MspInit
                0x0800a8dc       0x78 ./USB_Device/Target/usbd_conf.o
                0x0800a8dc                HAL_PCD_MspInit
 .text.HAL_PCD_SetupStageCallback
                0x0800a954       0x24 ./USB_Device/Target/usbd_conf.o
                0x0800a954                HAL_PCD_SetupStageCallback
 .text.HAL_PCD_DataOutStageCallback
                0x0800a978       0x36 ./USB_Device/Target/usbd_conf.o
                0x0800a978                HAL_PCD_DataOutStageCallback
 .text.HAL_PCD_DataInStageCallback
                0x0800a9ae       0x34 ./USB_Device/Target/usbd_conf.o
                0x0800a9ae                HAL_PCD_DataInStageCallback
 .text.HAL_PCD_SOFCallback
                0x0800a9e2       0x1c ./USB_Device/Target/usbd_conf.o
                0x0800a9e2                HAL_PCD_SOFCallback
 .text.HAL_PCD_ResetCallback
                0x0800a9fe       0x3c ./USB_Device/Target/usbd_conf.o
                0x0800a9fe                HAL_PCD_ResetCallback
 *fill*         0x0800aa3a        0x2 
 .text.HAL_PCD_SuspendCallback
                0x0800aa3c       0x34 ./USB_Device/Target/usbd_conf.o
                0x0800aa3c                HAL_PCD_SuspendCallback
 .text.HAL_PCD_ResumeCallback
                0x0800aa70       0x38 ./USB_Device/Target/usbd_conf.o
                0x0800aa70                HAL_PCD_ResumeCallback
 .text.USBD_LL_Init
                0x0800aaa8       0x8c ./USB_Device/Target/usbd_conf.o
                0x0800aaa8                USBD_LL_Init
 .text.USBD_LL_Start
                0x0800ab34       0x36 ./USB_Device/Target/usbd_conf.o
                0x0800ab34                USBD_LL_Start
 .text.USBD_LL_Stop
                0x0800ab6a       0x36 ./USB_Device/Target/usbd_conf.o
                0x0800ab6a                USBD_LL_Stop
 .text.USBD_LL_OpenEP
                0x0800aba0       0x4c ./USB_Device/Target/usbd_conf.o
                0x0800aba0                USBD_LL_OpenEP
 .text.USBD_LL_StallEP
                0x0800abec       0x3e ./USB_Device/Target/usbd_conf.o
                0x0800abec                USBD_LL_StallEP
 .text.USBD_LL_ClearStallEP
                0x0800ac2a       0x3e ./USB_Device/Target/usbd_conf.o
                0x0800ac2a                USBD_LL_ClearStallEP
 .text.USBD_LL_IsStallEP
                0x0800ac68       0x58 ./USB_Device/Target/usbd_conf.o
                0x0800ac68                USBD_LL_IsStallEP
 .text.USBD_LL_SetUSBAddress
                0x0800acc0       0x3e ./USB_Device/Target/usbd_conf.o
                0x0800acc0                USBD_LL_SetUSBAddress
 .text.USBD_LL_Transmit
                0x0800acfe       0x42 ./USB_Device/Target/usbd_conf.o
                0x0800acfe                USBD_LL_Transmit
 .text.USBD_LL_PrepareReceive
                0x0800ad40       0x42 ./USB_Device/Target/usbd_conf.o
                0x0800ad40                USBD_LL_PrepareReceive
 *fill*         0x0800ad82        0x2 
 .text.HAL_PCDEx_LPM_Callback
                0x0800ad84       0x6c ./USB_Device/Target/usbd_conf.o
                0x0800ad84                HAL_PCDEx_LPM_Callback
 .text.USBD_static_malloc
                0x0800adf0       0x1c ./USB_Device/Target/usbd_conf.o
                0x0800adf0                USBD_static_malloc
 .text.USBD_static_free
                0x0800ae0c       0x14 ./USB_Device/Target/usbd_conf.o
                0x0800ae0c                USBD_static_free
 .text.SystemClockConfig_Resume
                0x0800ae20        0xc ./USB_Device/Target/usbd_conf.o
 .text.USBD_Get_USB_Status
                0x0800ae2c       0x58 ./USB_Device/Target/usbd_conf.o
 .text.memset   0x0800ae84       0x10 C:/ST/STM32CubeIDE_1.16.1/STM32CubeIDE/plugins/com.st.stm32cube.ide.mcu.externaltools.gnu-tools-for-stm32.13.3.rel1.win32_1.0.0.202411081344/tools/bin/../lib/gcc/arm-none-eabi/13.3.1/../../../../arm-none-eabi/lib/thumb/v7e-m+fp/hard\libc_nano.a(libc_a-memset.o)
                0x0800ae84                memset
 .text.__libc_init_array
                0x0800ae94       0x48 C:/ST/STM32CubeIDE_1.16.1/STM32CubeIDE/plugins/com.st.stm32cube.ide.mcu.externaltools.gnu-tools-for-stm32.13.3.rel1.win32_1.0.0.202411081344/tools/bin/../lib/gcc/arm-none-eabi/13.3.1/../../../../arm-none-eabi/lib/thumb/v7e-m+fp/hard\libc_nano.a(libc_a-init.o)
                0x0800ae94                __libc_init_array
 *(.glue_7)
 .glue_7        0x0800aedc        0x0 linker stubs
 *(.glue_7t)
 .glue_7t       0x0800aedc        0x0 linker stubs
 *(.eh_frame)
 .eh_frame      0x0800aedc        0x0 C:/ST/STM32CubeIDE_1.16.1/STM32CubeIDE/plugins/com.st.stm32cube.ide.mcu.externaltools.gnu-tools-for-stm32.13.3.rel1.win32_1.0.0.202411081344/tools/bin/../lib/gcc/arm-none-eabi/13.3.1/thumb/v7e-m+fp/hard/crtbegin.o
 *(.init)
 .init          0x0800aedc        0x4 C:/ST/STM32CubeIDE_1.16.1/STM32CubeIDE/plugins/com.st.stm32cube.ide.mcu.externaltools.gnu-tools-for-stm32.13.3.rel1.win32_1.0.0.202411081344/tools/bin/../lib/gcc/arm-none-eabi/13.3.1/thumb/v7e-m+fp/hard/crti.o
                0x0800aedc                _init
 .init          0x0800aee0        0x8 C:/ST/STM32CubeIDE_1.16.1/STM32CubeIDE/plugins/com.st.stm32cube.ide.mcu.externaltools.gnu-tools-for-stm32.13.3.rel1.win32_1.0.0.202411081344/tools/bin/../lib/gcc/arm-none-eabi/13.3.1/thumb/v7e-m+fp/hard/crtn.o
 *(.fini)
 .fini          0x0800aee8        0x4 C:/ST/STM32CubeIDE_1.16.1/STM32CubeIDE/plugins/com.st.stm32cube.ide.mcu.externaltools.gnu-tools-for-stm32.13.3.rel1.win32_1.0.0.202411081344/tools/bin/../lib/gcc/arm-none-eabi/13.3.1/thumb/v7e-m+fp/hard/crti.o
                0x0800aee8                _fini
 .fini          0x0800aeec        0x8 C:/ST/STM32CubeIDE_1.16.1/STM32CubeIDE/plugins/com.st.stm32cube.ide.mcu.externaltools.gnu-tools-for-stm32.13.3.rel1.win32_1.0.0.202411081344/tools/bin/../lib/gcc/arm-none-eabi/13.3.1/thumb/v7e-m+fp/hard/crtn.o
                0x0800aef4                        . = ALIGN (0x4)
                0x0800aef4                        _etext = .

.vfp11_veneer   0x0800aef4        0x0
 .vfp11_veneer  0x0800aef4        0x0 linker stubs

.v4_bx          0x0800aef4        0x0
 .v4_bx         0x0800aef4        0x0 linker stubs

.iplt           0x0800aef4        0x0
 .iplt          0x0800aef4        0x0 C:/ST/STM32CubeIDE_1.16.1/STM32CubeIDE/plugins/com.st.stm32cube.ide.mcu.externaltools.gnu-tools-for-stm32.13.3.rel1.win32_1.0.0.202411081344/tools/bin/../lib/gcc/arm-none-eabi/13.3.1/thumb/v7e-m+fp/hard/crtbegin.o

.rodata         0x0800aef4       0xc0
                0x0800aef4                        . = ALIGN (0x4)
 *(.rodata)
 .rodata        0x0800aef4       0x4e ./USB_Device/App/usbd_desc.o
 *fill*         0x0800af42        0x2 
 .rodata        0x0800af44       0x5d ./USB_Device/App/usbd_dfu_flash.o
 *(.rodata*)
 *fill*         0x0800afa1        0x3 
 .rodata.AHBPrescTable
                0x0800afa4       0x10 ./Core/Src/system_stm32g4xx.o
                0x0800afa4                AHBPrescTable
                0x0800afb4                        . = ALIGN (0x4)

.ARM.extab      0x0800afb4        0x0
                0x0800afb4                        . = ALIGN (0x4)
 *(.ARM.extab* .gnu.linkonce.armextab.*)
                0x0800afb4                        . = ALIGN (0x4)

.ARM            0x0800afb4        0x0
                0x0800afb4                        . = ALIGN (0x4)
                0x0800afb4                        __exidx_start = .
 *(.ARM.exidx*)
                0x0800afb4                        __exidx_end = .
                0x0800afb4                        . = ALIGN (0x4)

.preinit_array  0x0800afb4        0x0
                0x0800afb4                        . = ALIGN (0x4)
                0x0800afb4                        PROVIDE (__preinit_array_start = .)
 *(.preinit_array*)
                0x0800afb4                        PROVIDE (__preinit_array_end = .)
                0x0800afb4                        . = ALIGN (0x4)

.init_array     0x0800afb4        0x4
                0x0800afb4                        . = ALIGN (0x4)
                0x0800afb4                        PROVIDE (__init_array_start = .)
 *(SORT_BY_NAME(.init_array.*))
 *(.init_array*)
 .init_array    0x0800afb4        0x4 C:/ST/STM32CubeIDE_1.16.1/STM32CubeIDE/plugins/com.st.stm32cube.ide.mcu.externaltools.gnu-tools-for-stm32.13.3.rel1.win32_1.0.0.202411081344/tools/bin/../lib/gcc/arm-none-eabi/13.3.1/thumb/v7e-m+fp/hard/crtbegin.o
                0x0800afb8                        PROVIDE (__init_array_end = .)
                0x0800afb8                        . = ALIGN (0x4)

.fini_array     0x0800afb8        0x4
                0x0800afb8                        . = ALIGN (0x4)
                [!provide]                        PROVIDE (__fini_array_start = .)
 *(SORT_BY_NAME(.fini_array.*))
 *(.fini_array*)
 .fini_array    0x0800afb8        0x4 C:/ST/STM32CubeIDE_1.16.1/STM32CubeIDE/plugins/com.st.stm32cube.ide.mcu.externaltools.gnu-tools-for-stm32.13.3.rel1.win32_1.0.0.202411081344/tools/bin/../lib/gcc/arm-none-eabi/13.3.1/thumb/v7e-m+fp/hard/crtbegin.o
                [!provide]                        PROVIDE (__fini_array_end = .)
                0x0800afbc                        . = ALIGN (0x4)
                0x0800afbc                        _sidata = LOADADDR (.data)

.rel.dyn        0x0800afbc        0x0
 .rel.iplt      0x0800afbc        0x0 C:/ST/STM32CubeIDE_1.16.1/STM32CubeIDE/plugins/com.st.stm32cube.ide.mcu.externaltools.gnu-tools-for-stm32.13.3.rel1.win32_1.0.0.202411081344/tools/bin/../lib/gcc/arm-none-eabi/13.3.1/thumb/v7e-m+fp/hard/crtbegin.o

.data           0x20000000       0xe0 load address 0x0800afbc
                0x20000000                        . = ALIGN (0x4)
                0x20000000                        _sdata = .
 *(.data)
 *(.data*)
 .data.SystemCoreClock
                0x20000000        0x4 ./Core/Src/system_stm32g4xx.o
                0x20000000                SystemCoreClock
 .data.uwTickPrio
                0x20000004        0x4 ./Drivers/STM32G4xx_HAL_Driver/Src/stm32g4xx_hal.o
                0x20000004                uwTickPrio
 .data.uwTickFreq
                0x20000008        0x4 ./Drivers/STM32G4xx_HAL_Driver/Src/stm32g4xx_hal.o
                0x20000008                uwTickFreq
 .data.USBD_DFU
                0x2000000c       0x3c ./Middlewares/ST/STM32_USB_Device_Library/Class/DFU/Src/usbd_dfu.o
                0x2000000c                USBD_DFU
 .data.USBD_DFU_CfgDesc
                0x20000048       0x1b ./Middlewares/ST/STM32_USB_Device_Library/Class/DFU/Src/usbd_dfu.o
 *fill*         0x20000063        0x1 
 .data.USBD_DFU_DeviceQualifierDesc
                0x20000064        0xa ./Middlewares/ST/STM32_USB_Device_Library/Class/DFU/Src/usbd_dfu.o
 *fill*         0x2000006e        0x2 
 .data.DFU_Desc
                0x20000070       0x20 ./USB_Device/App/usbd_desc.o
                0x20000070                DFU_Desc
 .data.USBD_DFU_DeviceDesc
                0x20000090       0x12 ./USB_Device/App/usbd_desc.o
                0x20000090                USBD_DFU_DeviceDesc
 *fill*         0x200000a2        0x2 
 .data.USBD_LangIDDesc
                0x200000a4        0x4 ./USB_Device/App/usbd_desc.o
                0x200000a4                USBD_LangIDDesc
 .data.USBD_StringSerial
                0x200000a8       0x1a ./USB_Device/App/usbd_desc.o
                0x200000a8                USBD_StringSerial
 *fill*         0x200000c2        0x2 
 .data.USBD_DFU_Flash_fops
                0x200000c4       0x1c ./USB_Device/App/usbd_dfu_flash.o
                0x200000c4                USBD_DFU_Flash_fops
 *(.RamFunc)
 *(.RamFunc*)
                0x200000e0                        . = ALIGN (0x4)
                0x200000e0                        _edata = .

.igot.plt       0x200000e0        0x0 load address 0x0800b09c
 .igot.plt      0x200000e0        0x0 C:/ST/STM32CubeIDE_1.16.1/STM32CubeIDE/plugins/com.st.stm32cube.ide.mcu.externaltools.gnu-tools-for-stm32.13.3.rel1.win32_1.0.0.202411081344/tools/bin/../lib/gcc/arm-none-eabi/13.3.1/thumb/v7e-m+fp/hard/crtbegin.o
                0x200000e0                        . = ALIGN (0x4)

.bss            0x200000e0      0xe5c load address 0x0800b09c
                0x200000e0                        _sbss = .
                0x200000e0                        __bss_start__ = _sbss
 *(.bss)
 .bss           0x200000e0       0x1c C:/ST/STM32CubeIDE_1.16.1/STM32CubeIDE/plugins/com.st.stm32cube.ide.mcu.externaltools.gnu-tools-for-stm32.13.3.rel1.win32_1.0.0.202411081344/tools/bin/../lib/gcc/arm-none-eabi/13.3.1/thumb/v7e-m+fp/hard/crtbegin.o
 *(.bss*)
 .bss.I2C_REGISTERS
                0x200000fc        0x7 ./Core/Src/i2c_slave.o
                0x200000fc                I2C_REGISTERS
 *fill*         0x20000103        0x1 
 .bss.RxData    0x20000104        0x2 ./Core/Src/i2c_slave.o
                0x20000104                RxData
 .bss.rxcount   0x20000106        0x1 ./Core/Src/i2c_slave.o
                0x20000106                rxcount
 *fill*         0x20000107        0x1 
 .bss.counterror
                0x20000108        0x4 ./Core/Src/i2c_slave.o
                0x20000108                counterror
 .bss.hi2c2     0x2000010c       0x54 ./Core/Src/main.o
                0x2000010c                hi2c2
 .bss.htim2     0x20000160       0x4c ./Core/Src/main.o
                0x20000160                htim2
 .bss.hdma_tim2_ch1
                0x200001ac       0x60 ./Core/Src/main.o
                0x200001ac                hdma_tim2_ch1
 .bss.hdma_tim2_ch2
                0x2000020c       0x60 ./Core/Src/main.o
                0x2000020c                hdma_tim2_ch2
 .bss.uwTick    0x2000026c        0x4 ./Drivers/STM32G4xx_HAL_Driver/Src/stm32g4xx_hal.o
                0x2000026c                uwTick
 .bss.USBD_StrDesc.0
                0x20000270       0xff ./Middlewares/ST/STM32_USB_Device_Library/Class/DFU/Src/usbd_dfu.o
 .bss.cfgidx.0  0x2000036f        0x1 ./Middlewares/ST/STM32_USB_Device_Library/Core/Src/usbd_ctlreq.o
 .bss.hUsbDeviceFS
                0x20000370      0x2d0 ./USB_Device/App/usb_device.o
                0x20000370                hUsbDeviceFS
 .bss.USBD_StrDesc
                0x20000640      0x200 ./USB_Device/App/usbd_desc.o
                0x20000640                USBD_StrDesc
 .bss.hpcd_USB_FS
                0x20000840      0x2dc ./USB_Device/Target/usbd_conf.o
                0x20000840                hpcd_USB_FS
 .bss.mem.0     0x20000b1c      0x420 ./USB_Device/Target/usbd_conf.o
 *(COMMON)
                0x20000f3c                        . = ALIGN (0x4)
                0x20000f3c                        _ebss = .
                0x20000f3c                        __bss_end__ = _ebss

._user_heap_stack
                0x20000f3c      0x604 load address 0x0800b09c
                0x20000f40                        . = ALIGN (0x8)
 *fill*         0x20000f3c        0x4 
                [!provide]                        PROVIDE (end = .)
                0x20000f40                        PROVIDE (_end = .)
                0x20001140                        . = (. + _Min_Heap_Size)
 *fill*         0x20000f40      0x200 
                0x20001540                        . = (. + _Min_Stack_Size)
 *fill*         0x20001140      0x400 
                0x20001540                        . = ALIGN (0x8)

/DISCARD/
 libc.a(*)
 libm.a(*)
 libgcc.a(*)

.ARM.attributes
                0x00000000       0x30
 *(.ARM.attributes)
 .ARM.attributes
                0x00000000       0x22 C:/ST/STM32CubeIDE_1.16.1/STM32CubeIDE/plugins/com.st.stm32cube.ide.mcu.externaltools.gnu-tools-for-stm32.13.3.rel1.win32_1.0.0.202411081344/tools/bin/../lib/gcc/arm-none-eabi/13.3.1/thumb/v7e-m+fp/hard/crti.o
 .ARM.attributes
                0x00000022       0x34 C:/ST/STM32CubeIDE_1.16.1/STM32CubeIDE/plugins/com.st.stm32cube.ide.mcu.externaltools.gnu-tools-for-stm32.13.3.rel1.win32_1.0.0.202411081344/tools/bin/../lib/gcc/arm-none-eabi/13.3.1/thumb/v7e-m+fp/hard/crtbegin.o
 .ARM.attributes
                0x00000056       0x34 ./Core/Src/i2c_slave.o
 .ARM.attributes
                0x0000008a       0x34 ./Core/Src/main.o
 .ARM.attributes
                0x000000be       0x34 ./Core/Src/stm32g4xx_hal_msp.o
 .ARM.attributes
                0x000000f2       0x34 ./Core/Src/stm32g4xx_it.o
 .ARM.attributes
                0x00000126       0x34 ./Core/Src/system_stm32g4xx.o
 .ARM.attributes
                0x0000015a       0x21 ./Core/Startup/startup_stm32g431kbtx.o
 .ARM.attributes
                0x0000017b       0x34 ./Drivers/STM32G4xx_HAL_Driver/Src/stm32g4xx_hal.o
 .ARM.attributes
                0x000001af       0x34 ./Drivers/STM32G4xx_HAL_Driver/Src/stm32g4xx_hal_cortex.o
 .ARM.attributes
                0x000001e3       0x34 ./Drivers/STM32G4xx_HAL_Driver/Src/stm32g4xx_hal_dma.o
 .ARM.attributes
                0x00000217       0x34 ./Drivers/STM32G4xx_HAL_Driver/Src/stm32g4xx_hal_gpio.o
 .ARM.attributes
                0x0000024b       0x34 ./Drivers/STM32G4xx_HAL_Driver/Src/stm32g4xx_hal_i2c.o
 .ARM.attributes
                0x0000027f       0x34 ./Drivers/STM32G4xx_HAL_Driver/Src/stm32g4xx_hal_i2c_ex.o
 .ARM.attributes
                0x000002b3       0x34 ./Drivers/STM32G4xx_HAL_Driver/Src/stm32g4xx_hal_pcd.o
 .ARM.attributes
                0x000002e7       0x34 ./Drivers/STM32G4xx_HAL_Driver/Src/stm32g4xx_hal_pcd_ex.o
 .ARM.attributes
                0x0000031b       0x34 ./Drivers/STM32G4xx_HAL_Driver/Src/stm32g4xx_hal_pwr_ex.o
 .ARM.attributes
                0x0000034f       0x34 ./Drivers/STM32G4xx_HAL_Driver/Src/stm32g4xx_hal_rcc.o
 .ARM.attributes
                0x00000383       0x34 ./Drivers/STM32G4xx_HAL_Driver/Src/stm32g4xx_hal_rcc_ex.o
 .ARM.attributes
                0x000003b7       0x34 ./Drivers/STM32G4xx_HAL_Driver/Src/stm32g4xx_hal_tim.o
 .ARM.attributes
                0x000003eb       0x34 ./Drivers/STM32G4xx_HAL_Driver/Src/stm32g4xx_hal_tim_ex.o
 .ARM.attributes
                0x0000041f       0x34 ./Drivers/STM32G4xx_HAL_Driver/Src/stm32g4xx_ll_usb.o
 .ARM.attributes
                0x00000453       0x34 ./Middlewares/ST/STM32_USB_Device_Library/Class/DFU/Src/usbd_dfu.o
 .ARM.attributes
                0x00000487       0x34 ./Middlewares/ST/STM32_USB_Device_Library/Core/Src/usbd_core.o
 .ARM.attributes
                0x000004bb       0x34 ./Middlewares/ST/STM32_USB_Device_Library/Core/Src/usbd_ctlreq.o
 .ARM.attributes
                0x000004ef       0x34 ./Middlewares/ST/STM32_USB_Device_Library/Core/Src/usbd_ioreq.o
 .ARM.attributes
                0x00000523       0x34 ./USB_Device/App/usb_device.o
 .ARM.attributes
                0x00000557       0x34 ./USB_Device/App/usbd_desc.o
 .ARM.attributes
                0x0000058b       0x34 ./USB_Device/App/usbd_dfu_flash.o
 .ARM.attributes
                0x000005bf       0x34 ./USB_Device/Target/usbd_conf.o
 .ARM.attributes
                0x000005f3       0x34 C:/ST/STM32CubeIDE_1.16.1/STM32CubeIDE/plugins/com.st.stm32cube.ide.mcu.externaltools.gnu-tools-for-stm32.13.3.rel1.win32_1.0.0.202411081344/tools/bin/../lib/gcc/arm-none-eabi/13.3.1/../../../../arm-none-eabi/lib/thumb/v7e-m+fp/hard\libc_nano.a(libc_a-memset.o)
 .ARM.attributes
                0x00000627       0x34 C:/ST/STM32CubeIDE_1.16.1/STM32CubeIDE/plugins/com.st.stm32cube.ide.mcu.externaltools.gnu-tools-for-stm32.13.3.rel1.win32_1.0.0.202411081344/tools/bin/../lib/gcc/arm-none-eabi/13.3.1/../../../../arm-none-eabi/lib/thumb/v7e-m+fp/hard\libc_nano.a(libc_a-init.o)
 .ARM.attributes
                0x0000065b       0x22 C:/ST/STM32CubeIDE_1.16.1/STM32CubeIDE/plugins/com.st.stm32cube.ide.mcu.externaltools.gnu-tools-for-stm32.13.3.rel1.win32_1.0.0.202411081344/tools/bin/../lib/gcc/arm-none-eabi/13.3.1/thumb/v7e-m+fp/hard/crtn.o
OUTPUT(Torpedo Controller - Juan Garnica - 8-5-2025.elf elf32-littlearm)
LOAD linker stubs
LOAD C:/ST/STM32CubeIDE_1.16.1/STM32CubeIDE/plugins/com.st.stm32cube.ide.mcu.externaltools.gnu-tools-for-stm32.13.3.rel1.win32_1.0.0.202411081344/tools/bin/../lib/gcc/arm-none-eabi/13.3.1/../../../../arm-none-eabi/lib/thumb/v7e-m+fp/hard\libc.a
LOAD C:/ST/STM32CubeIDE_1.16.1/STM32CubeIDE/plugins/com.st.stm32cube.ide.mcu.externaltools.gnu-tools-for-stm32.13.3.rel1.win32_1.0.0.202411081344/tools/bin/../lib/gcc/arm-none-eabi/13.3.1/../../../../arm-none-eabi/lib/thumb/v7e-m+fp/hard\libm.a
LOAD C:/ST/STM32CubeIDE_1.16.1/STM32CubeIDE/plugins/com.st.stm32cube.ide.mcu.externaltools.gnu-tools-for-stm32.13.3.rel1.win32_1.0.0.202411081344/tools/bin/../lib/gcc/arm-none-eabi/13.3.1/thumb/v7e-m+fp/hard\libgcc.a

.debug_info     0x00000000    0x1950b
 .debug_info    0x00000000      0x8f7 ./Core/Src/i2c_slave.o
 .debug_info    0x000008f7     0x1681 ./Core/Src/main.o
 .debug_info    0x00001f78     0x139e ./Core/Src/stm32g4xx_hal_msp.o
 .debug_info    0x00003316     0x1126 ./Core/Src/stm32g4xx_it.o
 .debug_info    0x0000443c      0x58e ./Core/Src/system_stm32g4xx.o
 .debug_info    0x000049ca       0x30 ./Core/Startup/startup_stm32g431kbtx.o
 .debug_info    0x000049fa      0xadb ./Drivers/STM32G4xx_HAL_Driver/Src/stm32g4xx_hal.o
 .debug_info    0x000054d5      0xd3f ./Drivers/STM32G4xx_HAL_Driver/Src/stm32g4xx_hal_cortex.o
 .debug_info    0x00006214      0x85f ./Drivers/STM32G4xx_HAL_Driver/Src/stm32g4xx_hal_dma.o
 .debug_info    0x00006a73      0x763 ./Drivers/STM32G4xx_HAL_Driver/Src/stm32g4xx_hal_gpio.o
 .debug_info    0x000071d6     0x21ea ./Drivers/STM32G4xx_HAL_Driver/Src/stm32g4xx_hal_i2c.o
 .debug_info    0x000093c0      0xad6 ./Drivers/STM32G4xx_HAL_Driver/Src/stm32g4xx_hal_i2c_ex.o
 .debug_info    0x00009e96     0x1610 ./Drivers/STM32G4xx_HAL_Driver/Src/stm32g4xx_hal_pcd.o
 .debug_info    0x0000b4a6      0x80a ./Drivers/STM32G4xx_HAL_Driver/Src/stm32g4xx_hal_pcd_ex.o
 .debug_info    0x0000bcb0      0x93f ./Drivers/STM32G4xx_HAL_Driver/Src/stm32g4xx_hal_pwr_ex.o
 .debug_info    0x0000c5ef      0xb82 ./Drivers/STM32G4xx_HAL_Driver/Src/stm32g4xx_hal_rcc.o
 .debug_info    0x0000d171      0xc15 ./Drivers/STM32G4xx_HAL_Driver/Src/stm32g4xx_hal_rcc_ex.o
 .debug_info    0x0000dd86     0x2c52 ./Drivers/STM32G4xx_HAL_Driver/Src/stm32g4xx_hal_tim.o
 .debug_info    0x000109d8     0x1d95 ./Drivers/STM32G4xx_HAL_Driver/Src/stm32g4xx_hal_tim_ex.o
 .debug_info    0x0001276d     0x1577 ./Drivers/STM32G4xx_HAL_Driver/Src/stm32g4xx_ll_usb.o
 .debug_info    0x00013ce4      0xfa3 ./Middlewares/ST/STM32_USB_Device_Library/Class/DFU/Src/usbd_dfu.o
 .debug_info    0x00014c87      0xb45 ./Middlewares/ST/STM32_USB_Device_Library/Core/Src/usbd_core.o
 .debug_info    0x000157cc      0xa81 ./Middlewares/ST/STM32_USB_Device_Library/Core/Src/usbd_ctlreq.o
 .debug_info    0x0001624d      0x74a ./Middlewares/ST/STM32_USB_Device_Library/Core/Src/usbd_ioreq.o
 .debug_info    0x00016997      0x71c ./USB_Device/App/usb_device.o
 .debug_info    0x000170b3      0x45f ./USB_Device/App/usbd_desc.o
 .debug_info    0x00017512      0x311 ./USB_Device/App/usbd_dfu_flash.o
 .debug_info    0x00017823     0x1ce8 ./USB_Device/Target/usbd_conf.o

.debug_abbrev   0x00000000     0x3dcf
 .debug_abbrev  0x00000000      0x1d2 ./Core/Src/i2c_slave.o
 .debug_abbrev  0x000001d2      0x30a ./Core/Src/main.o
 .debug_abbrev  0x000004dc      0x277 ./Core/Src/stm32g4xx_hal_msp.o
 .debug_abbrev  0x00000753      0x21d ./Core/Src/stm32g4xx_it.o
 .debug_abbrev  0x00000970      0x11a ./Core/Src/system_stm32g4xx.o
 .debug_abbrev  0x00000a8a       0x24 ./Core/Startup/startup_stm32g431kbtx.o
 .debug_abbrev  0x00000aae      0x271 ./Drivers/STM32G4xx_HAL_Driver/Src/stm32g4xx_hal.o
 .debug_abbrev  0x00000d1f      0x31c ./Drivers/STM32G4xx_HAL_Driver/Src/stm32g4xx_hal_cortex.o
 .debug_abbrev  0x0000103b      0x1e2 ./Drivers/STM32G4xx_HAL_Driver/Src/stm32g4xx_hal_dma.o
 .debug_abbrev  0x0000121d      0x1cb ./Drivers/STM32G4xx_HAL_Driver/Src/stm32g4xx_hal_gpio.o
 .debug_abbrev  0x000013e8      0x25e ./Drivers/STM32G4xx_HAL_Driver/Src/stm32g4xx_hal_i2c.o
 .debug_abbrev  0x00001646      0x1c0 ./Drivers/STM32G4xx_HAL_Driver/Src/stm32g4xx_hal_i2c_ex.o
 .debug_abbrev  0x00001806      0x2b9 ./Drivers/STM32G4xx_HAL_Driver/Src/stm32g4xx_hal_pcd.o
 .debug_abbrev  0x00001abf      0x228 ./Drivers/STM32G4xx_HAL_Driver/Src/stm32g4xx_hal_pcd_ex.o
 .debug_abbrev  0x00001ce7      0x22c ./Drivers/STM32G4xx_HAL_Driver/Src/stm32g4xx_hal_pwr_ex.o
 .debug_abbrev  0x00001f13      0x2c9 ./Drivers/STM32G4xx_HAL_Driver/Src/stm32g4xx_hal_rcc.o
 .debug_abbrev  0x000021dc      0x258 ./Drivers/STM32G4xx_HAL_Driver/Src/stm32g4xx_hal_rcc_ex.o
 .debug_abbrev  0x00002434      0x2a7 ./Drivers/STM32G4xx_HAL_Driver/Src/stm32g4xx_hal_tim.o
 .debug_abbrev  0x000026db      0x2c5 ./Drivers/STM32G4xx_HAL_Driver/Src/stm32g4xx_hal_tim_ex.o
 .debug_abbrev  0x000029a0      0x247 ./Drivers/STM32G4xx_HAL_Driver/Src/stm32g4xx_ll_usb.o
 .debug_abbrev  0x00002be7      0x352 ./Middlewares/ST/STM32_USB_Device_Library/Class/DFU/Src/usbd_dfu.o
 .debug_abbrev  0x00002f39      0x24f ./Middlewares/ST/STM32_USB_Device_Library/Core/Src/usbd_core.o
 .debug_abbrev  0x00003188      0x27e ./Middlewares/ST/STM32_USB_Device_Library/Core/Src/usbd_ctlreq.o
 .debug_abbrev  0x00003406      0x1a9 ./Middlewares/ST/STM32_USB_Device_Library/Core/Src/usbd_ioreq.o
 .debug_abbrev  0x000035af      0x1bb ./USB_Device/App/usb_device.o
 .debug_abbrev  0x0000376a      0x20e ./USB_Device/App/usbd_desc.o
 .debug_abbrev  0x00003978      0x122 ./USB_Device/App/usbd_dfu_flash.o
 .debug_abbrev  0x00003a9a      0x335 ./USB_Device/Target/usbd_conf.o

.debug_aranges  0x00000000     0x1728
 .debug_aranges
                0x00000000       0x40 ./Core/Src/i2c_slave.o
 .debug_aranges
                0x00000040       0x50 ./Core/Src/main.o
 .debug_aranges
                0x00000090       0x48 ./Core/Src/stm32g4xx_hal_msp.o
 .debug_aranges
                0x000000d8       0x90 ./Core/Src/stm32g4xx_it.o
 .debug_aranges
                0x00000168       0x28 ./Core/Src/system_stm32g4xx.o
 .debug_aranges
                0x00000190       0x28 ./Core/Startup/startup_stm32g431kbtx.o
 .debug_aranges
                0x000001b8      0x148 ./Drivers/STM32G4xx_HAL_Driver/Src/stm32g4xx_hal.o
 .debug_aranges
                0x00000300      0x128 ./Drivers/STM32G4xx_HAL_Driver/Src/stm32g4xx_hal_cortex.o
 .debug_aranges
                0x00000428       0x90 ./Drivers/STM32G4xx_HAL_Driver/Src/stm32g4xx_hal_dma.o
 .debug_aranges
                0x000004b8       0x58 ./Drivers/STM32G4xx_HAL_Driver/Src/stm32g4xx_hal_gpio.o
 .debug_aranges
                0x00000510      0x2a0 ./Drivers/STM32G4xx_HAL_Driver/Src/stm32g4xx_hal_i2c.o
 .debug_aranges
                0x000007b0       0x48 ./Drivers/STM32G4xx_HAL_Driver/Src/stm32g4xx_hal_i2c_ex.o
 .debug_aranges
                0x000007f8      0x138 ./Drivers/STM32G4xx_HAL_Driver/Src/stm32g4xx_hal_pcd.o
 .debug_aranges
                0x00000930       0x58 ./Drivers/STM32G4xx_HAL_Driver/Src/stm32g4xx_hal_pcd_ex.o
 .debug_aranges
                0x00000988      0x140 ./Drivers/STM32G4xx_HAL_Driver/Src/stm32g4xx_hal_pwr_ex.o
 .debug_aranges
                0x00000ac8       0x98 ./Drivers/STM32G4xx_HAL_Driver/Src/stm32g4xx_hal_rcc.o
 .debug_aranges
                0x00000b60       0xb0 ./Drivers/STM32G4xx_HAL_Driver/Src/stm32g4xx_hal_rcc_ex.o
 .debug_aranges
                0x00000c10      0x3e0 ./Drivers/STM32G4xx_HAL_Driver/Src/stm32g4xx_hal_tim.o
 .debug_aranges
                0x00000ff0      0x240 ./Drivers/STM32G4xx_HAL_Driver/Src/stm32g4xx_hal_tim_ex.o
 .debug_aranges
                0x00001230       0xc8 ./Drivers/STM32G4xx_HAL_Driver/Src/stm32g4xx_ll_usb.o
 .debug_aranges
                0x000012f8       0xb0 ./Middlewares/ST/STM32_USB_Device_Library/Class/DFU/Src/usbd_dfu.o
 .debug_aranges
                0x000013a8       0xb8 ./Middlewares/ST/STM32_USB_Device_Library/Core/Src/usbd_core.o
 .debug_aranges
                0x00001460       0x90 ./Middlewares/ST/STM32_USB_Device_Library/Core/Src/usbd_ctlreq.o
 .debug_aranges
                0x000014f0       0x50 ./Middlewares/ST/STM32_USB_Device_Library/Core/Src/usbd_ioreq.o
 .debug_aranges
                0x00001540       0x20 ./USB_Device/App/usb_device.o
 .debug_aranges
                0x00001560       0x60 ./USB_Device/App/usbd_desc.o
 .debug_aranges
                0x000015c0       0x48 ./USB_Device/App/usbd_dfu_flash.o
 .debug_aranges
                0x00001608      0x120 ./USB_Device/Target/usbd_conf.o

.debug_rnglists
                0x00000000     0x11c3
 .debug_rnglists
                0x00000000       0x2b ./Core/Src/i2c_slave.o
 .debug_rnglists
                0x0000002b       0x3b ./Core/Src/main.o
 .debug_rnglists
                0x00000066       0x33 ./Core/Src/stm32g4xx_hal_msp.o
 .debug_rnglists
                0x00000099       0x67 ./Core/Src/stm32g4xx_it.o
 .debug_rnglists
                0x00000100       0x1a ./Core/Src/system_stm32g4xx.o
 .debug_rnglists
                0x0000011a       0x19 ./Core/Startup/startup_stm32g431kbtx.o
 .debug_rnglists
                0x00000133       0xf1 ./Drivers/STM32G4xx_HAL_Driver/Src/stm32g4xx_hal.o
 .debug_rnglists
                0x00000224       0xda ./Drivers/STM32G4xx_HAL_Driver/Src/stm32g4xx_hal_cortex.o
 .debug_rnglists
                0x000002fe       0x71 ./Drivers/STM32G4xx_HAL_Driver/Src/stm32g4xx_hal_dma.o
 .debug_rnglists
                0x0000036f       0x3f ./Drivers/STM32G4xx_HAL_Driver/Src/stm32g4xx_hal_gpio.o
 .debug_rnglists
                0x000003ae      0x228 ./Drivers/STM32G4xx_HAL_Driver/Src/stm32g4xx_hal_i2c.o
 .debug_rnglists
                0x000005d6       0x35 ./Drivers/STM32G4xx_HAL_Driver/Src/stm32g4xx_hal_i2c_ex.o
 .debug_rnglists
                0x0000060b       0xee ./Drivers/STM32G4xx_HAL_Driver/Src/stm32g4xx_hal_pcd.o
 .debug_rnglists
                0x000006f9       0x3f ./Drivers/STM32G4xx_HAL_Driver/Src/stm32g4xx_hal_pcd_ex.o
 .debug_rnglists
                0x00000738       0xf1 ./Drivers/STM32G4xx_HAL_Driver/Src/stm32g4xx_hal_pwr_ex.o
 .debug_rnglists
                0x00000829       0x74 ./Drivers/STM32G4xx_HAL_Driver/Src/stm32g4xx_hal_rcc.o
 .debug_rnglists
                0x0000089d       0x87 ./Drivers/STM32G4xx_HAL_Driver/Src/stm32g4xx_hal_rcc_ex.o
 .debug_rnglists
                0x00000924      0x328 ./Drivers/STM32G4xx_HAL_Driver/Src/stm32g4xx_hal_tim.o
 .debug_rnglists
                0x00000c4c      0x1cc ./Drivers/STM32G4xx_HAL_Driver/Src/stm32g4xx_hal_tim_ex.o
 .debug_rnglists
                0x00000e18       0x99 ./Drivers/STM32G4xx_HAL_Driver/Src/stm32g4xx_ll_usb.o
 .debug_rnglists
                0x00000eb1       0x89 ./Middlewares/ST/STM32_USB_Device_Library/Class/DFU/Src/usbd_dfu.o
 .debug_rnglists
                0x00000f3a       0x89 ./Middlewares/ST/STM32_USB_Device_Library/Core/Src/usbd_core.o
 .debug_rnglists
                0x00000fc3       0x6e ./Middlewares/ST/STM32_USB_Device_Library/Core/Src/usbd_ctlreq.o
 .debug_rnglists
                0x00001031       0x37 ./Middlewares/ST/STM32_USB_Device_Library/Core/Src/usbd_ioreq.o
 .debug_rnglists
                0x00001068       0x13 ./USB_Device/App/usb_device.o
 .debug_rnglists
                0x0000107b       0x43 ./USB_Device/App/usbd_desc.o
 .debug_rnglists
                0x000010be       0x31 ./USB_Device/App/usbd_dfu_flash.o
 .debug_rnglists
                0x000010ef       0xd4 ./USB_Device/Target/usbd_conf.o

.debug_macro    0x00000000    0x21035
 .debug_macro   0x00000000      0x211 ./Core/Src/i2c_slave.o
 .debug_macro   0x00000211      0xad8 ./Core/Src/i2c_slave.o
 .debug_macro   0x00000ce9      0x161 ./Core/Src/i2c_slave.o
 .debug_macro   0x00000e4a       0x2e ./Core/Src/i2c_slave.o
 .debug_macro   0x00000e78       0x28 ./Core/Src/i2c_slave.o
 .debug_macro   0x00000ea0       0x22 ./Core/Src/i2c_slave.o
 .debug_macro   0x00000ec2       0x8e ./Core/Src/i2c_slave.o
 .debug_macro   0x00000f50       0x51 ./Core/Src/i2c_slave.o
 .debug_macro   0x00000fa1      0x103 ./Core/Src/i2c_slave.o
 .debug_macro   0x000010a4       0x6a ./Core/Src/i2c_slave.o
 .debug_macro   0x0000110e      0x1df ./Core/Src/i2c_slave.o
 .debug_macro   0x000012ed       0x1c ./Core/Src/i2c_slave.o
 .debug_macro   0x00001309       0x22 ./Core/Src/i2c_slave.o
 .debug_macro   0x0000132b       0xfb ./Core/Src/i2c_slave.o
 .debug_macro   0x00001426     0x1011 ./Core/Src/i2c_slave.o
 .debug_macro   0x00002437      0x11f ./Core/Src/i2c_slave.o
 .debug_macro   0x00002556    0x1138f ./Core/Src/i2c_slave.o
 .debug_macro   0x000138e5       0x6d ./Core/Src/i2c_slave.o
 .debug_macro   0x00013952     0x3558 ./Core/Src/i2c_slave.o
 .debug_macro   0x00016eaa      0x190 ./Core/Src/i2c_slave.o
 .debug_macro   0x0001703a       0x5c ./Core/Src/i2c_slave.o
 .debug_macro   0x00017096     0x141d ./Core/Src/i2c_slave.o
 .debug_macro   0x000184b3      0x535 ./Core/Src/i2c_slave.o
 .debug_macro   0x000189e8      0x1b6 ./Core/Src/i2c_slave.o
 .debug_macro   0x00018b9e      0x288 ./Core/Src/i2c_slave.o
 .debug_macro   0x00018e26      0x41d ./Core/Src/i2c_slave.o
 .debug_macro   0x00019243      0x18b ./Core/Src/i2c_slave.o
 .debug_macro   0x000193ce       0x43 ./Core/Src/i2c_slave.o
 .debug_macro   0x00019411      0x23d ./Core/Src/i2c_slave.o
 .debug_macro   0x0001964e      0x211 ./Core/Src/i2c_slave.o
 .debug_macro   0x0001985f      0x401 ./Core/Src/i2c_slave.o
 .debug_macro   0x00019c60      0x107 ./Core/Src/i2c_slave.o
 .debug_macro   0x00019d67      0x22c ./Core/Src/i2c_slave.o
 .debug_macro   0x00019f93       0x61 ./Core/Src/i2c_slave.o
 .debug_macro   0x00019ff4       0xa5 ./Core/Src/i2c_slave.o
 .debug_macro   0x0001a099       0x73 ./Core/Src/i2c_slave.o
 .debug_macro   0x0001a10c      0x22d ./Core/Src/i2c_slave.o
 .debug_macro   0x0001a339      0x122 ./Core/Src/i2c_slave.o
 .debug_macro   0x0001a45b      0x3d1 ./Core/Src/i2c_slave.o
 .debug_macro   0x0001a82c      0xbda ./Core/Src/i2c_slave.o
 .debug_macro   0x0001b406      0x47e ./Core/Src/i2c_slave.o
 .debug_macro   0x0001b884      0x306 ./Core/Src/i2c_slave.o
 .debug_macro   0x0001bb8a      0x365 ./Core/Src/main.o
 .debug_macro   0x0001beef       0x61 ./Core/Src/main.o
 .debug_macro   0x0001bf50       0x2a ./Core/Src/main.o
 .debug_macro   0x0001bf7a       0x43 ./Core/Src/main.o
 .debug_macro   0x0001bfbd       0x34 ./Core/Src/main.o
 .debug_macro   0x0001bff1       0x16 ./Core/Src/main.o
 .debug_macro   0x0001c007       0x3c ./Core/Src/main.o
 .debug_macro   0x0001c043      0x370 ./Core/Src/main.o
 .debug_macro   0x0001c3b3       0x10 ./Core/Src/main.o
 .debug_macro   0x0001c3c3       0x16 ./Core/Src/main.o
 .debug_macro   0x0001c3d9       0x4a ./Core/Src/main.o
 .debug_macro   0x0001c423       0x34 ./Core/Src/main.o
 .debug_macro   0x0001c457       0x10 ./Core/Src/main.o
 .debug_macro   0x0001c467       0x58 ./Core/Src/main.o
 .debug_macro   0x0001c4bf       0x8e ./Core/Src/main.o
 .debug_macro   0x0001c54d       0x1c ./Core/Src/main.o
 .debug_macro   0x0001c569      0x185 ./Core/Src/main.o
 .debug_macro   0x0001c6ee       0x16 ./Core/Src/main.o
 .debug_macro   0x0001c704       0x16 ./Core/Src/main.o
 .debug_macro   0x0001c71a      0x146 ./Core/Src/main.o
 .debug_macro   0x0001c860       0x16 ./Core/Src/main.o
 .debug_macro   0x0001c876       0x16 ./Core/Src/main.o
 .debug_macro   0x0001c88c       0x29 ./Core/Src/main.o
 .debug_macro   0x0001c8b5       0x16 ./Core/Src/main.o
 .debug_macro   0x0001c8cb       0x20 ./Core/Src/main.o
 .debug_macro   0x0001c8eb       0x78 ./Core/Src/main.o
 .debug_macro   0x0001c963      0x1e9 ./Core/Src/main.o
 .debug_macro   0x0001cb4c      0x201 ./Core/Src/stm32g4xx_hal_msp.o
 .debug_macro   0x0001cd4d      0x20b ./Core/Src/stm32g4xx_it.o
 .debug_macro   0x0001cf58      0x1f7 ./Core/Src/system_stm32g4xx.o
 .debug_macro   0x0001d14f      0x245 ./Drivers/STM32G4xx_HAL_Driver/Src/stm32g4xx_hal.o
 .debug_macro   0x0001d394      0x1f7 ./Drivers/STM32G4xx_HAL_Driver/Src/stm32g4xx_hal_cortex.o
 .debug_macro   0x0001d58b      0x1f7 ./Drivers/STM32G4xx_HAL_Driver/Src/stm32g4xx_hal_dma.o
 .debug_macro   0x0001d782      0x1fe ./Drivers/STM32G4xx_HAL_Driver/Src/stm32g4xx_hal_gpio.o
 .debug_macro   0x0001d980      0x2c3 ./Drivers/STM32G4xx_HAL_Driver/Src/stm32g4xx_hal_i2c.o
 .debug_macro   0x0001dc43      0x1f7 ./Drivers/STM32G4xx_HAL_Driver/Src/stm32g4xx_hal_i2c_ex.o
 .debug_macro   0x0001de3a      0x203 ./Drivers/STM32G4xx_HAL_Driver/Src/stm32g4xx_hal_pcd.o
 .debug_macro   0x0001e03d      0x1f7 ./Drivers/STM32G4xx_HAL_Driver/Src/stm32g4xx_hal_pcd_ex.o
 .debug_macro   0x0001e234      0x221 ./Drivers/STM32G4xx_HAL_Driver/Src/stm32g4xx_hal_pwr_ex.o
 .debug_macro   0x0001e455      0x239 ./Drivers/STM32G4xx_HAL_Driver/Src/stm32g4xx_hal_rcc.o
 .debug_macro   0x0001e68e      0x221 ./Drivers/STM32G4xx_HAL_Driver/Src/stm32g4xx_hal_rcc_ex.o
 .debug_macro   0x0001e8af      0x1ff ./Drivers/STM32G4xx_HAL_Driver/Src/stm32g4xx_hal_tim.o
 .debug_macro   0x0001eaae      0x1fd ./Drivers/STM32G4xx_HAL_Driver/Src/stm32g4xx_hal_tim_ex.o
 .debug_macro   0x0001ecab      0x1f7 ./Drivers/STM32G4xx_HAL_Driver/Src/stm32g4xx_ll_usb.o
 .debug_macro   0x0001eea2      0x386 ./Middlewares/ST/STM32_USB_Device_Library/Class/DFU/Src/usbd_dfu.o
 .debug_macro   0x0001f228       0x9e ./Middlewares/ST/STM32_USB_Device_Library/Class/DFU/Src/usbd_dfu.o
 .debug_macro   0x0001f2c6      0x112 ./Middlewares/ST/STM32_USB_Device_Library/Class/DFU/Src/usbd_dfu.o
 .debug_macro   0x0001f3d8       0x56 ./Middlewares/ST/STM32_USB_Device_Library/Class/DFU/Src/usbd_dfu.o
 .debug_macro   0x0001f42e      0x10a ./Middlewares/ST/STM32_USB_Device_Library/Class/DFU/Src/usbd_dfu.o
 .debug_macro   0x0001f538      0x36d ./Middlewares/ST/STM32_USB_Device_Library/Core/Src/usbd_core.o
 .debug_macro   0x0001f8a5      0x1ef ./Middlewares/ST/STM32_USB_Device_Library/Core/Src/usbd_core.o
 .debug_macro   0x0001fa94      0x377 ./Middlewares/ST/STM32_USB_Device_Library/Core/Src/usbd_ctlreq.o
 .debug_macro   0x0001fe0b      0x373 ./Middlewares/ST/STM32_USB_Device_Library/Core/Src/usbd_ioreq.o
 .debug_macro   0x0002017e      0x3ad ./USB_Device/App/usb_device.o
 .debug_macro   0x0002052b       0x22 ./USB_Device/App/usb_device.o
 .debug_macro   0x0002054d      0x3aa ./USB_Device/App/usbd_desc.o
 .debug_macro   0x000208f7       0x1c ./USB_Device/App/usbd_desc.o
 .debug_macro   0x00020913      0x392 ./USB_Device/App/usbd_dfu_flash.o
 .debug_macro   0x00020ca5      0x390 ./USB_Device/Target/usbd_conf.o

.debug_line     0x00000000    0x1c8de
 .debug_line    0x00000000      0x872 ./Core/Src/i2c_slave.o
 .debug_line    0x00000872      0xbb2 ./Core/Src/main.o
 .debug_line    0x00001424      0x8d2 ./Core/Src/stm32g4xx_hal_msp.o
 .debug_line    0x00001cf6      0x8e5 ./Core/Src/stm32g4xx_it.o
 .debug_line    0x000025db      0x813 ./Core/Src/system_stm32g4xx.o
 .debug_line    0x00002dee       0x7b ./Core/Startup/startup_stm32g431kbtx.o
 .debug_line    0x00002e69      0xbdf ./Drivers/STM32G4xx_HAL_Driver/Src/stm32g4xx_hal.o
 .debug_line    0x00003a48      0xd44 ./Drivers/STM32G4xx_HAL_Driver/Src/stm32g4xx_hal_cortex.o
 .debug_line    0x0000478c      0xede ./Drivers/STM32G4xx_HAL_Driver/Src/stm32g4xx_hal_dma.o
 .debug_line    0x0000566a      0xbb8 ./Drivers/STM32G4xx_HAL_Driver/Src/stm32g4xx_hal_gpio.o
 .debug_line    0x00006222     0x3773 ./Drivers/STM32G4xx_HAL_Driver/Src/stm32g4xx_hal_i2c.o
 .debug_line    0x00009995      0x90c ./Drivers/STM32G4xx_HAL_Driver/Src/stm32g4xx_hal_i2c_ex.o
 .debug_line    0x0000a2a1     0x135e ./Drivers/STM32G4xx_HAL_Driver/Src/stm32g4xx_hal_pcd.o
 .debug_line    0x0000b5ff      0x948 ./Drivers/STM32G4xx_HAL_Driver/Src/stm32g4xx_hal_pcd_ex.o
 .debug_line    0x0000bf47      0xd3e ./Drivers/STM32G4xx_HAL_Driver/Src/stm32g4xx_hal_pwr_ex.o
 .debug_line    0x0000cc85     0x1062 ./Drivers/STM32G4xx_HAL_Driver/Src/stm32g4xx_hal_rcc.o
 .debug_line    0x0000dce7     0x118e ./Drivers/STM32G4xx_HAL_Driver/Src/stm32g4xx_hal_rcc_ex.o
 .debug_line    0x0000ee75     0x3f46 ./Drivers/STM32G4xx_HAL_Driver/Src/stm32g4xx_hal_tim.o
 .debug_line    0x00012dbb     0x2026 ./Drivers/STM32G4xx_HAL_Driver/Src/stm32g4xx_hal_tim_ex.o
 .debug_line    0x00014de1     0x1064 ./Drivers/STM32G4xx_HAL_Driver/Src/stm32g4xx_ll_usb.o
 .debug_line    0x00015e45     0x1161 ./Middlewares/ST/STM32_USB_Device_Library/Class/DFU/Src/usbd_dfu.o
 .debug_line    0x00016fa6      0xe55 ./Middlewares/ST/STM32_USB_Device_Library/Core/Src/usbd_core.o
 .debug_line    0x00017dfb     0x110a ./Middlewares/ST/STM32_USB_Device_Library/Core/Src/usbd_ctlreq.o
 .debug_line    0x00018f05      0xab4 ./Middlewares/ST/STM32_USB_Device_Library/Core/Src/usbd_ioreq.o
 .debug_line    0x000199b9      0xa83 ./USB_Device/App/usb_device.o
 .debug_line    0x0001a43c      0xb29 ./USB_Device/App/usbd_desc.o
 .debug_line    0x0001af65      0xab7 ./USB_Device/App/usbd_dfu_flash.o
 .debug_line    0x0001ba1c      0xec2 ./USB_Device/Target/usbd_conf.o

.debug_str      0x00000000    0xc7d6f
 .debug_str     0x00000000    0xc7d6f ./Core/Src/i2c_slave.o
                              0xbcca1 (size before relaxing)
 .debug_str     0x000c7d6f    0xc1c59 ./Core/Src/main.o
 .debug_str     0x000c7d6f    0xbd75f ./Core/Src/stm32g4xx_hal_msp.o
 .debug_str     0x000c7d6f    0xbd35f ./Core/Src/stm32g4xx_it.o
 .debug_str     0x000c7d6f    0xbc798 ./Core/Src/system_stm32g4xx.o
 .debug_str     0x000c7d6f       0x96 ./Core/Startup/startup_stm32g431kbtx.o
 .debug_str     0x000c7d6f    0xbd2d7 ./Drivers/STM32G4xx_HAL_Driver/Src/stm32g4xx_hal.o
 .debug_str     0x000c7d6f    0xbcf93 ./Drivers/STM32G4xx_HAL_Driver/Src/stm32g4xx_hal_cortex.o
 .debug_str     0x000c7d6f    0xbcb72 ./Drivers/STM32G4xx_HAL_Driver/Src/stm32g4xx_hal_dma.o
 .debug_str     0x000c7d6f    0xbc923 ./Drivers/STM32G4xx_HAL_Driver/Src/stm32g4xx_hal_gpio.o
 .debug_str     0x000c7d6f    0xbdaa2 ./Drivers/STM32G4xx_HAL_Driver/Src/stm32g4xx_hal_i2c.o
 .debug_str     0x000c7d6f    0xbcdb7 ./Drivers/STM32G4xx_HAL_Driver/Src/stm32g4xx_hal_i2c_ex.o
 .debug_str     0x000c7d6f    0xbcf14 ./Drivers/STM32G4xx_HAL_Driver/Src/stm32g4xx_hal_pcd.o
 .debug_str     0x000c7d6f    0xbcb50 ./Drivers/STM32G4xx_HAL_Driver/Src/stm32g4xx_hal_pcd_ex.o
 .debug_str     0x000c7d6f    0xbcc86 ./Drivers/STM32G4xx_HAL_Driver/Src/stm32g4xx_hal_pwr_ex.o
 .debug_str     0x000c7d6f    0xbce91 ./Drivers/STM32G4xx_HAL_Driver/Src/stm32g4xx_hal_rcc.o
 .debug_str     0x000c7d6f    0xbce92 ./Drivers/STM32G4xx_HAL_Driver/Src/stm32g4xx_hal_rcc_ex.o
 .debug_str     0x000c7d6f    0xbdc96 ./Drivers/STM32G4xx_HAL_Driver/Src/stm32g4xx_hal_tim.o
 .debug_str     0x000c7d6f    0xbd90a ./Drivers/STM32G4xx_HAL_Driver/Src/stm32g4xx_hal_tim_ex.o
 .debug_str     0x000c7d6f    0xbca51 ./Drivers/STM32G4xx_HAL_Driver/Src/stm32g4xx_ll_usb.o
 .debug_str     0x000c7d6f    0xc15dd ./Middlewares/ST/STM32_USB_Device_Library/Class/DFU/Src/usbd_dfu.o
 .debug_str     0x000c7d6f    0xc0fb5 ./Middlewares/ST/STM32_USB_Device_Library/Core/Src/usbd_core.o
 .debug_str     0x000c7d6f    0xc0f07 ./Middlewares/ST/STM32_USB_Device_Library/Core/Src/usbd_ctlreq.o
 .debug_str     0x000c7d6f    0xc0dfc ./Middlewares/ST/STM32_USB_Device_Library/Core/Src/usbd_ioreq.o
 .debug_str     0x000c7d6f    0xc1377 ./USB_Device/App/usb_device.o
 .debug_str     0x000c7d6f    0xc0cfb ./USB_Device/App/usbd_desc.o
 .debug_str     0x000c7d6f    0xc0f6e ./USB_Device/App/usbd_dfu_flash.o
 .debug_str     0x000c7d6f    0xc227b ./USB_Device/Target/usbd_conf.o

.comment        0x00000000       0x43
 .comment       0x00000000       0x43 ./Core/Src/i2c_slave.o
                                 0x44 (size before relaxing)
 .comment       0x00000043       0x44 ./Core/Src/main.o
 .comment       0x00000043       0x44 ./Core/Src/stm32g4xx_hal_msp.o
 .comment       0x00000043       0x44 ./Core/Src/stm32g4xx_it.o
 .comment       0x00000043       0x44 ./Core/Src/system_stm32g4xx.o
 .comment       0x00000043       0x44 ./Drivers/STM32G4xx_HAL_Driver/Src/stm32g4xx_hal.o
 .comment       0x00000043       0x44 ./Drivers/STM32G4xx_HAL_Driver/Src/stm32g4xx_hal_cortex.o
 .comment       0x00000043       0x44 ./Drivers/STM32G4xx_HAL_Driver/Src/stm32g4xx_hal_dma.o
 .comment       0x00000043       0x44 ./Drivers/STM32G4xx_HAL_Driver/Src/stm32g4xx_hal_gpio.o
 .comment       0x00000043       0x44 ./Drivers/STM32G4xx_HAL_Driver/Src/stm32g4xx_hal_i2c.o
 .comment       0x00000043       0x44 ./Drivers/STM32G4xx_HAL_Driver/Src/stm32g4xx_hal_i2c_ex.o
 .comment       0x00000043       0x44 ./Drivers/STM32G4xx_HAL_Driver/Src/stm32g4xx_hal_pcd.o
 .comment       0x00000043       0x44 ./Drivers/STM32G4xx_HAL_Driver/Src/stm32g4xx_hal_pcd_ex.o
 .comment       0x00000043       0x44 ./Drivers/STM32G4xx_HAL_Driver/Src/stm32g4xx_hal_pwr_ex.o
 .comment       0x00000043       0x44 ./Drivers/STM32G4xx_HAL_Driver/Src/stm32g4xx_hal_rcc.o
 .comment       0x00000043       0x44 ./Drivers/STM32G4xx_HAL_Driver/Src/stm32g4xx_hal_rcc_ex.o
 .comment       0x00000043       0x44 ./Drivers/STM32G4xx_HAL_Driver/Src/stm32g4xx_hal_tim.o
 .comment       0x00000043       0x44 ./Drivers/STM32G4xx_HAL_Driver/Src/stm32g4xx_hal_tim_ex.o
 .comment       0x00000043       0x44 ./Drivers/STM32G4xx_HAL_Driver/Src/stm32g4xx_ll_usb.o
 .comment       0x00000043       0x44 ./Middlewares/ST/STM32_USB_Device_Library/Class/DFU/Src/usbd_dfu.o
 .comment       0x00000043       0x44 ./Middlewares/ST/STM32_USB_Device_Library/Core/Src/usbd_core.o
 .comment       0x00000043       0x44 ./Middlewares/ST/STM32_USB_Device_Library/Core/Src/usbd_ctlreq.o
 .comment       0x00000043       0x44 ./Middlewares/ST/STM32_USB_Device_Library/Core/Src/usbd_ioreq.o
 .comment       0x00000043       0x44 ./USB_Device/App/usb_device.o
 .comment       0x00000043       0x44 ./USB_Device/App/usbd_desc.o
 .comment       0x00000043       0x44 ./USB_Device/App/usbd_dfu_flash.o
 .comment       0x00000043       0x44 ./USB_Device/Target/usbd_conf.o

.debug_frame    0x00000000     0x6084
 .debug_frame   0x00000000       0xc4 ./Core/Src/i2c_slave.o
 .debug_frame   0x000000c4       0xf0 ./Core/Src/main.o
 .debug_frame   0x000001b4       0xe8 ./Core/Src/stm32g4xx_hal_msp.o
 .debug_frame   0x0000029c      0x1ac ./Core/Src/stm32g4xx_it.o
 .debug_frame   0x00000448       0x58 ./Core/Src/system_stm32g4xx.o
 .debug_frame   0x000004a0      0x500 ./Drivers/STM32G4xx_HAL_Driver/Src/stm32g4xx_hal.o
 .debug_frame   0x000009a0      0x4e8 ./Drivers/STM32G4xx_HAL_Driver/Src/stm32g4xx_hal_cortex.o
 .debug_frame   0x00000e88      0x24c ./Drivers/STM32G4xx_HAL_Driver/Src/stm32g4xx_hal_dma.o
 .debug_frame   0x000010d4      0x14c ./Drivers/STM32G4xx_HAL_Driver/Src/stm32g4xx_hal_gpio.o
 .debug_frame   0x00001220      0xc38 ./Drivers/STM32G4xx_HAL_Driver/Src/stm32g4xx_hal_i2c.o
 .debug_frame   0x00001e58      0x100 ./Drivers/STM32G4xx_HAL_Driver/Src/stm32g4xx_hal_i2c_ex.o
 .debug_frame   0x00001f58      0x56c ./Drivers/STM32G4xx_HAL_Driver/Src/stm32g4xx_hal_pcd.o
 .debug_frame   0x000024c4      0x14c ./Drivers/STM32G4xx_HAL_Driver/Src/stm32g4xx_hal_pcd_ex.o
 .debug_frame   0x00002610      0x4fc ./Drivers/STM32G4xx_HAL_Driver/Src/stm32g4xx_hal_pwr_ex.o
 .debug_frame   0x00002b0c      0x23c ./Drivers/STM32G4xx_HAL_Driver/Src/stm32g4xx_hal_rcc.o
 .debug_frame   0x00002d48      0x2ac ./Drivers/STM32G4xx_HAL_Driver/Src/stm32g4xx_hal_rcc_ex.o
 .debug_frame   0x00002ff4     0x121c ./Drivers/STM32G4xx_HAL_Driver/Src/stm32g4xx_hal_tim.o
 .debug_frame   0x00004210      0xa68 ./Drivers/STM32G4xx_HAL_Driver/Src/stm32g4xx_hal_tim_ex.o
 .debug_frame   0x00004c78      0x380 ./Drivers/STM32G4xx_HAL_Driver/Src/stm32g4xx_ll_usb.o
 .debug_frame   0x00004ff8      0x2cc ./Middlewares/ST/STM32_USB_Device_Library/Class/DFU/Src/usbd_dfu.o
 .debug_frame   0x000052c4      0x2f4 ./Middlewares/ST/STM32_USB_Device_Library/Core/Src/usbd_core.o
 .debug_frame   0x000055b8      0x23c ./Middlewares/ST/STM32_USB_Device_Library/Core/Src/usbd_ctlreq.o
 .debug_frame   0x000057f4      0x10c ./Middlewares/ST/STM32_USB_Device_Library/Core/Src/usbd_ioreq.o
 .debug_frame   0x00005900       0x2c ./USB_Device/App/usb_device.o
 .debug_frame   0x0000592c      0x160 ./USB_Device/App/usbd_desc.o
 .debug_frame   0x00005a8c       0xf0 ./USB_Device/App/usbd_dfu_flash.o
 .debug_frame   0x00005b7c      0x4bc ./USB_Device/Target/usbd_conf.o
 .debug_frame   0x00006038       0x20 C:/ST/STM32CubeIDE_1.16.1/STM32CubeIDE/plugins/com.st.stm32cube.ide.mcu.externaltools.gnu-tools-for-stm32.13.3.rel1.win32_1.0.0.202411081344/tools/bin/../lib/gcc/arm-none-eabi/13.3.1/../../../../arm-none-eabi/lib/thumb/v7e-m+fp/hard\libc_nano.a(libc_a-memset.o)