Archive member included to satisfy reference by file (symbol)

C:/ST/STM32CubeIDE_1.16.1/STM32CubeIDE/plugins/com.st.stm32cube.ide.mcu.externaltools.gnu-tools-for-stm32.13.3.rel1.win32_1.0.0.202411081344/tools/bin/../lib/gcc/arm-none-eabi/13.3.1/../../../../arm-none-eabi/lib/thumb/v7e-m+fp/hard\libc_nano.a(libc_a-exit.o)
                              C:/ST/STM32CubeIDE_1.16.1/STM32CubeIDE/plugins/com.st.stm32cube.ide.mcu.externaltools.gnu-tools-for-stm32.13.3.rel1.win32_1.0.0.202411081344/tools/bin/../lib/gcc/arm-none-eabi/13.3.1/../../../../arm-none-eabi/lib/thumb/v7e-m+fp/hard/crt0.o (exit)
C:/ST/STM32CubeIDE_1.16.1/STM32CubeIDE/plugins/com.st.stm32cube.ide.mcu.externaltools.gnu-tools-for-stm32.13.3.rel1.win32_1.0.0.202411081344/tools/bin/../lib/gcc/arm-none-eabi/13.3.1/../../../../arm-none-eabi/lib/thumb/v7e-m+fp/hard\libc_nano.a(libc_a-findfp.o)
                              C:/ST/STM32CubeIDE_1.16.1/STM32CubeIDE/plugins/com.st.stm32cube.ide.mcu.externaltools.gnu-tools-for-stm32.13.3.rel1.win32_1.0.0.202411081344/tools/bin/../lib/gcc/arm-none-eabi/13.3.1/../../../../arm-none-eabi/lib/thumb/v7e-m+fp/hard\libc_nano.a(libc_a-exit.o) (__stdio_exit_handler)
C:/ST/STM32CubeIDE_1.16.1/STM32CubeIDE/plugins/com.st.stm32cube.ide.mcu.externaltools.gnu-tools-for-stm32.13.3.rel1.win32_1.0.0.202411081344/tools/bin/../lib/gcc/arm-none-eabi/13.3.1/../../../../arm-none-eabi/lib/thumb/v7e-m+fp/hard\libc_nano.a(libc_a-fwalk.o)
                              C:/ST/STM32CubeIDE_1.16.1/STM32CubeIDE/plugins/com.st.stm32cube.ide.mcu.externaltools.gnu-tools-for-stm32.13.3.rel1.win32_1.0.0.202411081344/tools/bin/../lib/gcc/arm-none-eabi/13.3.1/../../../../arm-none-eabi/lib/thumb/v7e-m+fp/hard\libc_nano.a(libc_a-findfp.o) (_fwalk_sglue)
C:/ST/STM32CubeIDE_1.16.1/STM32CubeIDE/plugins/com.st.stm32cube.ide.mcu.externaltools.gnu-tools-for-stm32.13.3.rel1.win32_1.0.0.202411081344/tools/bin/../lib/gcc/arm-none-eabi/13.3.1/../../../../arm-none-eabi/lib/thumb/v7e-m+fp/hard\libc_nano.a(libc_a-stdio.o)
                              C:/ST/STM32CubeIDE_1.16.1/STM32CubeIDE/plugins/com.st.stm32cube.ide.mcu.externaltools.gnu-tools-for-stm32.13.3.rel1.win32_1.0.0.202411081344/tools/bin/../lib/gcc/arm-none-eabi/13.3.1/../../../../arm-none-eabi/lib/thumb/v7e-m+fp/hard\libc_nano.a(libc_a-findfp.o) (__sread)
C:/ST/STM32CubeIDE_1.16.1/STM32CubeIDE/plugins/com.st.stm32cube.ide.mcu.externaltools.gnu-tools-for-stm32.13.3.rel1.win32_1.0.0.202411081344/tools/bin/../lib/gcc/arm-none-eabi/13.3.1/../../../../arm-none-eabi/lib/thumb/v7e-m+fp/hard\libc_nano.a(libc_a-memset.o)
                              C:/ST/STM32CubeIDE_1.16.1/STM32CubeIDE/plugins/com.st.stm32cube.ide.mcu.externaltools.gnu-tools-for-stm32.13.3.rel1.win32_1.0.0.202411081344/tools/bin/../lib/gcc/arm-none-eabi/13.3.1/../../../../arm-none-eabi/lib/thumb/v7e-m+fp/hard/crt0.o (memset)
C:/ST/STM32CubeIDE_1.16.1/STM32CubeIDE/plugins/com.st.stm32cube.ide.mcu.externaltools.gnu-tools-for-stm32.13.3.rel1.win32_1.0.0.202411081344/tools/bin/../lib/gcc/arm-none-eabi/13.3.1/../../../../arm-none-eabi/lib/thumb/v7e-m+fp/hard\libc_nano.a(libc_a-closer.o)
                              C:/ST/STM32CubeIDE_1.16.1/STM32CubeIDE/plugins/com.st.stm32cube.ide.mcu.externaltools.gnu-tools-for-stm32.13.3.rel1.win32_1.0.0.202411081344/tools/bin/../lib/gcc/arm-none-eabi/13.3.1/../../../../arm-none-eabi/lib/thumb/v7e-m+fp/hard\libc_nano.a(libc_a-stdio.o) (_close_r)
C:/ST/STM32CubeIDE_1.16.1/STM32CubeIDE/plugins/com.st.stm32cube.ide.mcu.externaltools.gnu-tools-for-stm32.13.3.rel1.win32_1.0.0.202411081344/tools/bin/../lib/gcc/arm-none-eabi/13.3.1/../../../../arm-none-eabi/lib/thumb/v7e-m+fp/hard\libc_nano.a(libc_a-reent.o)
                              C:/ST/STM32CubeIDE_1.16.1/STM32CubeIDE/plugins/com.st.stm32cube.ide.mcu.externaltools.gnu-tools-for-stm32.13.3.rel1.win32_1.0.0.202411081344/tools/bin/../lib/gcc/arm-none-eabi/13.3.1/../../../../arm-none-eabi/lib/thumb/v7e-m+fp/hard\libc_nano.a(libc_a-closer.o) (errno)
C:/ST/STM32CubeIDE_1.16.1/STM32CubeIDE/plugins/com.st.stm32cube.ide.mcu.externaltools.gnu-tools-for-stm32.13.3.rel1.win32_1.0.0.202411081344/tools/bin/../lib/gcc/arm-none-eabi/13.3.1/../../../../arm-none-eabi/lib/thumb/v7e-m+fp/hard\libc_nano.a(libc_a-impure.o)
                              C:/ST/STM32CubeIDE_1.16.1/STM32CubeIDE/plugins/com.st.stm32cube.ide.mcu.externaltools.gnu-tools-for-stm32.13.3.rel1.win32_1.0.0.202411081344/tools/bin/../lib/gcc/arm-none-eabi/13.3.1/../../../../arm-none-eabi/lib/thumb/v7e-m+fp/hard\libc_nano.a(libc_a-reent.o) (_impure_ptr)
C:/ST/STM32CubeIDE_1.16.1/STM32CubeIDE/plugins/com.st.stm32cube.ide.mcu.externaltools.gnu-tools-for-stm32.13.3.rel1.win32_1.0.0.202411081344/tools/bin/../lib/gcc/arm-none-eabi/13.3.1/../../../../arm-none-eabi/lib/thumb/v7e-m+fp/hard\libc_nano.a(libc_a-lseekr.o)
[...]
Memory Configuration

Name             Origin             Length             Attributes
RAM              0x20000000         0x00008000         xrw
FLASH            0x08000000         0x00020000         xr
*default*        0x00000000         0xffffffff

Linker script and memory map

LOAD C:/ST/STM32CubeIDE_1.16.1/STM32CubeIDE/plugins/com.st.stm32cube.ide.mcu.externaltools.gnu-tools-for-stm32.13.3.rel1.win32_1.0.0.202411081344/tools/bin/../lib/gcc/arm-none-eabi/13.3.1/thumb/v7e-m+fp/hard/crti.o
LOAD C:/ST/STM32CubeIDE_1.16.1/STM32CubeIDE/plugins/com.st.stm32cube.ide.mcu.externaltools.gnu-tools-for-stm32.13.3.rel1.win32_1.0.0.202411081344/tools/bin/../lib/gcc/arm-none-eabi/13.3.1/thumb/v7e-m+fp/hard/crtbegin.o
LOAD C:/ST/STM32CubeIDE_1.16.1/STM32CubeIDE/plugins/com.st.stm32cube.ide.mcu.externaltools.gnu-tools-for-stm32.13.3.rel1.win32_1.0.0.202411081344/tools/bin/../lib/gcc/arm-none-eabi/13.3.1/../../../../arm-none-eabi/lib/thumb/v7e-m+fp/hard/crt0.o
LOAD ./Core/Src/i2c_slave.o
LOAD ./Core/Src/main.o
LOAD ./Core/Src/stm32g4xx_hal_msp.o
LOAD ./Core/Src/stm32g4xx_it.o
LOAD ./Core/Src/syscalls.o
LOAD ./Core/Src/sysmem.o
LOAD ./Core/Src/system_stm32g4xx.o
LOAD ./Core/Startup/startup_stm32g431kbtx.o
LOAD ./Drivers/STM32G4xx_HAL_Driver/Src/stm32g4xx_hal.o
LOAD ./Drivers/STM32G4xx_HAL_Driver/Src/stm32g4xx_hal_cortex.o
LOAD ./Drivers/STM32G4xx_HAL_Driver/Src/stm32g4xx_hal_dma.o
LOAD ./Drivers/STM32G4xx_HAL_Driver/Src/stm32g4xx_hal_dma_ex.o
LOAD ./Drivers/STM32G4xx_HAL_Driver/Src/stm32g4xx_hal_exti.o
LOAD ./Drivers/STM32G4xx_HAL_Driver/Src/stm32g4xx_hal_flash.o
LOAD ./Drivers/STM32G4xx_HAL_Driver/Src/stm32g4xx_hal_flash_ex.o
LOAD ./Drivers/STM32G4xx_HAL_Driver/Src/stm32g4xx_hal_flash_ramfunc.o
LOAD ./Drivers/STM32G4xx_HAL_Driver/Src/stm32g4xx_hal_gpio.o
LOAD ./Drivers/STM32G4xx_HAL_Driver/Src/stm32g4xx_hal_i2c.o
LOAD ./Drivers/STM32G4xx_HAL_Driver/Src/stm32g4xx_hal_i2c_ex.o
LOAD ./Drivers/STM32G4xx_HAL_Driver/Src/stm32g4xx_hal_pcd.o
LOAD ./Drivers/STM32G4xx_HAL_Driver/Src/stm32g4xx_hal_pcd_ex.o
LOAD ./Drivers/STM32G4xx_HAL_Driver/Src/stm32g4xx_hal_pwr.o
LOAD ./Drivers/STM32G4xx_HAL_Driver/Src/stm32g4xx_hal_pwr_ex.o
LOAD ./Drivers/STM32G4xx_HAL_Driver/Src/stm32g4xx_hal_rcc.o
LOAD ./Drivers/STM32G4xx_HAL_Driver/Src/stm32g4xx_hal_rcc_ex.o
LOAD ./Drivers/STM32G4xx_HAL_Driver/Src/stm32g4xx_hal_tim.o
LOAD ./Drivers/STM32G4xx_HAL_Driver/Src/stm32g4xx_hal_tim_ex.o
LOAD ./Drivers/STM32G4xx_HAL_Driver/Src/stm32g4xx_ll_usb.o
LOAD ./Middlewares/ST/STM32_USB_Device_Library/Class/CDC/Src/usbd_cdc.o
LOAD ./Middlewares/ST/STM32_USB_Device_Library/Core/Src/usbd_core.o
LOAD ./Middlewares/ST/STM32_USB_Device_Library/Core/Src/usbd_ctlreq.o
LOAD ./Middlewares/ST/STM32_USB_Device_Library/Core/Src/usbd_ioreq.o
LOAD ./USB_Device/App/usb_device.o
LOAD ./USB_Device/App/usbd_cdc_if.o
LOAD ./USB_Device/App/usbd_desc.o
LOAD ./USB_Device/Target/usbd_conf.o
START GROUP
LOAD C:/ST/STM32CubeIDE_1.16.1/STM32CubeIDE/plugins/com.st.stm32cube.ide.mcu.externaltools.gnu-tools-for-stm32.13.3.rel1.win32_1.0.0.202411081344/tools/bin/../lib/gcc/arm-none-eabi/13.3.1/../../../../arm-none-eabi/lib/thumb/v7e-m+fp/hard\libc_nano.a
LOAD C:/ST/STM32CubeIDE_1.16.1/STM32CubeIDE/plugins/com.st.stm32cube.ide.mcu.externaltools.gnu-tools-for-stm32.13.3.rel1.win32_1.0.0.202411081344/tools/bin/../lib/gcc/arm-none-eabi/13.3.1/../../../../arm-none-eabi/lib/thumb/v7e-m+fp/hard\libm.a
END GROUP
START GROUP
LOAD C:/ST/STM32CubeIDE_1.16.1/STM32CubeIDE/plugins/com.st.stm32cube.ide.mcu.externaltools.gnu-tools-for-stm32.13.3.rel1.win32_1.0.0.202411081344/tools/bin/../lib/gcc/arm-none-eabi/13.3.1/thumb/v7e-m+fp/hard\libgcc.a
LOAD C:/ST/STM32CubeIDE_1.16.1/STM32CubeIDE/plugins/com.st.stm32cube.ide.mcu.externaltools.gnu-tools-for-stm32.13.3.rel1.win32_1.0.0.202411081344/tools/bin/../lib/gcc/arm-none-eabi/13.3.1/../../../../arm-none-eabi/lib/thumb/v7e-m+fp/hard\libc_nano.a
END GROUP
START GROUP
LOAD C:/ST/STM32CubeIDE_1.16.1/STM32CubeIDE/plugins/com.st.stm32cube.ide.mcu.externaltools.gnu-tools-for-stm32.13.3.rel1.win32_1.0.0.202411081344/tools/bin/../lib/gcc/arm-none-eabi/13.3.1/thumb/v7e-m+fp/hard\libgcc.a
LOAD C:/ST/STM32CubeIDE_1.16.1/STM32CubeIDE/plugins/com.st.stm32cube.ide.mcu.externaltools.gnu-tools-for-stm32.13.3.rel1.win32_1.0.0.202411081344/tools/bin/../lib/gcc/arm-none-eabi/13.3.1/../../../../arm-none-eabi/lib/thumb/v7e-m+fp/hard\libc_nano.a
LOAD C:/ST/STM32CubeIDE_1.16.1/STM32CubeIDE/plugins/com.st.stm32cube.ide.mcu.externaltools.gnu-tools-for-stm32.13.3.rel1.win32_1.0.0.202411081344/tools/bin/../lib/gcc/arm-none-eabi/13.3.1/../../../../arm-none-eabi/lib/thumb/v7e-m+fp/hard\libnosys.a
END GROUP
START GROUP
LOAD C:/ST/STM32CubeIDE_1.16.1/STM32CubeIDE/plugins/com.st.stm32cube.ide.mcu.externaltools.gnu-tools-for-stm32.13.3.rel1.win32_1.0.0.202411081344/tools/bin/../lib/gcc/arm-none-eabi/13.3.1/thumb/v7e-m+fp/hard\libgcc.a
LOAD C:/ST/STM32CubeIDE_1.16.1/STM32CubeIDE/plugins/com.st.stm32cube.ide.mcu.externaltools.gnu-tools-for-stm32.13.3.rel1.win32_1.0.0.202411081344/tools/bin/../lib/gcc/arm-none-eabi/13.3.1/../../../../arm-none-eabi/lib/thumb/v7e-m+fp/hard\libc_nano.a
LOAD C:/ST/STM32CubeIDE_1.16.1/STM32CubeIDE/plugins/com.st.stm32cube.ide.mcu.externaltools.gnu-tools-for-stm32.13.3.rel1.win32_1.0.0.202411081344/tools/bin/../lib/gcc/arm-none-eabi/13.3.1/../../../../arm-none-eabi/lib/thumb/v7e-m+fp/hard\libnosys.a
END GROUP
LOAD C:/ST/STM32CubeIDE_1.16.1/STM32CubeIDE/plugins/com.st.stm32cube.ide.mcu.externaltools.gnu-tools-for-stm32.13.3.rel1.win32_1.0.0.202411081344/tools/bin/../lib/gcc/arm-none-eabi/13.3.1/thumb/v7e-m+fp/hard/crtend.o
LOAD C:/ST/STM32CubeIDE_1.16.1/STM32CubeIDE/plugins/com.st.stm32cube.ide.mcu.externaltools.gnu-tools-for-stm32.13.3.rel1.win32_1.0.0.202411081344/tools/bin/../lib/gcc/arm-none-eabi/13.3.1/thumb/v7e-m+fp/hard/crtn.o
                0x20008000                        _estack = (ORIGIN (RAM) + LENGTH (RAM))
                0x00000200                        _Min_Heap_Size = 0x200
                0x00000400                        _Min_Stack_Size = 0x400

.isr_vector     0x08000000      0x1d8
                0x08000000                        . = ALIGN (0x4)
 *(.isr_vector)
 .isr_vector    0x08000000      0x1d8 ./Core/Startup/startup_stm32g431kbtx.o
                0x08000000                g_pfnVectors
                0x080001d8                        . = ALIGN (0x4)

.text           0x080001d8     0x9d04
                0x080001d8                        . = ALIGN (0x4)
 *(.text)
 .text          0x080001d8       0x40 C:/ST/STM32CubeIDE_1.16.1/STM32CubeIDE/plugins/com.st.stm32cube.ide.mcu.externaltools.gnu-tools-for-stm32.13.3.rel1.win32_1.0.0.202411081344/tools/bin/../lib/gcc/arm-none-eabi/13.3.1/thumb/v7e-m+fp/hard/crtbegin.o
 *(.text*)
 .text.HAL_I2C_ListenCpltCallback
                0x08000218       0x3a ./Core/Src/i2c_slave.o
                0x08000218                HAL_I2C_ListenCpltCallback
 *fill*         0x08000252        0x2 
 .text.HAL_I2C_AddrCallback
                0x08000254       0x94 ./Core/Src/i2c_slave.o
                0x08000254                HAL_I2C_AddrCallback
 .text.main     0x080002e8       0x38 ./Core/Src/main.o
                0x080002e8                main
 .text.SystemClock_Config
                0x08000320       0x98 ./Core/Src/main.o
                0x08000320                SystemClock_Config
 .text.MX_I2C2_Init
                0x080003b8       0x80 ./Core/Src/main.o
 .text.MX_TIM2_Init
                0x08000438       0xc8 ./Core/Src/main.o
 .text.MX_GPIO_Init
                0x08000500       0x94 ./Core/Src/main.o
 .text.Error_Handler
                0x08000594        0xc ./Core/Src/main.o
                0x08000594                Error_Handler
 .text.HAL_MspInit
                0x080005a0       0x48 ./Core/Src/stm32g4xx_hal_msp.o
                0x080005a0                HAL_MspInit
 .text.HAL_I2C_MspInit
                0x080005e8       0xd0 ./Core/Src/stm32g4xx_hal_msp.o
                0x080005e8                HAL_I2C_MspInit
 .text.HAL_TIM_PWM_MspInit
                0x080006b8       0x3c ./Core/Src/stm32g4xx_hal_msp.o
                0x080006b8                HAL_TIM_PWM_MspInit
 .text.HAL_TIM_MspPostInit
                0x080006f4       0x68 ./Core/Src/stm32g4xx_hal_msp.o
                0x080006f4                HAL_TIM_MspPostInit
 .text.NMI_Handler
                0x0800075c        0x8 ./Core/Src/stm32g4xx_it.o
                0x0800075c                NMI_Handler
 .text.HardFault_Handler
                0x08000764        0x8 ./Core/Src/stm32g4xx_it.o
                0x08000764                HardFault_Handler
 .text.MemManage_Handler
                0x0800076c        0x8 ./Core/Src/stm32g4xx_it.o
                0x0800076c                MemManage_Handler
 .text.BusFault_Handler
                0x08000774        0x8 ./Core/Src/stm32g4xx_it.o
                0x08000774                BusFault_Handler
 .text.UsageFault_Handler
                0x0800077c        0x8 ./Core/Src/stm32g4xx_it.o
                0x0800077c                UsageFault_Handler
 .text.SVC_Handler
                0x08000784        0xe ./Core/Src/stm32g4xx_it.o
                0x08000784                SVC_Handler
 .text.DebugMon_Handler
                0x08000792        0xe ./Core/Src/stm32g4xx_it.o
                0x08000792                DebugMon_Handler
 .text.PendSV_Handler
                0x080007a0        0xe ./Core/Src/stm32g4xx_it.o
                0x080007a0                PendSV_Handler
 .text.SysTick_Handler
                0x080007ae        0xc ./Core/Src/stm32g4xx_it.o
                0x080007ae                SysTick_Handler
 *fill*         0x080007ba        0x2 
 .text.USB_LP_IRQHandler
                0x080007bc       0x14 ./Core/Src/stm32g4xx_it.o
                0x080007bc                USB_LP_IRQHandler
 .text.I2C2_EV_IRQHandler
                0x080007d0       0x14 ./Core/Src/stm32g4xx_it.o
                0x080007d0                I2C2_EV_IRQHandler
 .text.I2C2_ER_IRQHandler
                0x080007e4       0x14 ./Core/Src/stm32g4xx_it.o
                0x080007e4                I2C2_ER_IRQHandler
 .text.SystemInit
                0x080007f8       0x24 ./Core/Src/system_stm32g4xx.o
                0x080007f8                SystemInit
 .text.Reset_Handler
                0x0800081c       0x50 ./Core/Startup/startup_stm32g431kbtx.o
                0x0800081c                Reset_Handler
 .text.Default_Handler
                0x0800086c        0x2 ./Core/Startup/startup_stm32g431kbtx.o
                0x0800086c                RTC_Alarm_IRQHandler
                0x0800086c                EXTI2_IRQHandler
                0x0800086c                TIM8_TRG_COM_IRQHandler
                0x0800086c                TIM8_CC_IRQHandler
                0x0800086c                TIM1_CC_IRQHandler
                0x0800086c                USB_HP_IRQHandler
                0x0800086c                CORDIC_IRQHandler
                0x0800086c                EXTI3_IRQHandler
                0x0800086c                I2C3_ER_IRQHandler
                0x0800086c                EXTI0_IRQHandler
                0x0800086c                FPU_IRQHandler
                0x0800086c                FDCAN1_IT1_IRQHandler
                0x0800086c                TIM1_UP_TIM16_IRQHandler
                0x0800086c                ADC1_2_IRQHandler
                0x0800086c                SPI1_IRQHandler
                0x0800086c                TIM6_DAC_IRQHandler
                0x0800086c                TIM8_UP_IRQHandler
                0x0800086c                DMA2_Channel2_IRQHandler
                0x0800086c                DMA1_Channel4_IRQHandler
                0x0800086c                USART3_IRQHandler
                0x0800086c                TIM4_IRQHandler
                0x0800086c                DMA2_Channel1_IRQHandler
                0x0800086c                I2C1_EV_IRQHandler
                0x0800086c                DMA1_Channel6_IRQHandler
                0x0800086c                UART4_IRQHandler
                0x0800086c                DMA2_Channel4_IRQHandler
                0x0800086c                TIM3_IRQHandler
                0x0800086c                RCC_IRQHandler
                0x0800086c                DMA1_Channel1_IRQHandler
                0x0800086c                Default_Handler
                0x0800086c                RTC_TAMP_LSECSS_IRQHandler
                0x0800086c                FMAC_IRQHandler
                0x0800086c                EXTI15_10_IRQHandler
                0x0800086c                TIM7_IRQHandler
                0x0800086c                UCPD1_IRQHandler
                0x0800086c                I2C3_EV_IRQHandler
                0x0800086c                EXTI9_5_IRQHandler
                0x0800086c                RTC_WKUP_IRQHandler
                0x0800086c                PVD_PVM_IRQHandler
                0x0800086c                SPI2_IRQHandler
                0x0800086c                DMA2_Channel5_IRQHandler
                0x0800086c                CRS_IRQHandler
                0x0800086c                DMA1_Channel5_IRQHandler
                0x0800086c                EXTI4_IRQHandler
                0x0800086c                RNG_IRQHandler
                0x0800086c                TIM1_TRG_COM_TIM17_IRQHandler
                0x0800086c                DMA1_Channel3_IRQHandler
                0x0800086c                WWDG_IRQHandler
                0x0800086c                LPUART1_IRQHandler
                0x0800086c                DMA2_Channel6_IRQHandler
                0x0800086c                FDCAN1_IT0_IRQHandler
                0x0800086c                TIM2_IRQHandler
                0x0800086c                COMP1_2_3_IRQHandler
                0x0800086c                EXTI1_IRQHandler
                0x0800086c                USART2_IRQHandler
                0x0800086c                DMA1_Channel2_IRQHandler
                0x0800086c                TIM8_BRK_IRQHandler
                0x0800086c                FLASH_IRQHandler
                0x0800086c                USART1_IRQHandler
                0x0800086c                SPI3_IRQHandler
                0x0800086c                I2C1_ER_IRQHandler
                0x0800086c                LPTIM1_IRQHandler
                0x0800086c                DMAMUX_OVR_IRQHandler
                0x0800086c                USBWakeUp_IRQHandler
                0x0800086c                SAI1_IRQHandler
                0x0800086c                DMA2_Channel3_IRQHandler
                0x0800086c                COMP4_IRQHandler
                0x0800086c                TIM1_BRK_TIM15_IRQHandler
 .text.HAL_Init
                0x0800086e       0x30 ./Drivers/STM32G4xx_HAL_Driver/Src/stm32g4xx_hal.o
                0x0800086e                HAL_Init
 *fill*         0x0800089e        0x2 
 .text.HAL_InitTick
                0x080008a0       0x74 ./Drivers/STM32G4xx_HAL_Driver/Src/stm32g4xx_hal.o
                0x080008a0                HAL_InitTick
 .text.HAL_IncTick
                0x08000914       0x24 ./Drivers/STM32G4xx_HAL_Driver/Src/stm32g4xx_hal.o
                0x08000914                HAL_IncTick
 .text.HAL_GetTick
                0x08000938       0x18 ./Drivers/STM32G4xx_HAL_Driver/Src/stm32g4xx_hal.o
                0x08000938                HAL_GetTick
 .text.HAL_Delay
                0x08000950       0x44 ./Drivers/STM32G4xx_HAL_Driver/Src/stm32g4xx_hal.o
                0x08000950                HAL_Delay
 .text.__NVIC_SetPriorityGrouping
                0x08000994       0x48 ./Drivers/STM32G4xx_HAL_Driver/Src/stm32g4xx_hal_cortex.o
 .text.__NVIC_GetPriorityGrouping
                0x080009dc       0x1c ./Drivers/STM32G4xx_HAL_Driver/Src/stm32g4xx_hal_cortex.o
 .text.__NVIC_EnableIRQ
                0x080009f8       0x3c ./Drivers/STM32G4xx_HAL_Driver/Src/stm32g4xx_hal_cortex.o
 .text.__NVIC_SetPriority
                0x08000a34       0x54 ./Drivers/STM32G4xx_HAL_Driver/Src/stm32g4xx_hal_cortex.o
 .text.NVIC_EncodePriority
                0x08000a88       0x66 ./Drivers/STM32G4xx_HAL_Driver/Src/stm32g4xx_hal_cortex.o
 *fill*         0x08000aee        0x2 
 .text.SysTick_Config
                0x08000af0       0x44 ./Drivers/STM32G4xx_HAL_Driver/Src/stm32g4xx_hal_cortex.o
 .text.HAL_NVIC_SetPriorityGrouping
                0x08000b34       0x16 ./Drivers/STM32G4xx_HAL_Driver/Src/stm32g4xx_hal_cortex.o
                0x08000b34                HAL_NVIC_SetPriorityGrouping
 .text.HAL_NVIC_SetPriority
                0x08000b4a       0x34 ./Drivers/STM32G4xx_HAL_Driver/Src/stm32g4xx_hal_cortex.o
                0x08000b4a                HAL_NVIC_SetPriority
 .text.HAL_NVIC_EnableIRQ
                0x08000b7e       0x1c ./Drivers/STM32G4xx_HAL_Driver/Src/stm32g4xx_hal_cortex.o
                0x08000b7e                HAL_NVIC_EnableIRQ
 .text.HAL_SYSTICK_Config
                0x08000b9a       0x18 ./Drivers/STM32G4xx_HAL_Driver/Src/stm32g4xx_hal_cortex.o
                0x08000b9a                HAL_SYSTICK_Config
 .text.HAL_DMA_Abort_IT
                0x08000bb2       0xce ./Drivers/STM32G4xx_HAL_Driver/Src/stm32g4xx_hal_dma.o
                0x08000bb2                HAL_DMA_Abort_IT
 .text.HAL_DMA_GetState
                0x08000c80       0x1c ./Drivers/STM32G4xx_HAL_Driver/Src/stm32g4xx_hal_dma.o
                0x08000c80                HAL_DMA_GetState
 .text.HAL_GPIO_Init
                0x08000c9c      0x304 ./Drivers/STM32G4xx_HAL_Driver/Src/stm32g4xx_hal_gpio.o
                0x08000c9c                HAL_GPIO_Init
 .text.HAL_GPIO_WritePin
                0x08000fa0       0x30 ./Drivers/STM32G4xx_HAL_Driver/Src/stm32g4xx_hal_gpio.o
                0x08000fa0                HAL_GPIO_WritePin
 .text.HAL_I2C_Init
                0x08000fd0      0x136 ./Drivers/STM32G4xx_HAL_Driver/Src/stm32g4xx_hal_i2c.o
                0x08000fd0                HAL_I2C_Init
 *fill*         0x08001106        0x2 
 .text.HAL_I2C_Slave_Seq_Transmit_IT
                0x08001108      0x164 ./Drivers/STM32G4xx_HAL_Driver/Src/stm32g4xx_hal_i2c.o
                0x08001108                HAL_I2C_Slave_Seq_Transmit_IT
 .text.HAL_I2C_Slave_Seq_Receive_IT
                0x0800126c      0x164 ./Drivers/STM32G4xx_HAL_Driver/Src/stm32g4xx_hal_i2c.o
                0x0800126c                HAL_I2C_Slave_Seq_Receive_IT
 .text.HAL_I2C_EnableListen_IT
                0x080013d0       0x40 ./Drivers/STM32G4xx_HAL_Driver/Src/stm32g4xx_hal_i2c.o
                0x080013d0                HAL_I2C_EnableListen_IT
 .text.HAL_I2C_EV_IRQHandler
                0x08001410       0x34 ./Drivers/STM32G4xx_HAL_Driver/Src/stm32g4xx_hal_i2c.o
                0x08001410                HAL_I2C_EV_IRQHandler
 .text.HAL_I2C_ER_IRQHandler
                0x08001444       0xc2 ./Drivers/STM32G4xx_HAL_Driver/Src/stm32g4xx_hal_i2c.o
                0x08001444                HAL_I2C_ER_IRQHandler
 .text.HAL_I2C_MasterTxCpltCallback
                0x08001506       0x14 ./Drivers/STM32G4xx_HAL_Driver/Src/stm32g4xx_hal_i2c.o
                0x08001506                HAL_I2C_MasterTxCpltCallback
 .text.HAL_I2C_MasterRxCpltCallback
                0x0800151a       0x14 ./Drivers/STM32G4xx_HAL_Driver/Src/stm32g4xx_hal_i2c.o
                0x0800151a                HAL_I2C_MasterRxCpltCallback
 .text.HAL_I2C_SlaveTxCpltCallback
                0x0800152e       0x14 ./Drivers/STM32G4xx_HAL_Driver/Src/stm32g4xx_hal_i2c.o
                0x0800152e                HAL_I2C_SlaveTxCpltCallback
 .text.HAL_I2C_SlaveRxCpltCallback
                0x08001542       0x14 ./Drivers/STM32G4xx_HAL_Driver/Src/stm32g4xx_hal_i2c.o
                0x08001542                HAL_I2C_SlaveRxCpltCallback
 .text.HAL_I2C_MemTxCpltCallback
                0x08001556       0x14 ./Drivers/STM32G4xx_HAL_Driver/Src/stm32g4xx_hal_i2c.o
                0x08001556                HAL_I2C_MemTxCpltCallback
 .text.HAL_I2C_MemRxCpltCallback
                0x0800156a       0x14 ./Drivers/STM32G4xx_HAL_Driver/Src/stm32g4xx_hal_i2c.o
                0x0800156a                HAL_I2C_MemRxCpltCallback
 .text.HAL_I2C_ErrorCallback
                0x0800157e       0x14 ./Drivers/STM32G4xx_HAL_Driver/Src/stm32g4xx_hal_i2c.o
                0x0800157e                HAL_I2C_ErrorCallback
 .text.HAL_I2C_AbortCpltCallback
                0x08001592       0x14 ./Drivers/STM32G4xx_HAL_Driver/Src/stm32g4xx_hal_i2c.o
                0x08001592                HAL_I2C_AbortCpltCallback
 .text.I2C_Slave_ISR_IT
                0x080015a6      0x208 ./Drivers/STM32G4xx_HAL_Driver/Src/stm32g4xx_hal_i2c.o
 .text.I2C_Master_ISR_DMA
                0x080017ae      0x1e6 ./Drivers/STM32G4xx_HAL_Driver/Src/stm32g4xx_hal_i2c.o
 .text.I2C_Mem_ISR_DMA
                0x08001994      0x260 ./Drivers/STM32G4xx_HAL_Driver/Src/stm32g4xx_hal_i2c.o
 .text.I2C_Slave_ISR_DMA
                0x08001bf4      0x1c2 ./Drivers/STM32G4xx_HAL_Driver/Src/stm32g4xx_hal_i2c.o
 .text.I2C_ITAddrCplt
                0x08001db6      0x108 ./Drivers/STM32G4xx_HAL_Driver/Src/stm32g4xx_hal_i2c.o
 .text.I2C_ITMasterSeqCplt
                0x08001ebe       0x7a ./Drivers/STM32G4xx_HAL_Driver/Src/stm32g4xx_hal_i2c.o
 .text.I2C_ITSlaveSeqCplt
                0x08001f38       0xbc ./Drivers/STM32G4xx_HAL_Driver/Src/stm32g4xx_hal_i2c.o
 .text.I2C_ITMasterCplt
                0x08001ff4      0x194 ./Drivers/STM32G4xx_HAL_Driver/Src/stm32g4xx_hal_i2c.o
 .text.I2C_ITSlaveCplt
                0x08002188      0x2d4 ./Drivers/STM32G4xx_HAL_Driver/Src/stm32g4xx_hal_i2c.o
 .text.I2C_ITListenCplt
                0x0800245c       0xac ./Drivers/STM32G4xx_HAL_Driver/Src/stm32g4xx_hal_i2c.o
 .text.I2C_ITError
                0x08002508      0x1e0 ./Drivers/STM32G4xx_HAL_Driver/Src/stm32g4xx_hal_i2c.o
 .text.I2C_TreatErrorCallback
                0x080026e8       0x4e ./Drivers/STM32G4xx_HAL_Driver/Src/stm32g4xx_hal_i2c.o
 .text.I2C_Flush_TXDR
                0x08002736       0x48 ./Drivers/STM32G4xx_HAL_Driver/Src/stm32g4xx_hal_i2c.o
 .text.I2C_DMAAbort
                0x0800277e       0x3c ./Drivers/STM32G4xx_HAL_Driver/Src/stm32g4xx_hal_i2c.o
 *fill*         0x080027ba        0x2 
 .text.I2C_TransferConfig
                0x080027bc       0x64 ./Drivers/STM32G4xx_HAL_Driver/Src/stm32g4xx_hal_i2c.o
 .text.I2C_Enable_IRQ
                0x08002820      0x108 ./Drivers/STM32G4xx_HAL_Driver/Src/stm32g4xx_hal_i2c.o
 .text.I2C_Disable_IRQ
                0x08002928       0xbc ./Drivers/STM32G4xx_HAL_Driver/Src/stm32g4xx_hal_i2c.o
 .text.HAL_I2CEx_ConfigAnalogFilter
                0x080029e4       0x96 ./Drivers/STM32G4xx_HAL_Driver/Src/stm32g4xx_hal_i2c_ex.o
                0x080029e4                HAL_I2CEx_ConfigAnalogFilter
 .text.HAL_I2CEx_ConfigDigitalFilter
                0x08002a7a       0x98 ./Drivers/STM32G4xx_HAL_Driver/Src/stm32g4xx_hal_i2c_ex.o
                0x08002a7a                HAL_I2CEx_ConfigDigitalFilter
 .text.HAL_PCD_Init
                0x08002b12      0x19c ./Drivers/STM32G4xx_HAL_Driver/Src/stm32g4xx_hal_pcd.o
                0x08002b12                HAL_PCD_Init
 .text.HAL_PCD_Start
                0x08002cae       0x44 ./Drivers/STM32G4xx_HAL_Driver/Src/stm32g4xx_hal_pcd.o
                0x08002cae                HAL_PCD_Start
 .text.HAL_PCD_IRQHandler
                0x08002cf2      0x24e ./Drivers/STM32G4xx_HAL_Driver/Src/stm32g4xx_hal_pcd.o
                0x08002cf2                HAL_PCD_IRQHandler
 .text.HAL_PCD_SetAddress
                0x08002f40       0x48 ./Drivers/STM32G4xx_HAL_Driver/Src/stm32g4xx_hal_pcd.o
                0x08002f40                HAL_PCD_SetAddress
 .text.HAL_PCD_EP_Open
                0x08002f88       0xbe ./Drivers/STM32G4xx_HAL_Driver/Src/stm32g4xx_hal_pcd.o
                0x08002f88                HAL_PCD_EP_Open
 .text.HAL_PCD_EP_Close
                0x08003046       0x90 ./Drivers/STM32G4xx_HAL_Driver/Src/stm32g4xx_hal_pcd.o
                0x08003046                HAL_PCD_EP_Close
 .text.HAL_PCD_EP_Receive
                0x080030d6       0x62 ./Drivers/STM32G4xx_HAL_Driver/Src/stm32g4xx_hal_pcd.o
                0x080030d6                HAL_PCD_EP_Receive
 .text.HAL_PCD_EP_GetRxCount
                0x08003138       0x30 ./Drivers/STM32G4xx_HAL_Driver/Src/stm32g4xx_hal_pcd.o
                0x08003138                HAL_PCD_EP_GetRxCount
 .text.HAL_PCD_EP_Transmit
                0x08003168       0x6e ./Drivers/STM32G4xx_HAL_Driver/Src/stm32g4xx_hal_pcd.o
                0x08003168                HAL_PCD_EP_Transmit
 .text.HAL_PCD_EP_SetStall
                0x080031d6       0xa4 ./Drivers/STM32G4xx_HAL_Driver/Src/stm32g4xx_hal_pcd.o
                0x080031d6                HAL_PCD_EP_SetStall
 .text.HAL_PCD_EP_ClrStall
                0x0800327a       0xa8 ./Drivers/STM32G4xx_HAL_Driver/Src/stm32g4xx_hal_pcd.o
                0x0800327a                HAL_PCD_EP_ClrStall
 .text.PCD_EP_ISR_Handler
                0x08003322      0x68e ./Drivers/STM32G4xx_HAL_Driver/Src/stm32g4xx_hal_pcd.o
 .text.HAL_PCD_EP_DB_Receive
                0x080039b0      0x212 ./Drivers/STM32G4xx_HAL_Driver/Src/stm32g4xx_hal_pcd.o
 .text.HAL_PCD_EP_DB_Transmit
                0x08003bc2      0x878 ./Drivers/STM32G4xx_HAL_Driver/Src/stm32g4xx_hal_pcd.o
 .text.HAL_PCDEx_PMAConfig
                0x0800443a       0x86 ./Drivers/STM32G4xx_HAL_Driver/Src/stm32g4xx_hal_pcd_ex.o
                0x0800443a                HAL_PCDEx_PMAConfig
 .text.HAL_PCDEx_ActivateLPM
                0x080044c0       0x54 ./Drivers/STM32G4xx_HAL_Driver/Src/stm32g4xx_hal_pcd_ex.o
                0x080044c0                HAL_PCDEx_ActivateLPM
 .text.HAL_PWREx_ControlVoltageScaling
                0x08004514      0x148 ./Drivers/STM32G4xx_HAL_Driver/Src/stm32g4xx_hal_pwr_ex.o
                0x08004514                HAL_PWREx_ControlVoltageScaling
 .text.HAL_PWREx_DisableUCPDDeadBattery
                0x0800465c       0x20 ./Drivers/STM32G4xx_HAL_Driver/Src/stm32g4xx_hal_pwr_ex.o
                0x0800465c                HAL_PWREx_DisableUCPDDeadBattery
 .text.HAL_RCC_OscConfig
                0x0800467c      0x624 ./Drivers/STM32G4xx_HAL_Driver/Src/stm32g4xx_hal_rcc.o
                0x0800467c                HAL_RCC_OscConfig
 .text.HAL_RCC_ClockConfig
                0x08004ca0      0x278 ./Drivers/STM32G4xx_HAL_Driver/Src/stm32g4xx_hal_rcc.o
                0x08004ca0                HAL_RCC_ClockConfig
 .text.HAL_RCC_GetSysClockFreq
                0x08004f18       0xc4 ./Drivers/STM32G4xx_HAL_Driver/Src/stm32g4xx_hal_rcc.o
                0x08004f18                HAL_RCC_GetSysClockFreq
 .text.RCC_GetSysClockFreqFromPLLSource
                0x08004fdc       0x8c ./Drivers/STM32G4xx_HAL_Driver/Src/stm32g4xx_hal_rcc.o
 .text.HAL_RCCEx_PeriphCLKConfig
                0x08005068      0x3e0 ./Drivers/STM32G4xx_HAL_Driver/Src/stm32g4xx_hal_rcc_ex.o
                0x08005068                HAL_RCCEx_PeriphCLKConfig
 .text.HAL_TIM_PWM_Init
                0x08005448       0xae ./Drivers/STM32G4xx_HAL_Driver/Src/stm32g4xx_hal_tim.o
                0x08005448                HAL_TIM_PWM_Init
 *fill*         0x080054f6        0x2 
 .text.HAL_TIM_PWM_ConfigChannel
                0x080054f8      0x228 ./Drivers/STM32G4xx_HAL_Driver/Src/stm32g4xx_hal_tim.o
                0x080054f8                HAL_TIM_PWM_ConfigChannel
 .text.TIM_Base_SetConfig
                0x08005720      0x138 ./Drivers/STM32G4xx_HAL_Driver/Src/stm32g4xx_hal_tim.o
                0x08005720                TIM_Base_SetConfig
 .text.TIM_OC1_SetConfig
                0x08005858      0x120 ./Drivers/STM32G4xx_HAL_Driver/Src/stm32g4xx_hal_tim.o
 .text.TIM_OC2_SetConfig
                0x08005978      0x114 ./Drivers/STM32G4xx_HAL_Driver/Src/stm32g4xx_hal_tim.o
                0x08005978                TIM_OC2_SetConfig
 .text.TIM_OC3_SetConfig
                0x08005a8c      0x110 ./Drivers/STM32G4xx_HAL_Driver/Src/stm32g4xx_hal_tim.o
 .text.TIM_OC4_SetConfig
                0x08005b9c      0x114 ./Drivers/STM32G4xx_HAL_Driver/Src/stm32g4xx_hal_tim.o
 .text.TIM_OC5_SetConfig
                0x08005cb0       0xc8 ./Drivers/STM32G4xx_HAL_Driver/Src/stm32g4xx_hal_tim.o
 .text.TIM_OC6_SetConfig
                0x08005d78       0xcc ./Drivers/STM32G4xx_HAL_Driver/Src/stm32g4xx_hal_tim.o
 .text.HAL_TIMEx_MasterConfigSynchronization
                0x08005e44      0x104 ./Drivers/STM32G4xx_HAL_Driver/Src/stm32g4xx_hal_tim_ex.o
                0x08005e44                HAL_TIMEx_MasterConfigSynchronization
 .text.USB_EnableGlobalInt
                0x08005f48       0x2e ./Drivers/STM32G4xx_HAL_Driver/Src/stm32g4xx_ll_usb.o
                0x08005f48                USB_EnableGlobalInt
 .text.USB_DisableGlobalInt
                0x08005f76       0x36 ./Drivers/STM32G4xx_HAL_Driver/Src/stm32g4xx_ll_usb.o
                0x08005f76                USB_DisableGlobalInt
 .text.USB_DevInit
                0x08005fac       0x3c ./Drivers/STM32G4xx_HAL_Driver/Src/stm32g4xx_ll_usb.o
                0x08005fac                USB_DevInit
 .text.USB_ActivateEndpoint
                0x08005fe8      0x9d0 ./Drivers/STM32G4xx_HAL_Driver/Src/stm32g4xx_ll_usb.o
                0x08005fe8                USB_ActivateEndpoint
 .text.USB_DeactivateEndpoint
                0x080069b8      0x3da ./Drivers/STM32G4xx_HAL_Driver/Src/stm32g4xx_ll_usb.o
                0x080069b8                USB_DeactivateEndpoint
 .text.USB_EPStartXfer
                0x08006d92      0xb5e ./Drivers/STM32G4xx_HAL_Driver/Src/stm32g4xx_ll_usb.o
                0x08006d92                USB_EPStartXfer
 .text.USB_EPSetStall
                0x080078f0       0xa2 ./Drivers/STM32G4xx_HAL_Driver/Src/stm32g4xx_ll_usb.o
                0x080078f0                USB_EPSetStall
 .text.USB_EPClearStall
                0x08007992      0x152 ./Drivers/STM32G4xx_HAL_Driver/Src/stm32g4xx_ll_usb.o
                0x08007992                USB_EPClearStall
 .text.USB_SetDevAddress
                0x08007ae4       0x28 ./Drivers/STM32G4xx_HAL_Driver/Src/stm32g4xx_ll_usb.o
                0x08007ae4                USB_SetDevAddress
 .text.USB_DevConnect
                0x08007b0c       0x2e ./Drivers/STM32G4xx_HAL_Driver/Src/stm32g4xx_ll_usb.o
                0x08007b0c                USB_DevConnect
 .text.USB_ReadInterrupts
                0x08007b3a       0x20 ./Drivers/STM32G4xx_HAL_Driver/Src/stm32g4xx_ll_usb.o
                0x08007b3a                USB_ReadInterrupts
 .text.USB_WritePMA
                0x08007b5a       0x86 ./Drivers/STM32G4xx_HAL_Driver/Src/stm32g4xx_ll_usb.o
                0x08007b5a                USB_WritePMA
 .text.USB_ReadPMA
                0x08007be0       0x98 ./Drivers/STM32G4xx_HAL_Driver/Src/stm32g4xx_ll_usb.o
                0x08007be0                USB_ReadPMA
 .text.USBD_CDC_Init
                0x08007c78       0xfe ./Middlewares/ST/STM32_USB_Device_Library/Class/CDC/Src/usbd_cdc.o
 .text.USBD_CDC_DeInit
                0x08007d76       0x74 ./Middlewares/ST/STM32_USB_Device_Library/Class/CDC/Src/usbd_cdc.o
 *fill*         0x08007dea        0x2 
 .text.USBD_CDC_Setup
                0x08007dec      0x190 ./Middlewares/ST/STM32_USB_Device_Library/Class/CDC/Src/usbd_cdc.o
 .text.USBD_CDC_DataIn
                0x08007f7c       0xca ./Middlewares/ST/STM32_USB_Device_Library/Class/CDC/Src/usbd_cdc.o
 .text.USBD_CDC_DataOut
                0x08008046       0x56 ./Middlewares/ST/STM32_USB_Device_Library/Class/CDC/Src/usbd_cdc.o
 .text.USBD_CDC_EP0_RxReady
                0x0800809c       0x58 ./Middlewares/ST/STM32_USB_Device_Library/Class/CDC/Src/usbd_cdc.o
 .text.USBD_CDC_GetFSCfgDesc
                0x080080f4       0x20 ./Middlewares/ST/STM32_USB_Device_Library/Class/CDC/Src/usbd_cdc.o
 .text.USBD_CDC_GetHSCfgDesc
                0x08008114       0x20 ./Middlewares/ST/STM32_USB_Device_Library/Class/CDC/Src/usbd_cdc.o
 .text.USBD_CDC_GetOtherSpeedCfgDesc
                0x08008134       0x20 ./Middlewares/ST/STM32_USB_Device_Library/Class/CDC/Src/usbd_cdc.o
 .text.USBD_CDC_GetDeviceQualifierDescriptor
                0x08008154       0x20 ./Middlewares/ST/STM32_USB_Device_Library/Class/CDC/Src/usbd_cdc.o
                0x08008154                USBD_CDC_GetDeviceQualifierDescriptor
 .text.USBD_CDC_RegisterInterface
                0x08008174       0x2a ./Middlewares/ST/STM32_USB_Device_Library/Class/CDC/Src/usbd_cdc.o
                0x08008174                USBD_CDC_RegisterInterface
 .text.USBD_CDC_SetTxBuffer
                0x0800819e       0x3c ./Middlewares/ST/STM32_USB_Device_Library/Class/CDC/Src/usbd_cdc.o
                0x0800819e                USBD_CDC_SetTxBuffer
 .text.USBD_CDC_SetRxBuffer
                0x080081da       0x32 ./Middlewares/ST/STM32_USB_Device_Library/Class/CDC/Src/usbd_cdc.o
                0x080081da                USBD_CDC_SetRxBuffer
 .text.USBD_CDC_ReceivePacket
                0x0800820c       0x54 ./Middlewares/ST/STM32_USB_Device_Library/Class/CDC/Src/usbd_cdc.o
                0x0800820c                USBD_CDC_ReceivePacket
 .text.USBD_Init
                0x08008260       0x60 ./Middlewares/ST/STM32_USB_Device_Library/Core/Src/usbd_core.o
                0x08008260                USBD_Init
 .text.USBD_RegisterClass
                0x080082c0       0x4e ./Middlewares/ST/STM32_USB_Device_Library/Core/Src/usbd_core.o
                0x080082c0                USBD_RegisterClass
 .text.USBD_Start
                0x0800830e       0x18 ./Middlewares/ST/STM32_USB_Device_Library/Core/Src/usbd_core.o
                0x0800830e                USBD_Start
 .text.USBD_RunTestMode
                0x08008326       0x16 ./Middlewares/ST/STM32_USB_Device_Library/Core/Src/usbd_core.o
                0x08008326                USBD_RunTestMode
 .text.USBD_SetClassConfig
                0x0800833c       0x38 ./Middlewares/ST/STM32_USB_Device_Library/Core/Src/usbd_core.o
                0x0800833c                USBD_SetClassConfig
 .text.USBD_ClrClassConfig
                0x08008374       0x30 ./Middlewares/ST/STM32_USB_Device_Library/Core/Src/usbd_core.o
                0x08008374                USBD_ClrClassConfig
 .text.USBD_LL_SetupStage
                0x080083a4       0xaa ./Middlewares/ST/STM32_USB_Device_Library/Core/Src/usbd_core.o
                0x080083a4                USBD_LL_SetupStage
 .text.USBD_LL_DataOutStage
                0x0800844e       0xc6 ./Middlewares/ST/STM32_USB_Device_Library/Core/Src/usbd_core.o
                0x0800844e                USBD_LL_DataOutStage
 .text.USBD_LL_DataInStage
                0x08008514      0x12c ./Middlewares/ST/STM32_USB_Device_Library/Core/Src/usbd_core.o
                0x08008514                USBD_LL_DataInStage
 .text.USBD_LL_Reset
                0x08008640       0x9c ./Middlewares/ST/STM32_USB_Device_Library/Core/Src/usbd_core.o
                0x08008640                USBD_LL_Reset
 .text.USBD_LL_SetSpeed
                0x080086dc       0x20 ./Middlewares/ST/STM32_USB_Device_Library/Core/Src/usbd_core.o
                0x080086dc                USBD_LL_SetSpeed
 .text.USBD_LL_Suspend
                0x080086fc       0x2c ./Middlewares/ST/STM32_USB_Device_Library/Core/Src/usbd_core.o
                0x080086fc                USBD_LL_Suspend
 .text.USBD_LL_Resume
                0x08008728       0x30 ./Middlewares/ST/STM32_USB_Device_Library/Core/Src/usbd_core.o
                0x08008728                USBD_LL_Resume
 .text.USBD_LL_SOF
                0x08008758       0x44 ./Middlewares/ST/STM32_USB_Device_Library/Core/Src/usbd_core.o
                0x08008758                USBD_LL_SOF
 .text.SWAPBYTE
                0x0800879c       0x3e ./Middlewares/ST/STM32_USB_Device_Library/Core/Src/usbd_ctlreq.o
 *fill*         0x080087da        0x2 
 .text.USBD_StdDevReq
                0x080087dc       0xdc ./Middlewares/ST/STM32_USB_Device_Library/Core/Src/usbd_ctlreq.o
                0x080087dc                USBD_StdDevReq
 .text.USBD_StdItfReq
                0x080088b8       0x92 ./Middlewares/ST/STM32_USB_Device_Library/Core/Src/usbd_ctlreq.o
                0x080088b8                USBD_StdItfReq
 .text.USBD_StdEPReq
                0x0800894a      0x2c4 ./Middlewares/ST/STM32_USB_Device_Library/Core/Src/usbd_ctlreq.o
                0x0800894a                USBD_StdEPReq
 *fill*         0x08008c0e        0x2 
 .text.USBD_GetDescriptor
                0x08008c10      0x328 ./Middlewares/ST/STM32_USB_Device_Library/Core/Src/usbd_ctlreq.o
 .text.USBD_SetAddress
                0x08008f38       0x88 ./Middlewares/ST/STM32_USB_Device_Library/Core/Src/usbd_ctlreq.o
 .text.USBD_SetConfig
                0x08008fc0      0x14c ./Middlewares/ST/STM32_USB_Device_Library/Core/Src/usbd_ctlreq.o
 .text.USBD_GetConfig
                0x0800910c       0x6c ./Middlewares/ST/STM32_USB_Device_Library/Core/Src/usbd_ctlreq.o
 .text.USBD_GetStatus
                0x08009178       0x68 ./Middlewares/ST/STM32_USB_Device_Library/Core/Src/usbd_ctlreq.o
 .text.USBD_SetFeature
                0x080091e0       0x28 ./Middlewares/ST/STM32_USB_Device_Library/Core/Src/usbd_ctlreq.o
 .text.USBD_ClrFeature
                0x08009208       0x44 ./Middlewares/ST/STM32_USB_Device_Library/Core/Src/usbd_ctlreq.o
 .text.USBD_ParseSetupRequest
                0x0800924c       0x74 ./Middlewares/ST/STM32_USB_Device_Library/Core/Src/usbd_ctlreq.o
                0x0800924c                USBD_ParseSetupRequest
 .text.USBD_CtlError
                0x080092c0       0x22 ./Middlewares/ST/STM32_USB_Device_Library/Core/Src/usbd_ctlreq.o
                0x080092c0                USBD_CtlError
 .text.USBD_GetString
                0x080092e2       0x8c ./Middlewares/ST/STM32_USB_Device_Library/Core/Src/usbd_ctlreq.o
                0x080092e2                USBD_GetString
 .text.USBD_GetLen
                0x0800936e       0x34 ./Middlewares/ST/STM32_USB_Device_Library/Core/Src/usbd_ctlreq.o
 .text.USBD_CtlSendData
                0x080093a2       0x36 ./Middlewares/ST/STM32_USB_Device_Library/Core/Src/usbd_ioreq.o
                0x080093a2                USBD_CtlSendData
 .text.USBD_CtlContinueSendData
                0x080093d8       0x22 ./Middlewares/ST/STM32_USB_Device_Library/Core/Src/usbd_ioreq.o
                0x080093d8                USBD_CtlContinueSendData
 .text.USBD_CtlPrepareRx
                0x080093fa       0x3a ./Middlewares/ST/STM32_USB_Device_Library/Core/Src/usbd_ioreq.o
                0x080093fa                USBD_CtlPrepareRx
 .text.USBD_CtlContinueRx
                0x08009434       0x22 ./Middlewares/ST/STM32_USB_Device_Library/Core/Src/usbd_ioreq.o
                0x08009434                USBD_CtlContinueRx
 .text.USBD_CtlSendStatus
                0x08009456       0x26 ./Middlewares/ST/STM32_USB_Device_Library/Core/Src/usbd_ioreq.o
                0x08009456                USBD_CtlSendStatus
 .text.USBD_CtlReceiveStatus
                0x0800947c       0x26 ./Middlewares/ST/STM32_USB_Device_Library/Core/Src/usbd_ioreq.o
                0x0800947c                USBD_CtlReceiveStatus
 *fill*         0x080094a2        0x2 
 .text.MX_USB_Device_Init
                0x080094a4       0x60 ./USB_Device/App/usb_device.o
                0x080094a4                MX_USB_Device_Init
 .text.CDC_Init_FS
                0x08009504       0x28 ./USB_Device/App/usbd_cdc_if.o
 .text.CDC_DeInit_FS
                0x0800952c       0x10 ./USB_Device/App/usbd_cdc_if.o
 .text.CDC_Control_FS
                0x0800953c       0xbc ./USB_Device/App/usbd_cdc_if.o
 .text.CDC_Receive_FS
                0x080095f8       0x28 ./USB_Device/App/usbd_cdc_if.o
 .text.CDC_TransmitCplt_FS
                0x08009620       0x22 ./USB_Device/App/usbd_cdc_if.o
 *fill*         0x08009642        0x2 
 .text.USBD_CDC_DeviceDescriptor
                0x08009644       0x24 ./USB_Device/App/usbd_desc.o
                0x08009644                USBD_CDC_DeviceDescriptor
 .text.USBD_CDC_LangIDStrDescriptor
                0x08009668       0x24 ./USB_Device/App/usbd_desc.o
                0x08009668                USBD_CDC_LangIDStrDescriptor
 .text.USBD_CDC_ProductStrDescriptor
                0x0800968c       0x3c ./USB_Device/App/usbd_desc.o
                0x0800968c                USBD_CDC_ProductStrDescriptor
 .text.USBD_CDC_ManufacturerStrDescriptor
                0x080096c8       0x28 ./USB_Device/App/usbd_desc.o
                0x080096c8                USBD_CDC_ManufacturerStrDescriptor
 .text.USBD_CDC_SerialStrDescriptor
                0x080096f0       0x24 ./USB_Device/App/usbd_desc.o
                0x080096f0                USBD_CDC_SerialStrDescriptor
 .text.USBD_CDC_ConfigStrDescriptor
                0x08009714       0x3c ./USB_Device/App/usbd_desc.o
                0x08009714                USBD_CDC_ConfigStrDescriptor
 .text.USBD_CDC_InterfaceStrDescriptor
                0x08009750       0x3c ./USB_Device/App/usbd_desc.o
                0x08009750                USBD_CDC_InterfaceStrDescriptor
 .text.Get_SerialNum
                0x0800978c       0x58 ./USB_Device/App/usbd_desc.o
 .text.IntToUnicode
                0x080097e4       0x7e ./USB_Device/App/usbd_desc.o
 *fill*         0x08009862        0x2 
 .text.HAL_PCD_MspInit
                0x08009864       0x78 ./USB_Device/Target/usbd_conf.o
                0x08009864                HAL_PCD_MspInit
 .text.HAL_PCD_SetupStageCallback
                0x080098dc       0x24 ./USB_Device/Target/usbd_conf.o
                0x080098dc                HAL_PCD_SetupStageCallback
 .text.HAL_PCD_DataOutStageCallback
                0x08009900       0x36 ./USB_Device/Target/usbd_conf.o
                0x08009900                HAL_PCD_DataOutStageCallback
 .text.HAL_PCD_DataInStageCallback
                0x08009936       0x34 ./USB_Device/Target/usbd_conf.o
                0x08009936                HAL_PCD_DataInStageCallback
 .text.HAL_PCD_SOFCallback
                0x0800996a       0x1c ./USB_Device/Target/usbd_conf.o
                0x0800996a                HAL_PCD_SOFCallback
 .text.HAL_PCD_ResetCallback
                0x08009986       0x3c ./USB_Device/Target/usbd_conf.o
                0x08009986                HAL_PCD_ResetCallback
 *fill*         0x080099c2        0x2 
 .text.HAL_PCD_SuspendCallback
                0x080099c4       0x34 ./USB_Device/Target/usbd_conf.o
                0x080099c4                HAL_PCD_SuspendCallback
 .text.HAL_PCD_ResumeCallback
                0x080099f8       0x38 ./USB_Device/Target/usbd_conf.o
                0x080099f8                HAL_PCD_ResumeCallback
 .text.USBD_LL_Init
                0x08009a30       0xc0 ./USB_Device/Target/usbd_conf.o
                0x08009a30                USBD_LL_Init
 .text.USBD_LL_Start
                0x08009af0       0x36 ./USB_Device/Target/usbd_conf.o
                0x08009af0                USBD_LL_Start
 .text.USBD_LL_OpenEP
                0x08009b26       0x4c ./USB_Device/Target/usbd_conf.o
                0x08009b26                USBD_LL_OpenEP
 .text.USBD_LL_CloseEP
                0x08009b72       0x3e ./USB_Device/Target/usbd_conf.o
                0x08009b72                USBD_LL_CloseEP
 .text.USBD_LL_StallEP
                0x08009bb0       0x3e ./USB_Device/Target/usbd_conf.o
                0x08009bb0                USBD_LL_StallEP
 .text.USBD_LL_ClearStallEP
                0x08009bee       0x3e ./USB_Device/Target/usbd_conf.o
                0x08009bee                USBD_LL_ClearStallEP
 .text.USBD_LL_IsStallEP
                0x08009c2c       0x58 ./USB_Device/Target/usbd_conf.o
                0x08009c2c                USBD_LL_IsStallEP
 .text.USBD_LL_SetUSBAddress
                0x08009c84       0x3e ./USB_Device/Target/usbd_conf.o
                0x08009c84                USBD_LL_SetUSBAddress
 .text.USBD_LL_Transmit
                0x08009cc2       0x42 ./USB_Device/Target/usbd_conf.o
                0x08009cc2                USBD_LL_Transmit
 .text.USBD_LL_PrepareReceive
                0x08009d04       0x42 ./USB_Device/Target/usbd_conf.o
                0x08009d04                USBD_LL_PrepareReceive
 .text.USBD_LL_GetRxDataSize
                0x08009d46       0x26 ./USB_Device/Target/usbd_conf.o
                0x08009d46                USBD_LL_GetRxDataSize
 .text.HAL_PCDEx_LPM_Callback
                0x08009d6c       0x6c ./USB_Device/Target/usbd_conf.o
                0x08009d6c                HAL_PCDEx_LPM_Callback
 .text.USBD_static_malloc
                0x08009dd8       0x1c ./USB_Device/Target/usbd_conf.o
                0x08009dd8                USBD_static_malloc
 .text.USBD_static_free
                0x08009df4       0x14 ./USB_Device/Target/usbd_conf.o
                0x08009df4                USBD_static_free
 .text.SystemClockConfig_Resume
                0x08009e08        0xc ./USB_Device/Target/usbd_conf.o
 .text.USBD_Get_USB_Status
                0x08009e14       0x58 ./USB_Device/Target/usbd_conf.o
 .text.memset   0x08009e6c       0x10 C:/ST/STM32CubeIDE_1.16.1/STM32CubeIDE/plugins/com.st.stm32cube.ide.mcu.externaltools.gnu-tools-for-stm32.13.3.rel1.win32_1.0.0.202411081344/tools/bin/../lib/gcc/arm-none-eabi/13.3.1/../../../../arm-none-eabi/lib/thumb/v7e-m+fp/hard\libc_nano.a(libc_a-memset.o)
                0x08009e6c                memset
 .text.__libc_init_array
                0x08009e7c       0x48 C:/ST/STM32CubeIDE_1.16.1/STM32CubeIDE/plugins/com.st.stm32cube.ide.mcu.externaltools.gnu-tools-for-stm32.13.3.rel1.win32_1.0.0.202411081344/tools/bin/../lib/gcc/arm-none-eabi/13.3.1/../../../../arm-none-eabi/lib/thumb/v7e-m+fp/hard\libc_nano.a(libc_a-init.o)
                0x08009e7c                __libc_init_array
 *(.glue_7)
 .glue_7        0x08009ec4        0x0 linker stubs
 *(.glue_7t)
 .glue_7t       0x08009ec4        0x0 linker stubs
 *(.eh_frame)
 .eh_frame      0x08009ec4        0x0 C:/ST/STM32CubeIDE_1.16.1/STM32CubeIDE/plugins/com.st.stm32cube.ide.mcu.externaltools.gnu-tools-for-stm32.13.3.rel1.win32_1.0.0.202411081344/tools/bin/../lib/gcc/arm-none-eabi/13.3.1/thumb/v7e-m+fp/hard/crtbegin.o
 *(.init)
 .init          0x08009ec4        0x4 C:/ST/STM32CubeIDE_1.16.1/STM32CubeIDE/plugins/com.st.stm32cube.ide.mcu.externaltools.gnu-tools-for-stm32.13.3.rel1.win32_1.0.0.202411081344/tools/bin/../lib/gcc/arm-none-eabi/13.3.1/thumb/v7e-m+fp/hard/crti.o
                0x08009ec4                _init
 .init          0x08009ec8        0x8 C:/ST/STM32CubeIDE_1.16.1/STM32CubeIDE/plugins/com.st.stm32cube.ide.mcu.externaltools.gnu-tools-for-stm32.13.3.rel1.win32_1.0.0.202411081344/tools/bin/../lib/gcc/arm-none-eabi/13.3.1/thumb/v7e-m+fp/hard/crtn.o
 *(.fini)
 .fini          0x08009ed0        0x4 C:/ST/STM32CubeIDE_1.16.1/STM32CubeIDE/plugins/com.st.stm32cube.ide.mcu.externaltools.gnu-tools-for-stm32.13.3.rel1.win32_1.0.0.202411081344/tools/bin/../lib/gcc/arm-none-eabi/13.3.1/thumb/v7e-m+fp/hard/crti.o
                0x08009ed0                _fini
 .fini          0x08009ed4        0x8 C:/ST/STM32CubeIDE_1.16.1/STM32CubeIDE/plugins/com.st.stm32cube.ide.mcu.externaltools.gnu-tools-for-stm32.13.3.rel1.win32_1.0.0.202411081344/tools/bin/../lib/gcc/arm-none-eabi/13.3.1/thumb/v7e-m+fp/hard/crtn.o
                0x08009edc                        . = ALIGN (0x4)
                0x08009edc                        _etext = .

.vfp11_veneer   0x08009edc        0x0
 .vfp11_veneer  0x08009edc        0x0 linker stubs

.v4_bx          0x08009edc        0x0
 .v4_bx         0x08009edc        0x0 linker stubs

.iplt           0x08009edc        0x0
 .iplt          0x08009edc        0x0 C:/ST/STM32CubeIDE_1.16.1/STM32CubeIDE/plugins/com.st.stm32cube.ide.mcu.externaltools.gnu-tools-for-stm32.13.3.rel1.win32_1.0.0.202411081344/tools/bin/../lib/gcc/arm-none-eabi/13.3.1/thumb/v7e-m+fp/hard/crtbegin.o

.rodata         0x08009edc       0x58
                0x08009edc                        . = ALIGN (0x4)
 *(.rodata)
 .rodata        0x08009edc       0x46 ./USB_Device/App/usbd_desc.o
 *(.rodata*)
 *fill*         0x08009f22        0x2 
 .rodata.AHBPrescTable
                0x08009f24       0x10 ./Core/Src/system_stm32g4xx.o
                0x08009f24                AHBPrescTable
                0x08009f34                        . = ALIGN (0x4)

.ARM.extab      0x08009f34        0x0
                0x08009f34                        . = ALIGN (0x4)
 *(.ARM.extab* .gnu.linkonce.armextab.*)
                0x08009f34                        . = ALIGN (0x4)

.ARM            0x08009f34        0x0
                0x08009f34                        . = ALIGN (0x4)
                0x08009f34                        __exidx_start = .
 *(.ARM.exidx*)
                0x08009f34                        __exidx_end = .
                0x08009f34                        . = ALIGN (0x4)

.preinit_array  0x08009f34        0x0
                0x08009f34                        . = ALIGN (0x4)
                0x08009f34                        PROVIDE (__preinit_array_start = .)
 *(.preinit_array*)
                0x08009f34                        PROVIDE (__preinit_array_end = .)
                0x08009f34                        . = ALIGN (0x4)

.init_array     0x08009f34        0x4
                0x08009f34                        . = ALIGN (0x4)
                0x08009f34                        PROVIDE (__init_array_start = .)
 *(SORT_BY_NAME(.init_array.*))
 *(.init_array*)
 .init_array    0x08009f34        0x4 C:/ST/STM32CubeIDE_1.16.1/STM32CubeIDE/plugins/com.st.stm32cube.ide.mcu.externaltools.gnu-tools-for-stm32.13.3.rel1.win32_1.0.0.202411081344/tools/bin/../lib/gcc/arm-none-eabi/13.3.1/thumb/v7e-m+fp/hard/crtbegin.o
                0x08009f38                        PROVIDE (__init_array_end = .)
                0x08009f38                        . = ALIGN (0x4)

.fini_array     0x08009f38        0x4
                0x08009f38                        . = ALIGN (0x4)
                [!provide]                        PROVIDE (__fini_array_start = .)
 *(SORT_BY_NAME(.fini_array.*))
 *(.fini_array*)
 .fini_array    0x08009f38        0x4 C:/ST/STM32CubeIDE_1.16.1/STM32CubeIDE/plugins/com.st.stm32cube.ide.mcu.externaltools.gnu-tools-for-stm32.13.3.rel1.win32_1.0.0.202411081344/tools/bin/../lib/gcc/arm-none-eabi/13.3.1/thumb/v7e-m+fp/hard/crtbegin.o
                [!provide]                        PROVIDE (__fini_array_end = .)
                0x08009f3c                        . = ALIGN (0x4)
                0x08009f3c                        _sidata = LOADADDR (.data)

.rel.dyn        0x08009f3c        0x0
 .rel.iplt      0x08009f3c        0x0 C:/ST/STM32CubeIDE_1.16.1/STM32CubeIDE/plugins/com.st.stm32cube.ide.mcu.externaltools.gnu-tools-for-stm32.13.3.rel1.win32_1.0.0.202411081344/tools/bin/../lib/gcc/arm-none-eabi/13.3.1/thumb/v7e-m+fp/hard/crtbegin.o

.data           0x20000000      0x184 load address 0x08009f3c
                0x20000000                        . = ALIGN (0x4)
                0x20000000                        _sdata = .
 *(.data)
 *(.data*)
 .data.SystemCoreClock
                0x20000000        0x4 ./Core/Src/system_stm32g4xx.o
                0x20000000                SystemCoreClock
 .data.uwTickPrio
                0x20000004        0x4 ./Drivers/STM32G4xx_HAL_Driver/Src/stm32g4xx_hal.o
                0x20000004                uwTickPrio
 .data.uwTickFreq
                0x20000008        0x4 ./Drivers/STM32G4xx_HAL_Driver/Src/stm32g4xx_hal.o
                0x20000008                uwTickFreq
 .data.USBD_CDC_DeviceQualifierDesc
                0x2000000c        0xa ./Middlewares/ST/STM32_USB_Device_Library/Class/CDC/Src/usbd_cdc.o
 *fill*         0x20000016        0x2 
 .data.USBD_CDC
                0x20000018       0x38 ./Middlewares/ST/STM32_USB_Device_Library/Class/CDC/Src/usbd_cdc.o
                0x20000018                USBD_CDC
 .data.USBD_CDC_CfgHSDesc
                0x20000050       0x43 ./Middlewares/ST/STM32_USB_Device_Library/Class/CDC/Src/usbd_cdc.o
 *fill*         0x20000093        0x1 
 .data.USBD_CDC_CfgFSDesc
                0x20000094       0x43 ./Middlewares/ST/STM32_USB_Device_Library/Class/CDC/Src/usbd_cdc.o
 *fill*         0x200000d7        0x1 
 .data.USBD_CDC_OtherSpeedCfgDesc
                0x200000d8       0x43 ./Middlewares/ST/STM32_USB_Device_Library/Class/CDC/Src/usbd_cdc.o
 *fill*         0x2000011b        0x1 
 .data.USBD_Interface_fops_FS
                0x2000011c       0x14 ./USB_Device/App/usbd_cdc_if.o
                0x2000011c                USBD_Interface_fops_FS
 .data.CDC_Desc
                0x20000130       0x20 ./USB_Device/App/usbd_desc.o
                0x20000130                CDC_Desc
 .data.USBD_CDC_DeviceDesc
                0x20000150       0x12 ./USB_Device/App/usbd_desc.o
                0x20000150                USBD_CDC_DeviceDesc
 *fill*         0x20000162        0x2 
 .data.USBD_LangIDDesc
                0x20000164        0x4 ./USB_Device/App/usbd_desc.o
                0x20000164                USBD_LangIDDesc
 .data.USBD_StringSerial
                0x20000168       0x1a ./USB_Device/App/usbd_desc.o
                0x20000168                USBD_StringSerial
 *(.RamFunc)
 *(.RamFunc*)
                0x20000184                        . = ALIGN (0x4)
 *fill*         0x20000182        0x2 
                0x20000184                        _edata = .

.igot.plt       0x20000184        0x0 load address 0x0800a0c0
 .igot.plt      0x20000184        0x0 C:/ST/STM32CubeIDE_1.16.1/STM32CubeIDE/plugins/com.st.stm32cube.ide.mcu.externaltools.gnu-tools-for-stm32.13.3.rel1.win32_1.0.0.202411081344/tools/bin/../lib/gcc/arm-none-eabi/13.3.1/thumb/v7e-m+fp/hard/crtbegin.o
                0x20000184                        . = ALIGN (0x4)

.bss            0x20000184     0x12ac load address 0x0800a0c0
                0x20000184                        _sbss = .
                0x20000184                        __bss_start__ = _sbss
 *(.bss)
 .bss           0x20000184       0x1c C:/ST/STM32CubeIDE_1.16.1/STM32CubeIDE/plugins/com.st.stm32cube.ide.mcu.externaltools.gnu-tools-for-stm32.13.3.rel1.win32_1.0.0.202411081344/tools/bin/../lib/gcc/arm-none-eabi/13.3.1/thumb/v7e-m+fp/hard/crtbegin.o
 *(.bss*)
 .bss.I2C_REGISTERS
                0x200001a0        0xa ./Core/Src/i2c_slave.o
                0x200001a0                I2C_REGISTERS
 *fill*         0x200001aa        0x2 
 .bss.RxData    0x200001ac        0x2 ./Core/Src/i2c_slave.o
                0x200001ac                RxData
 .bss.rxcount   0x200001ae        0x1 ./Core/Src/i2c_slave.o
                0x200001ae                rxcount
 .bss.txcount   0x200001af        0x1 ./Core/Src/i2c_slave.o
                0x200001af                txcount
 .bss.startPosition
                0x200001b0        0x1 ./Core/Src/i2c_slave.o
                0x200001b0                startPosition
 *fill*         0x200001b1        0x3 
 .bss.is_first_recvd
                0x200001b4        0x4 ./Core/Src/i2c_slave.o
                0x200001b4                is_first_recvd
 .bss.countAddr
                0x200001b8        0x4 ./Core/Src/i2c_slave.o
                0x200001b8                countAddr
 .bss.hi2c2     0x200001bc       0x54 ./Core/Src/main.o
                0x200001bc                hi2c2
 .bss.htim2     0x20000210       0x4c ./Core/Src/main.o
                0x20000210                htim2
 .bss.uwTick    0x2000025c        0x4 ./Drivers/STM32G4xx_HAL_Driver/Src/stm32g4xx_hal.o
                0x2000025c                uwTick
 .bss.cfgidx.0  0x20000260        0x1 ./Middlewares/ST/STM32_USB_Device_Library/Core/Src/usbd_ctlreq.o
 *fill*         0x20000261        0x3 
 .bss.hUsbDeviceFS
                0x20000264      0x2d0 ./USB_Device/App/usb_device.o
                0x20000264                hUsbDeviceFS
 .bss.UserRxBufferFS
                0x20000534      0x400 ./USB_Device/App/usbd_cdc_if.o
                0x20000534                UserRxBufferFS
 .bss.UserTxBufferFS
                0x20000934      0x400 ./USB_Device/App/usbd_cdc_if.o
                0x20000934                UserTxBufferFS
 .bss.USBD_StrDesc
                0x20000d34      0x200 ./USB_Device/App/usbd_desc.o
                0x20000d34                USBD_StrDesc
 .bss.hpcd_USB_FS
                0x20000f34      0x2dc ./USB_Device/Target/usbd_conf.o
                0x20000f34                hpcd_USB_FS
 .bss.mem.0     0x20001210      0x220 ./USB_Device/Target/usbd_conf.o
 *(COMMON)
                0x20001430                        . = ALIGN (0x4)
                0x20001430                        _ebss = .
                0x20001430                        __bss_end__ = _ebss

._user_heap_stack
                0x20001430      0x600 load address 0x0800a0c0
                0x20001430                        . = ALIGN (0x8)
                [!provide]                        PROVIDE (end = .)
                0x20001430                        PROVIDE (_end = .)
                0x20001630                        . = (. + _Min_Heap_Size)
 *fill*         0x20001430      0x200 
                0x20001a30                        . = (. + _Min_Stack_Size)
 *fill*         0x20001630      0x400 
                0x20001a30                        . = ALIGN (0x8)

/DISCARD/
 libc.a(*)
 libm.a(*)
 libgcc.a(*)

.ARM.attributes
                0x00000000       0x30
 *(.ARM.attributes)
 .ARM.attributes
                0x00000000       0x22 C:/ST/STM32CubeIDE_1.16.1/STM32CubeIDE/plugins/com.st.stm32cube.ide.mcu.externaltools.gnu-tools-for-stm32.13.3.rel1.win32_1.0.0.202411081344/tools/bin/../lib/gcc/arm-none-eabi/13.3.1/thumb/v7e-m+fp/hard/crti.o
 .ARM.attributes
                0x00000022       0x34 C:/ST/STM32CubeIDE_1.16.1/STM32CubeIDE/plugins/com.st.stm32cube.ide.mcu.externaltools.gnu-tools-for-stm32.13.3.rel1.win32_1.0.0.202411081344/tools/bin/../lib/gcc/arm-none-eabi/13.3.1/thumb/v7e-m+fp/hard/crtbegin.o
 .ARM.attributes
                0x00000056       0x34 ./Core/Src/i2c_slave.o
 .ARM.attributes
                0x0000008a       0x34 ./Core/Src/main.o
 .ARM.attributes
                0x000000be       0x34 ./Core/Src/stm32g4xx_hal_msp.o
 .ARM.attributes
                0x000000f2       0x34 ./Core/Src/stm32g4xx_it.o
 .ARM.attributes
                0x00000126       0x34 ./Core/Src/system_stm32g4xx.o
 .ARM.attributes
                0x0000015a       0x21 ./Core/Startup/startup_stm32g431kbtx.o
 .ARM.attributes
                0x0000017b       0x34 ./Drivers/STM32G4xx_HAL_Driver/Src/stm32g4xx_hal.o
 .ARM.attributes
                0x000001af       0x34 ./Drivers/STM32G4xx_HAL_Driver/Src/stm32g4xx_hal_cortex.o
 .ARM.attributes
                0x000001e3       0x34 ./Drivers/STM32G4xx_HAL_Driver/Src/stm32g4xx_hal_dma.o
 .ARM.attributes
                0x00000217       0x34 ./Drivers/STM32G4xx_HAL_Driver/Src/stm32g4xx_hal_gpio.o
 .ARM.attributes
                0x0000024b       0x34 ./Drivers/STM32G4xx_HAL_Driver/Src/stm32g4xx_hal_i2c.o
 .ARM.attributes
                0x0000027f       0x34 ./Drivers/STM32G4xx_HAL_Driver/Src/stm32g4xx_hal_i2c_ex.o
 .ARM.attributes
                0x000002b3       0x34 ./Drivers/STM32G4xx_HAL_Driver/Src/stm32g4xx_hal_pcd.o
 .ARM.attributes
                0x000002e7       0x34 ./Drivers/STM32G4xx_HAL_Driver/Src/stm32g4xx_hal_pcd_ex.o
 .ARM.attributes
                0x0000031b       0x34 ./Drivers/STM32G4xx_HAL_Driver/Src/stm32g4xx_hal_pwr_ex.o
 .ARM.attributes
                0x0000034f       0x34 ./Drivers/STM32G4xx_HAL_Driver/Src/stm32g4xx_hal_rcc.o
 .ARM.attributes
                0x00000383       0x34 ./Drivers/STM32G4xx_HAL_Driver/Src/stm32g4xx_hal_rcc_ex.o
 .ARM.attributes
                0x000003b7       0x34 ./Drivers/STM32G4xx_HAL_Driver/Src/stm32g4xx_hal_tim.o
 .ARM.attributes
                0x000003eb       0x34 ./Drivers/STM32G4xx_HAL_Driver/Src/stm32g4xx_hal_tim_ex.o
 .ARM.attributes
                0x0000041f       0x34 ./Drivers/STM32G4xx_HAL_Driver/Src/stm32g4xx_ll_usb.o
 .ARM.attributes
                0x00000453       0x34 ./Middlewares/ST/STM32_USB_Device_Library/Class/CDC/Src/usbd_cdc.o
 .ARM.attributes
                0x00000487       0x34 ./Middlewares/ST/STM32_USB_Device_Library/Core/Src/usbd_core.o
 .ARM.attributes
                0x000004bb       0x34 ./Middlewares/ST/STM32_USB_Device_Library/Core/Src/usbd_ctlreq.o
 .ARM.attributes
                0x000004ef       0x34 ./Middlewares/ST/STM32_USB_Device_Library/Core/Src/usbd_ioreq.o
 .ARM.attributes
                0x00000523       0x34 ./USB_Device/App/usb_device.o
 .ARM.attributes
                0x00000557       0x34 ./USB_Device/App/usbd_cdc_if.o
 .ARM.attributes
                0x0000058b       0x34 ./USB_Device/App/usbd_desc.o
 .ARM.attributes
                0x000005bf       0x34 ./USB_Device/Target/usbd_conf.o
 .ARM.attributes
                0x000005f3       0x34 C:/ST/STM32CubeIDE_1.16.1/STM32CubeIDE/plugins/com.st.stm32cube.ide.mcu.externaltools.gnu-tools-for-stm32.13.3.rel1.win32_1.0.0.202411081344/tools/bin/../lib/gcc/arm-none-eabi/13.3.1/../../../../arm-none-eabi/lib/thumb/v7e-m+fp/hard\libc_nano.a(libc_a-memset.o)
 .ARM.attributes
                0x00000627       0x34 C:/ST/STM32CubeIDE_1.16.1/STM32CubeIDE/plugins/com.st.stm32cube.ide.mcu.externaltools.gnu-tools-for-stm32.13.3.rel1.win32_1.0.0.202411081344/tools/bin/../lib/gcc/arm-none-eabi/13.3.1/../../../../arm-none-eabi/lib/thumb/v7e-m+fp/hard\libc_nano.a(libc_a-init.o)
 .ARM.attributes
                0x0000065b       0x22 C:/ST/STM32CubeIDE_1.16.1/STM32CubeIDE/plugins/com.st.stm32cube.ide.mcu.externaltools.gnu-tools-for-stm32.13.3.rel1.win32_1.0.0.202411081344/tools/bin/../lib/gcc/arm-none-eabi/13.3.1/thumb/v7e-m+fp/hard/crtn.o
OUTPUT(Torpedo Controller.elf elf32-littlearm)
LOAD linker stubs
LOAD C:/ST/STM32CubeIDE_1.16.1/STM32CubeIDE/plugins/com.st.stm32cube.ide.mcu.externaltools.gnu-tools-for-stm32.13.3.rel1.win32_1.0.0.202411081344/tools/bin/../lib/gcc/arm-none-eabi/13.3.1/../../../../arm-none-eabi/lib/thumb/v7e-m+fp/hard\libc.a
LOAD C:/ST/STM32CubeIDE_1.16.1/STM32CubeIDE/plugins/com.st.stm32cube.ide.mcu.externaltools.gnu-tools-for-stm32.13.3.rel1.win32_1.0.0.202411081344/tools/bin/../lib/gcc/arm-none-eabi/13.3.1/../../../../arm-none-eabi/lib/thumb/v7e-m+fp/hard\libm.a
LOAD C:/ST/STM32CubeIDE_1.16.1/STM32CubeIDE/plugins/com.st.stm32cube.ide.mcu.externaltools.gnu-tools-for-stm32.13.3.rel1.win32_1.0.0.202411081344/tools/bin/../lib/gcc/arm-none-eabi/13.3.1/thumb/v7e-m+fp/hard\libgcc.a

.debug_info     0x00000000    0x194d6
 .debug_info    0x00000000      0xaa9 ./Core/Src/i2c_slave.o
 .debug_info    0x00000aa9     0x132a ./Core/Src/main.o
 .debug_info    0x00001dd3     0x135a ./Core/Src/stm32g4xx_hal_msp.o
 .debug_info    0x0000312d      0xc9b ./Core/Src/stm32g4xx_it.o
 .debug_info    0x00003dc8      0x58e ./Core/Src/system_stm32g4xx.o
 .debug_info    0x00004356       0x30 ./Core/Startup/startup_stm32g431kbtx.o
 .debug_info    0x00004386      0xadb ./Drivers/STM32G4xx_HAL_Driver/Src/stm32g4xx_hal.o
 .debug_info    0x00004e61      0xd3f ./Drivers/STM32G4xx_HAL_Driver/Src/stm32g4xx_hal_cortex.o
 .debug_info    0x00005ba0      0x85f ./Drivers/STM32G4xx_HAL_Driver/Src/stm32g4xx_hal_dma.o
 .debug_info    0x000063ff      0x763 ./Drivers/STM32G4xx_HAL_Driver/Src/stm32g4xx_hal_gpio.o
 .debug_info    0x00006b62     0x21ea ./Drivers/STM32G4xx_HAL_Driver/Src/stm32g4xx_hal_i2c.o
 .debug_info    0x00008d4c      0xad6 ./Drivers/STM32G4xx_HAL_Driver/Src/stm32g4xx_hal_i2c_ex.o
 .debug_info    0x00009822     0x1610 ./Drivers/STM32G4xx_HAL_Driver/Src/stm32g4xx_hal_pcd.o
 .debug_info    0x0000ae32      0x80a ./Drivers/STM32G4xx_HAL_Driver/Src/stm32g4xx_hal_pcd_ex.o
 .debug_info    0x0000b63c      0x93f ./Drivers/STM32G4xx_HAL_Driver/Src/stm32g4xx_hal_pwr_ex.o
 .debug_info    0x0000bf7b      0xb82 ./Drivers/STM32G4xx_HAL_Driver/Src/stm32g4xx_hal_rcc.o
 .debug_info    0x0000cafd      0xc15 ./Drivers/STM32G4xx_HAL_Driver/Src/stm32g4xx_hal_rcc_ex.o
 .debug_info    0x0000d712     0x2c52 ./Drivers/STM32G4xx_HAL_Driver/Src/stm32g4xx_hal_tim.o
 .debug_info    0x00010364     0x1d95 ./Drivers/STM32G4xx_HAL_Driver/Src/stm32g4xx_hal_tim_ex.o
 .debug_info    0x000120f9     0x1577 ./Drivers/STM32G4xx_HAL_Driver/Src/stm32g4xx_ll_usb.o
 .debug_info    0x00013670     0x1124 ./Middlewares/ST/STM32_USB_Device_Library/Class/CDC/Src/usbd_cdc.o
 .debug_info    0x00014794      0xb1b ./Middlewares/ST/STM32_USB_Device_Library/Core/Src/usbd_core.o
 .debug_info    0x000152af      0xa57 ./Middlewares/ST/STM32_USB_Device_Library/Core/Src/usbd_ctlreq.o
 .debug_info    0x00015d06      0x720 ./Middlewares/ST/STM32_USB_Device_Library/Core/Src/usbd_ioreq.o
 .debug_info    0x00016426      0x6d7 ./USB_Device/App/usb_device.o
 .debug_info    0x00016afd      0x8be ./USB_Device/App/usbd_cdc_if.o
 .debug_info    0x000173bb      0x45f ./USB_Device/App/usbd_desc.o
 .debug_info    0x0001781a     0x1cbc ./USB_Device/Target/usbd_conf.o

.debug_abbrev   0x00000000     0x3e2c
 .debug_abbrev  0x00000000      0x1e7 ./Core/Src/i2c_slave.o
 .debug_abbrev  0x000001e7      0x302 ./Core/Src/main.o
 .debug_abbrev  0x000004e9      0x252 ./Core/Src/stm32g4xx_hal_msp.o
 .debug_abbrev  0x0000073b      0x1bd ./Core/Src/stm32g4xx_it.o
 .debug_abbrev  0x000008f8      0x11a ./Core/Src/system_stm32g4xx.o
 .debug_abbrev  0x00000a12       0x24 ./Core/Startup/startup_stm32g431kbtx.o
 .debug_abbrev  0x00000a36      0x271 ./Drivers/STM32G4xx_HAL_Driver/Src/stm32g4xx_hal.o
 .debug_abbrev  0x00000ca7      0x31c ./Drivers/STM32G4xx_HAL_Driver/Src/stm32g4xx_hal_cortex.o
 .debug_abbrev  0x00000fc3      0x1e2 ./Drivers/STM32G4xx_HAL_Driver/Src/stm32g4xx_hal_dma.o
 .debug_abbrev  0x000011a5      0x1cb ./Drivers/STM32G4xx_HAL_Driver/Src/stm32g4xx_hal_gpio.o
 .debug_abbrev  0x00001370      0x25e ./Drivers/STM32G4xx_HAL_Driver/Src/stm32g4xx_hal_i2c.o
 .debug_abbrev  0x000015ce      0x1c0 ./Drivers/STM32G4xx_HAL_Driver/Src/stm32g4xx_hal_i2c_ex.o
 .debug_abbrev  0x0000178e      0x2b9 ./Drivers/STM32G4xx_HAL_Driver/Src/stm32g4xx_hal_pcd.o
 .debug_abbrev  0x00001a47      0x228 ./Drivers/STM32G4xx_HAL_Driver/Src/stm32g4xx_hal_pcd_ex.o
 .debug_abbrev  0x00001c6f      0x22c ./Drivers/STM32G4xx_HAL_Driver/Src/stm32g4xx_hal_pwr_ex.o
 .debug_abbrev  0x00001e9b      0x2c9 ./Drivers/STM32G4xx_HAL_Driver/Src/stm32g4xx_hal_rcc.o
 .debug_abbrev  0x00002164      0x258 ./Drivers/STM32G4xx_HAL_Driver/Src/stm32g4xx_hal_rcc_ex.o
 .debug_abbrev  0x000023bc      0x2a7 ./Drivers/STM32G4xx_HAL_Driver/Src/stm32g4xx_hal_tim.o
 .debug_abbrev  0x00002663      0x2c5 ./Drivers/STM32G4xx_HAL_Driver/Src/stm32g4xx_hal_tim_ex.o
 .debug_abbrev  0x00002928      0x247 ./Drivers/STM32G4xx_HAL_Driver/Src/stm32g4xx_ll_usb.o
 .debug_abbrev  0x00002b6f      0x2bc ./Middlewares/ST/STM32_USB_Device_Library/Class/CDC/Src/usbd_cdc.o
 .debug_abbrev  0x00002e2b      0x24f ./Middlewares/ST/STM32_USB_Device_Library/Core/Src/usbd_core.o
 .debug_abbrev  0x0000307a      0x27e ./Middlewares/ST/STM32_USB_Device_Library/Core/Src/usbd_ctlreq.o
 .debug_abbrev  0x000032f8      0x1a9 ./Middlewares/ST/STM32_USB_Device_Library/Core/Src/usbd_ioreq.o
 .debug_abbrev  0x000034a1      0x1a4 ./USB_Device/App/usb_device.o
 .debug_abbrev  0x00003645      0x2ad ./USB_Device/App/usbd_cdc_if.o
 .debug_abbrev  0x000038f2      0x20e ./USB_Device/App/usbd_desc.o
 .debug_abbrev  0x00003b00      0x32c ./USB_Device/Target/usbd_conf.o

.debug_aranges  0x00000000     0x16f0
 .debug_aranges
                0x00000000       0x48 ./Core/Src/i2c_slave.o
 .debug_aranges
                0x00000048       0x48 ./Core/Src/main.o
 .debug_aranges
                0x00000090       0x48 ./Core/Src/stm32g4xx_hal_msp.o
 .debug_aranges
                0x000000d8       0x78 ./Core/Src/stm32g4xx_it.o
 .debug_aranges
                0x00000150       0x28 ./Core/Src/system_stm32g4xx.o
 .debug_aranges
                0x00000178       0x28 ./Core/Startup/startup_stm32g431kbtx.o
 .debug_aranges
                0x000001a0      0x148 ./Drivers/STM32G4xx_HAL_Driver/Src/stm32g4xx_hal.o
 .debug_aranges
                0x000002e8      0x128 ./Drivers/STM32G4xx_HAL_Driver/Src/stm32g4xx_hal_cortex.o
 .debug_aranges
                0x00000410       0x90 ./Drivers/STM32G4xx_HAL_Driver/Src/stm32g4xx_hal_dma.o
 .debug_aranges
                0x000004a0       0x58 ./Drivers/STM32G4xx_HAL_Driver/Src/stm32g4xx_hal_gpio.o
 .debug_aranges
                0x000004f8      0x2a0 ./Drivers/STM32G4xx_HAL_Driver/Src/stm32g4xx_hal_i2c.o
 .debug_aranges
                0x00000798       0x48 ./Drivers/STM32G4xx_HAL_Driver/Src/stm32g4xx_hal_i2c_ex.o
 .debug_aranges
                0x000007e0      0x138 ./Drivers/STM32G4xx_HAL_Driver/Src/stm32g4xx_hal_pcd.o
 .debug_aranges
                0x00000918       0x58 ./Drivers/STM32G4xx_HAL_Driver/Src/stm32g4xx_hal_pcd_ex.o
 .debug_aranges
                0x00000970      0x140 ./Drivers/STM32G4xx_HAL_Driver/Src/stm32g4xx_hal_pwr_ex.o
 .debug_aranges
                0x00000ab0       0x98 ./Drivers/STM32G4xx_HAL_Driver/Src/stm32g4xx_hal_rcc.o
 .debug_aranges
                0x00000b48       0xb0 ./Drivers/STM32G4xx_HAL_Driver/Src/stm32g4xx_hal_rcc_ex.o
 .debug_aranges
                0x00000bf8      0x3e0 ./Drivers/STM32G4xx_HAL_Driver/Src/stm32g4xx_hal_tim.o
 .debug_aranges
                0x00000fd8      0x240 ./Drivers/STM32G4xx_HAL_Driver/Src/stm32g4xx_hal_tim_ex.o
 .debug_aranges
                0x00001218       0xc8 ./Drivers/STM32G4xx_HAL_Driver/Src/stm32g4xx_ll_usb.o
 .debug_aranges
                0x000012e0       0x90 ./Middlewares/ST/STM32_USB_Device_Library/Class/CDC/Src/usbd_cdc.o
 .debug_aranges
                0x00001370       0xb8 ./Middlewares/ST/STM32_USB_Device_Library/Core/Src/usbd_core.o
 .debug_aranges
                0x00001428       0x90 ./Middlewares/ST/STM32_USB_Device_Library/Core/Src/usbd_ctlreq.o
 .debug_aranges
                0x000014b8       0x50 ./Middlewares/ST/STM32_USB_Device_Library/Core/Src/usbd_ioreq.o
 .debug_aranges
                0x00001508       0x20 ./USB_Device/App/usb_device.o
 .debug_aranges
                0x00001528       0x48 ./USB_Device/App/usbd_cdc_if.o
 .debug_aranges
                0x00001570       0x60 ./USB_Device/App/usbd_desc.o
 .debug_aranges
                0x000015d0      0x120 ./USB_Device/Target/usbd_conf.o

.debug_rnglists
                0x00000000     0x1193
 .debug_rnglists
                0x00000000       0x32 ./Core/Src/i2c_slave.o
 .debug_rnglists
                0x00000032       0x35 ./Core/Src/main.o
 .debug_rnglists
                0x00000067       0x32 ./Core/Src/stm32g4xx_hal_msp.o
 .debug_rnglists
                0x00000099       0x55 ./Core/Src/stm32g4xx_it.o
 .debug_rnglists
                0x000000ee       0x1a ./Core/Src/system_stm32g4xx.o
 .debug_rnglists
                0x00000108       0x19 ./Core/Startup/startup_stm32g431kbtx.o
 .debug_rnglists
                0x00000121       0xf1 ./Drivers/STM32G4xx_HAL_Driver/Src/stm32g4xx_hal.o
 .debug_rnglists
                0x00000212       0xda ./Drivers/STM32G4xx_HAL_Driver/Src/stm32g4xx_hal_cortex.o
 .debug_rnglists
                0x000002ec       0x71 ./Drivers/STM32G4xx_HAL_Driver/Src/stm32g4xx_hal_dma.o
 .debug_rnglists
                0x0000035d       0x3f ./Drivers/STM32G4xx_HAL_Driver/Src/stm32g4xx_hal_gpio.o
 .debug_rnglists
                0x0000039c      0x228 ./Drivers/STM32G4xx_HAL_Driver/Src/stm32g4xx_hal_i2c.o
 .debug_rnglists
                0x000005c4       0x35 ./Drivers/STM32G4xx_HAL_Driver/Src/stm32g4xx_hal_i2c_ex.o
 .debug_rnglists
                0x000005f9       0xee ./Drivers/STM32G4xx_HAL_Driver/Src/stm32g4xx_hal_pcd.o
 .debug_rnglists
                0x000006e7       0x3f ./Drivers/STM32G4xx_HAL_Driver/Src/stm32g4xx_hal_pcd_ex.o
 .debug_rnglists
                0x00000726       0xf1 ./Drivers/STM32G4xx_HAL_Driver/Src/stm32g4xx_hal_pwr_ex.o
 .debug_rnglists
                0x00000817       0x74 ./Drivers/STM32G4xx_HAL_Driver/Src/stm32g4xx_hal_rcc.o
 .debug_rnglists
                0x0000088b       0x87 ./Drivers/STM32G4xx_HAL_Driver/Src/stm32g4xx_hal_rcc_ex.o
 .debug_rnglists
                0x00000912      0x328 ./Drivers/STM32G4xx_HAL_Driver/Src/stm32g4xx_hal_tim.o
 .debug_rnglists
                0x00000c3a      0x1cc ./Drivers/STM32G4xx_HAL_Driver/Src/stm32g4xx_hal_tim_ex.o
 .debug_rnglists
                0x00000e06       0x99 ./Drivers/STM32G4xx_HAL_Driver/Src/stm32g4xx_ll_usb.o
 .debug_rnglists
                0x00000e9f       0x6a ./Middlewares/ST/STM32_USB_Device_Library/Class/CDC/Src/usbd_cdc.o
 .debug_rnglists
                0x00000f09       0x89 ./Middlewares/ST/STM32_USB_Device_Library/Core/Src/usbd_core.o
 .debug_rnglists
                0x00000f92       0x6e ./Middlewares/ST/STM32_USB_Device_Library/Core/Src/usbd_ctlreq.o
 .debug_rnglists
                0x00001000       0x37 ./Middlewares/ST/STM32_USB_Device_Library/Core/Src/usbd_ioreq.o
 .debug_rnglists
                0x00001037       0x13 ./USB_Device/App/usb_device.o
 .debug_rnglists
                0x0000104a       0x32 ./USB_Device/App/usbd_cdc_if.o
 .debug_rnglists
                0x0000107c       0x43 ./USB_Device/App/usbd_desc.o
 .debug_rnglists
                0x000010bf       0xd4 ./USB_Device/Target/usbd_conf.o

.debug_macro    0x00000000    0x20fd1
 .debug_macro   0x00000000      0x20b ./Core/Src/i2c_slave.o
 .debug_macro   0x0000020b      0xad8 ./Core/Src/i2c_slave.o
 .debug_macro   0x00000ce3      0x161 ./Core/Src/i2c_slave.o
 .debug_macro   0x00000e44       0x2e ./Core/Src/i2c_slave.o
 .debug_macro   0x00000e72       0x28 ./Core/Src/i2c_slave.o
 .debug_macro   0x00000e9a       0x22 ./Core/Src/i2c_slave.o
 .debug_macro   0x00000ebc       0x8e ./Core/Src/i2c_slave.o
 .debug_macro   0x00000f4a       0x51 ./Core/Src/i2c_slave.o
 .debug_macro   0x00000f9b      0x103 ./Core/Src/i2c_slave.o
 .debug_macro   0x0000109e       0x6a ./Core/Src/i2c_slave.o
 .debug_macro   0x00001108      0x1df ./Core/Src/i2c_slave.o
 .debug_macro   0x000012e7       0x1c ./Core/Src/i2c_slave.o
 .debug_macro   0x00001303       0x22 ./Core/Src/i2c_slave.o
 .debug_macro   0x00001325       0xfb ./Core/Src/i2c_slave.o
 .debug_macro   0x00001420     0x1011 ./Core/Src/i2c_slave.o
 .debug_macro   0x00002431      0x11f ./Core/Src/i2c_slave.o
 .debug_macro   0x00002550    0x1138f ./Core/Src/i2c_slave.o
 .debug_macro   0x000138df       0x6d ./Core/Src/i2c_slave.o
 .debug_macro   0x0001394c     0x3558 ./Core/Src/i2c_slave.o
 .debug_macro   0x00016ea4      0x190 ./Core/Src/i2c_slave.o
 .debug_macro   0x00017034       0x5c ./Core/Src/i2c_slave.o
 .debug_macro   0x00017090     0x141d ./Core/Src/i2c_slave.o
 .debug_macro   0x000184ad      0x535 ./Core/Src/i2c_slave.o
 .debug_macro   0x000189e2      0x1b6 ./Core/Src/i2c_slave.o
 .debug_macro   0x00018b98      0x288 ./Core/Src/i2c_slave.o
 .debug_macro   0x00018e20      0x41d ./Core/Src/i2c_slave.o
 .debug_macro   0x0001923d      0x18b ./Core/Src/i2c_slave.o
 .debug_macro   0x000193c8       0x43 ./Core/Src/i2c_slave.o
 .debug_macro   0x0001940b      0x23d ./Core/Src/i2c_slave.o
 .debug_macro   0x00019648      0x211 ./Core/Src/i2c_slave.o
 .debug_macro   0x00019859      0x401 ./Core/Src/i2c_slave.o
 .debug_macro   0x00019c5a      0x107 ./Core/Src/i2c_slave.o
 .debug_macro   0x00019d61      0x22c ./Core/Src/i2c_slave.o
 .debug_macro   0x00019f8d       0x61 ./Core/Src/i2c_slave.o
 .debug_macro   0x00019fee       0xa5 ./Core/Src/i2c_slave.o
 .debug_macro   0x0001a093       0x73 ./Core/Src/i2c_slave.o
 .debug_macro   0x0001a106      0x22d ./Core/Src/i2c_slave.o
 .debug_macro   0x0001a333      0x122 ./Core/Src/i2c_slave.o
 .debug_macro   0x0001a455      0x3d1 ./Core/Src/i2c_slave.o
 .debug_macro   0x0001a826      0xbda ./Core/Src/i2c_slave.o
 .debug_macro   0x0001b400      0x47e ./Core/Src/i2c_slave.o
 .debug_macro   0x0001b87e      0x306 ./Core/Src/i2c_slave.o
 .debug_macro   0x0001bb84      0x365 ./Core/Src/main.o
 .debug_macro   0x0001bee9       0x61 ./Core/Src/main.o
 .debug_macro   0x0001bf4a       0x2a ./Core/Src/main.o
 .debug_macro   0x0001bf74       0x43 ./Core/Src/main.o
 .debug_macro   0x0001bfb7       0x34 ./Core/Src/main.o
 .debug_macro   0x0001bfeb       0x16 ./Core/Src/main.o
 .debug_macro   0x0001c001       0x3c ./Core/Src/main.o
 .debug_macro   0x0001c03d      0x370 ./Core/Src/main.o
 .debug_macro   0x0001c3ad       0x10 ./Core/Src/main.o
 .debug_macro   0x0001c3bd       0x16 ./Core/Src/main.o
 .debug_macro   0x0001c3d3       0x4a ./Core/Src/main.o
 .debug_macro   0x0001c41d       0x34 ./Core/Src/main.o
 .debug_macro   0x0001c451       0x10 ./Core/Src/main.o
 .debug_macro   0x0001c461       0x58 ./Core/Src/main.o
 .debug_macro   0x0001c4b9       0x8e ./Core/Src/main.o
 .debug_macro   0x0001c547       0x1c ./Core/Src/main.o
 .debug_macro   0x0001c563      0x185 ./Core/Src/main.o
 .debug_macro   0x0001c6e8       0x16 ./Core/Src/main.o
 .debug_macro   0x0001c6fe       0x16 ./Core/Src/main.o
 .debug_macro   0x0001c714      0x146 ./Core/Src/main.o
 .debug_macro   0x0001c85a       0x16 ./Core/Src/main.o
 .debug_macro   0x0001c870       0x16 ./Core/Src/main.o
 .debug_macro   0x0001c886       0x29 ./Core/Src/main.o
 .debug_macro   0x0001c8af       0x16 ./Core/Src/main.o
 .debug_macro   0x0001c8c5       0x20 ./Core/Src/main.o
 .debug_macro   0x0001c8e5       0x5f ./Core/Src/main.o
 .debug_macro   0x0001c944      0x1ef ./Core/Src/main.o
 .debug_macro   0x0001cb33      0x201 ./Core/Src/stm32g4xx_hal_msp.o
 .debug_macro   0x0001cd34      0x20b ./Core/Src/stm32g4xx_it.o
 .debug_macro   0x0001cf3f      0x1f7 ./Core/Src/system_stm32g4xx.o
 .debug_macro   0x0001d136      0x245 ./Drivers/STM32G4xx_HAL_Driver/Src/stm32g4xx_hal.o
 .debug_macro   0x0001d37b      0x1f7 ./Drivers/STM32G4xx_HAL_Driver/Src/stm32g4xx_hal_cortex.o
 .debug_macro   0x0001d572      0x1f7 ./Drivers/STM32G4xx_HAL_Driver/Src/stm32g4xx_hal_dma.o
 .debug_macro   0x0001d769      0x1fe ./Drivers/STM32G4xx_HAL_Driver/Src/stm32g4xx_hal_gpio.o
 .debug_macro   0x0001d967      0x2c3 ./Drivers/STM32G4xx_HAL_Driver/Src/stm32g4xx_hal_i2c.o
 .debug_macro   0x0001dc2a      0x1f7 ./Drivers/STM32G4xx_HAL_Driver/Src/stm32g4xx_hal_i2c_ex.o
 .debug_macro   0x0001de21      0x203 ./Drivers/STM32G4xx_HAL_Driver/Src/stm32g4xx_hal_pcd.o
 .debug_macro   0x0001e024      0x1f7 ./Drivers/STM32G4xx_HAL_Driver/Src/stm32g4xx_hal_pcd_ex.o
 .debug_macro   0x0001e21b      0x221 ./Drivers/STM32G4xx_HAL_Driver/Src/stm32g4xx_hal_pwr_ex.o
 .debug_macro   0x0001e43c      0x239 ./Drivers/STM32G4xx_HAL_Driver/Src/stm32g4xx_hal_rcc.o
 .debug_macro   0x0001e675      0x221 ./Drivers/STM32G4xx_HAL_Driver/Src/stm32g4xx_hal_rcc_ex.o
 .debug_macro   0x0001e896      0x1ff ./Drivers/STM32G4xx_HAL_Driver/Src/stm32g4xx_hal_tim.o
 .debug_macro   0x0001ea95      0x1fd ./Drivers/STM32G4xx_HAL_Driver/Src/stm32g4xx_hal_tim_ex.o
 .debug_macro   0x0001ec92      0x1f7 ./Drivers/STM32G4xx_HAL_Driver/Src/stm32g4xx_ll_usb.o
 .debug_macro   0x0001ee89      0x386 ./Middlewares/ST/STM32_USB_Device_Library/Class/CDC/Src/usbd_cdc.o
 .debug_macro   0x0001f20f       0x9e ./Middlewares/ST/STM32_USB_Device_Library/Class/CDC/Src/usbd_cdc.o
 .debug_macro   0x0001f2ad      0x112 ./Middlewares/ST/STM32_USB_Device_Library/Class/CDC/Src/usbd_cdc.o
 .debug_macro   0x0001f3bf       0x56 ./Middlewares/ST/STM32_USB_Device_Library/Class/CDC/Src/usbd_cdc.o
 .debug_macro   0x0001f415       0x95 ./Middlewares/ST/STM32_USB_Device_Library/Class/CDC/Src/usbd_cdc.o
 .debug_macro   0x0001f4aa      0x36d ./Middlewares/ST/STM32_USB_Device_Library/Core/Src/usbd_core.o
 .debug_macro   0x0001f817      0x1f5 ./Middlewares/ST/STM32_USB_Device_Library/Core/Src/usbd_core.o
 .debug_macro   0x0001fa0c      0x377 ./Middlewares/ST/STM32_USB_Device_Library/Core/Src/usbd_ctlreq.o
 .debug_macro   0x0001fd83      0x373 ./Middlewares/ST/STM32_USB_Device_Library/Core/Src/usbd_ioreq.o
 .debug_macro   0x000200f6      0x3ac ./USB_Device/App/usb_device.o
 .debug_macro   0x000204a2       0x22 ./USB_Device/App/usb_device.o
 .debug_macro   0x000204c4       0x16 ./USB_Device/App/usb_device.o
 .debug_macro   0x000204da      0x391 ./USB_Device/App/usbd_cdc_if.o
 .debug_macro   0x0002086b       0x10 ./USB_Device/App/usbd_cdc_if.o
 .debug_macro   0x0002087b      0x3aa ./USB_Device/App/usbd_desc.o
 .debug_macro   0x00020c25       0x1c ./USB_Device/App/usbd_desc.o
 .debug_macro   0x00020c41      0x390 ./USB_Device/Target/usbd_conf.o

.debug_line     0x00000000    0x1c4bb
 .debug_line    0x00000000      0x8d1 ./Core/Src/i2c_slave.o
 .debug_line    0x000008d1      0xb52 ./Core/Src/main.o
 .debug_line    0x00001423      0x87b ./Core/Src/stm32g4xx_hal_msp.o
 .debug_line    0x00001c9e      0x89d ./Core/Src/stm32g4xx_it.o
 .debug_line    0x0000253b      0x813 ./Core/Src/system_stm32g4xx.o
 .debug_line    0x00002d4e       0x7b ./Core/Startup/startup_stm32g431kbtx.o
 .debug_line    0x00002dc9      0xbdf ./Drivers/STM32G4xx_HAL_Driver/Src/stm32g4xx_hal.o
 .debug_line    0x000039a8      0xd44 ./Drivers/STM32G4xx_HAL_Driver/Src/stm32g4xx_hal_cortex.o
 .debug_line    0x000046ec      0xede ./Drivers/STM32G4xx_HAL_Driver/Src/stm32g4xx_hal_dma.o
 .debug_line    0x000055ca      0xbb8 ./Drivers/STM32G4xx_HAL_Driver/Src/stm32g4xx_hal_gpio.o
 .debug_line    0x00006182     0x3773 ./Drivers/STM32G4xx_HAL_Driver/Src/stm32g4xx_hal_i2c.o
 .debug_line    0x000098f5      0x90c ./Drivers/STM32G4xx_HAL_Driver/Src/stm32g4xx_hal_i2c_ex.o
 .debug_line    0x0000a201     0x135e ./Drivers/STM32G4xx_HAL_Driver/Src/stm32g4xx_hal_pcd.o
 .debug_line    0x0000b55f      0x948 ./Drivers/STM32G4xx_HAL_Driver/Src/stm32g4xx_hal_pcd_ex.o
 .debug_line    0x0000bea7      0xd3e ./Drivers/STM32G4xx_HAL_Driver/Src/stm32g4xx_hal_pwr_ex.o
 .debug_line    0x0000cbe5     0x1062 ./Drivers/STM32G4xx_HAL_Driver/Src/stm32g4xx_hal_rcc.o
 .debug_line    0x0000dc47     0x118e ./Drivers/STM32G4xx_HAL_Driver/Src/stm32g4xx_hal_rcc_ex.o
 .debug_line    0x0000edd5     0x3f46 ./Drivers/STM32G4xx_HAL_Driver/Src/stm32g4xx_hal_tim.o
 .debug_line    0x00012d1b     0x2026 ./Drivers/STM32G4xx_HAL_Driver/Src/stm32g4xx_hal_tim_ex.o
 .debug_line    0x00014d41     0x1064 ./Drivers/STM32G4xx_HAL_Driver/Src/stm32g4xx_ll_usb.o
 .debug_line    0x00015da5      0xdd1 ./Middlewares/ST/STM32_USB_Device_Library/Class/CDC/Src/usbd_cdc.o
 .debug_line    0x00016b76      0xe55 ./Middlewares/ST/STM32_USB_Device_Library/Core/Src/usbd_core.o
 .debug_line    0x000179cb     0x10ec ./Middlewares/ST/STM32_USB_Device_Library/Core/Src/usbd_ctlreq.o
 .debug_line    0x00018ab7      0xab4 ./Middlewares/ST/STM32_USB_Device_Library/Core/Src/usbd_ioreq.o
 .debug_line    0x0001956b      0xa80 ./USB_Device/App/usb_device.o
 .debug_line    0x00019feb      0xad3 ./USB_Device/App/usbd_cdc_if.o
 .debug_line    0x0001aabe      0xb29 ./USB_Device/App/usbd_desc.o
 .debug_line    0x0001b5e7      0xed4 ./USB_Device/Target/usbd_conf.o

.debug_str      0x00000000    0xc7a6a
 .debug_str     0x00000000    0xc7a6a ./Core/Src/i2c_slave.o
                              0xbcd6a (size before relaxing)
 .debug_str     0x000c7a6a    0xc16a0 ./Core/Src/main.o
 .debug_str     0x000c7a6a    0xbd717 ./Core/Src/stm32g4xx_hal_msp.o
 .debug_str     0x000c7a6a    0xbcf9e ./Core/Src/stm32g4xx_it.o
 .debug_str     0x000c7a6a    0xbc78b ./Core/Src/system_stm32g4xx.o
 .debug_str     0x000c7a6a       0x8a ./Core/Startup/startup_stm32g431kbtx.o
 .debug_str     0x000c7a6a    0xbd2ca ./Drivers/STM32G4xx_HAL_Driver/Src/stm32g4xx_hal.o
 .debug_str     0x000c7a6a    0xbcf86 ./Drivers/STM32G4xx_HAL_Driver/Src/stm32g4xx_hal_cortex.o
 .debug_str     0x000c7a6a    0xbcb65 ./Drivers/STM32G4xx_HAL_Driver/Src/stm32g4xx_hal_dma.o
 .debug_str     0x000c7a6a    0xbc916 ./Drivers/STM32G4xx_HAL_Driver/Src/stm32g4xx_hal_gpio.o
 .debug_str     0x000c7a6a    0xbda95 ./Drivers/STM32G4xx_HAL_Driver/Src/stm32g4xx_hal_i2c.o
 .debug_str     0x000c7a6a    0xbcdaa ./Drivers/STM32G4xx_HAL_Driver/Src/stm32g4xx_hal_i2c_ex.o
 .debug_str     0x000c7a6a    0xbcf07 ./Drivers/STM32G4xx_HAL_Driver/Src/stm32g4xx_hal_pcd.o
 .debug_str     0x000c7a6a    0xbcb43 ./Drivers/STM32G4xx_HAL_Driver/Src/stm32g4xx_hal_pcd_ex.o
 .debug_str     0x000c7a6a    0xbcc79 ./Drivers/STM32G4xx_HAL_Driver/Src/stm32g4xx_hal_pwr_ex.o
 .debug_str     0x000c7a6a    0xbce84 ./Drivers/STM32G4xx_HAL_Driver/Src/stm32g4xx_hal_rcc.o
 .debug_str     0x000c7a6a    0xbce85 ./Drivers/STM32G4xx_HAL_Driver/Src/stm32g4xx_hal_rcc_ex.o
 .debug_str     0x000c7a6a    0xbdc89 ./Drivers/STM32G4xx_HAL_Driver/Src/stm32g4xx_hal_tim.o
 .debug_str     0x000c7a6a    0xbd8fd ./Drivers/STM32G4xx_HAL_Driver/Src/stm32g4xx_hal_tim_ex.o
 .debug_str     0x000c7a6a    0xbca44 ./Drivers/STM32G4xx_HAL_Driver/Src/stm32g4xx_ll_usb.o
 .debug_str     0x000c7a6a    0xc1662 ./Middlewares/ST/STM32_USB_Device_Library/Class/CDC/Src/usbd_cdc.o
 .debug_str     0x000c7a6a    0xc0f3e ./Middlewares/ST/STM32_USB_Device_Library/Core/Src/usbd_core.o
 .debug_str     0x000c7a6a    0xc0e90 ./Middlewares/ST/STM32_USB_Device_Library/Core/Src/usbd_ctlreq.o
 .debug_str     0x000c7a6a    0xc0d85 ./Middlewares/ST/STM32_USB_Device_Library/Core/Src/usbd_ioreq.o
 .debug_str     0x000c7a6a    0xc1139 ./USB_Device/App/usb_device.o
 .debug_str     0x000c7a6a    0xc1178 ./USB_Device/App/usbd_cdc_if.o
 .debug_str     0x000c7a6a    0xc0c8f ./USB_Device/App/usbd_desc.o
 .debug_str     0x000c7a6a    0xc1ff8 ./USB_Device/Target/usbd_conf.o

.comment        0x00000000       0x43
 .comment       0x00000000       0x43 ./Core/Src/i2c_slave.o
                                 0x44 (size before relaxing)
 .comment       0x00000043       0x44 ./Core/Src/main.o
 .comment       0x00000043       0x44 ./Core/Src/stm32g4xx_hal_msp.o
 .comment       0x00000043       0x44 ./Core/Src/stm32g4xx_it.o
 .comment       0x00000043       0x44 ./Core/Src/system_stm32g4xx.o
 .comment       0x00000043       0x44 ./Drivers/STM32G4xx_HAL_Driver/Src/stm32g4xx_hal.o
 .comment       0x00000043       0x44 ./Drivers/STM32G4xx_HAL_Driver/Src/stm32g4xx_hal_cortex.o
 .comment       0x00000043       0x44 ./Drivers/STM32G4xx_HAL_Driver/Src/stm32g4xx_hal_dma.o
 .comment       0x00000043       0x44 ./Drivers/STM32G4xx_HAL_Driver/Src/stm32g4xx_hal_gpio.o
 .comment       0x00000043       0x44 ./Drivers/STM32G4xx_HAL_Driver/Src/stm32g4xx_hal_i2c.o
 .comment       0x00000043       0x44 ./Drivers/STM32G4xx_HAL_Driver/Src/stm32g4xx_hal_i2c_ex.o
 .comment       0x00000043       0x44 ./Drivers/STM32G4xx_HAL_Driver/Src/stm32g4xx_hal_pcd.o
 .comment       0x00000043       0x44 ./Drivers/STM32G4xx_HAL_Driver/Src/stm32g4xx_hal_pcd_ex.o
 .comment       0x00000043       0x44 ./Drivers/STM32G4xx_HAL_Driver/Src/stm32g4xx_hal_pwr_ex.o
 .comment       0x00000043       0x44 ./Drivers/STM32G4xx_HAL_Driver/Src/stm32g4xx_hal_rcc.o
 .comment       0x00000043       0x44 ./Drivers/STM32G4xx_HAL_Driver/Src/stm32g4xx_hal_rcc_ex.o
 .comment       0x00000043       0x44 ./Drivers/STM32G4xx_HAL_Driver/Src/stm32g4xx_hal_tim.o
 .comment       0x00000043       0x44 ./Drivers/STM32G4xx_HAL_Driver/Src/stm32g4xx_hal_tim_ex.o
 .comment       0x00000043       0x44 ./Drivers/STM32G4xx_HAL_Driver/Src/stm32g4xx_ll_usb.o
 .comment       0x00000043       0x44 ./Middlewares/ST/STM32_USB_Device_Library/Class/CDC/Src/usbd_cdc.o
 .comment       0x00000043       0x44 ./Middlewares/ST/STM32_USB_Device_Library/Core/Src/usbd_core.o
 .comment       0x00000043       0x44 ./Middlewares/ST/STM32_USB_Device_Library/Core/Src/usbd_ctlreq.o
 .comment       0x00000043       0x44 ./Middlewares/ST/STM32_USB_Device_Library/Core/Src/usbd_ioreq.o
 .comment       0x00000043       0x44 ./USB_Device/App/usb_device.o
 .comment       0x00000043       0x44 ./USB_Device/App/usbd_cdc_if.o
 .comment       0x00000043       0x44 ./USB_Device/App/usbd_desc.o
 .comment       0x00000043       0x44 ./USB_Device/Target/usbd_conf.o

.debug_frame    0x00000000     0x5fa8
 .debug_frame   0x00000000       0xe8 ./Core/Src/i2c_slave.o
 .debug_frame   0x000000e8       0xcc ./Core/Src/main.o
 .debug_frame   0x000001b4       0xf0 ./Core/Src/stm32g4xx_hal_msp.o
 .debug_frame   0x000002a4      0x158 ./Core/Src/stm32g4xx_it.o
 .debug_frame   0x000003fc       0x58 ./Core/Src/system_stm32g4xx.o
 .debug_frame   0x00000454      0x500 ./Drivers/STM32G4xx_HAL_Driver/Src/stm32g4xx_hal.o
 .debug_frame   0x00000954      0x4e8 ./Drivers/STM32G4xx_HAL_Driver/Src/stm32g4xx_hal_cortex.o
 .debug_frame   0x00000e3c      0x24c ./Drivers/STM32G4xx_HAL_Driver/Src/stm32g4xx_hal_dma.o
 .debug_frame   0x00001088      0x14c ./Drivers/STM32G4xx_HAL_Driver/Src/stm32g4xx_hal_gpio.o
 .debug_frame   0x000011d4      0xc38 ./Drivers/STM32G4xx_HAL_Driver/Src/stm32g4xx_hal_i2c.o
 .debug_frame   0x00001e0c      0x100 ./Drivers/STM32G4xx_HAL_Driver/Src/stm32g4xx_hal_i2c_ex.o
 .debug_frame   0x00001f0c      0x56c ./Drivers/STM32G4xx_HAL_Driver/Src/stm32g4xx_hal_pcd.o
 .debug_frame   0x00002478      0x14c ./Drivers/STM32G4xx_HAL_Driver/Src/stm32g4xx_hal_pcd_ex.o
 .debug_frame   0x000025c4      0x4fc ./Drivers/STM32G4xx_HAL_Driver/Src/stm32g4xx_hal_pwr_ex.o
 .debug_frame   0x00002ac0      0x23c ./Drivers/STM32G4xx_HAL_Driver/Src/stm32g4xx_hal_rcc.o
 .debug_frame   0x00002cfc      0x2ac ./Drivers/STM32G4xx_HAL_Driver/Src/stm32g4xx_hal_rcc_ex.o
 .debug_frame   0x00002fa8     0x121c ./Drivers/STM32G4xx_HAL_Driver/Src/stm32g4xx_hal_tim.o
 .debug_frame   0x000041c4      0xa68 ./Drivers/STM32G4xx_HAL_Driver/Src/stm32g4xx_hal_tim_ex.o
 .debug_frame   0x00004c2c      0x380 ./Drivers/STM32G4xx_HAL_Driver/Src/stm32g4xx_ll_usb.o
 .debug_frame   0x00004fac      0x248 ./Middlewares/ST/STM32_USB_Device_Library/Class/CDC/Src/usbd_cdc.o
 .debug_frame   0x000051f4      0x2f4 ./Middlewares/ST/STM32_USB_Device_Library/Core/Src/usbd_core.o
 .debug_frame   0x000054e8      0x23c ./Middlewares/ST/STM32_USB_Device_Library/Core/Src/usbd_ctlreq.o
 .debug_frame   0x00005724      0x10c ./Middlewares/ST/STM32_USB_Device_Library/Core/Src/usbd_ioreq.o
 .debug_frame   0x00005830       0x2c ./USB_Device/App/usb_device.o
 .debug_frame   0x0000585c       0xe4 ./USB_Device/App/usbd_cdc_if.o
 .debug_frame   0x00005940      0x160 ./USB_Device/App/usbd_desc.o
 .debug_frame   0x00005aa0      0x4bc ./USB_Device/Target/usbd_conf.o
 .debug_frame   0x00005f5c       0x20 C:/ST/STM32CubeIDE_1.16.1/STM32CubeIDE/plugins/com.st.stm32cube.ide.mcu.externaltools.gnu-tools-for-stm32.13.3.rel1.win32_1.0.0.202411081344/tools/bin/../lib/gcc/arm-none-eabi/13.3.1/../../../../arm-none-eabi/lib/thumb/v7e-m+fp/hard\libc_nano.a(libc_a-memset.o)
 .debug_frame   0x00005f7c       0x2c C:/ST/STM32CubeIDE_1.16.1/STM32CubeIDE/plugins/com.st.stm32cube.ide.mcu.externaltools.gnu-tools-for-stm32.13.3.rel1.win32_1.0.0.202411081344/tools/bin/../lib/gcc/arm-none-eabi/13.3.1/../../../../arm-none-eabi/lib/thumb/v7e-m+fp/hard\libc_nano.a(libc_a-init.o)

.debug_line_str
                0x00000000       0x6e
 .debug_line_str
                0x00000000       0x6e ./Core/Startup/startup_stm32g431kbtx.o
